******************************************************************************
             TMS320C2000 Linker PC v18.12.3                    
******************************************************************************
>> Linked Sat Aug 15 18:44:48 2020

OUTPUT FILE NAME:   <adc_ex1_soc_software.out>
ENTRY POINT SYMBOL: "code_start"  address: 00000000


MEMORY CONFIGURATION

         name            origin    length      used     unused   attr    fill
----------------------  --------  ---------  --------  --------  ----  --------
PAGE 0:
  BEGIN                 00000000   00000002  00000002  00000000  RWIX
  RAMM0                 00000123   000002dd  00000020  000002bd  RWIX
  RAMLS0                00008000   00000800  00000161  0000069f  RWIX
  RAMLS1                00008800   00000800  00000000  00000800  RWIX
  RAMLS2                00009000   00000800  00000000  00000800  RWIX
  RAMLS3                00009800   00000800  00000000  00000800  RWIX
  RAMLS4                0000a000   00000800  00000000  00000800  RWIX
  RAMD0                 0000b000   00000800  00000800  00000000  RWIX
  RESET                 003fffc0   00000002  00000000  00000002  RWIX

PAGE 1:
  BOOT_RSVD             00000002   00000121  00000000  00000121  RWIX
  RAMM1                 00000400   000003f8  000003f8  00000000  RWIX
  RAMLS5                0000a800   00000800  000000d1  0000072f  RWIX
  RAMD1                 0000b800   00000800  00000000  00000800  RWIX
  RAMGS0                0000c000   00001000  00000000  00001000  RWIX
  RAMGS1                0000d000   00001000  00000000  00001000  RWIX
  RAMGS2                0000e000   00001000  00000000  00001000  RWIX
  RAMGS3                0000f000   00001000  00000000  00001000  RWIX
  RAMGS4                00010000   00001000  00000000  00001000  RWIX
  RAMGS5                00011000   00001000  00000000  00001000  RWIX
  RAMGS6                00012000   00001000  00000000  00001000  RWIX
  RAMGS7                00013000   00001000  00000000  00001000  RWIX
  RAMGS8                00014000   00001000  00000000  00001000  RWIX
  RAMGS9                00015000   00001000  00000000  00001000  RWIX
  RAMGS10               00016000   00001000  00000000  00001000  RWIX
  RAMGS11               00017000   00001000  00000000  00001000  RWIX
  RAMGS12               00018000   00001000  00000000  00001000  RWIX
  RAMGS13               00019000   00001000  00000000  00001000  RWIX
  RAMGS14               0001a000   00001000  00000000  00001000  RWIX
  RAMGS15               0001b000   00000ff8  00000000  00000ff8  RWIX
  CPU2TOCPU1RAM         0003f800   00000400  00000000  00000400  RWIX
  CPU1TOCPU2RAM         0003fc00   00000400  00000000  00000400  RWIX
  CANA_MSG_RAM          00049000   00000800  00000000  00000800  RWIX
  CANB_MSG_RAM          0004b000   00000800  00000000  00000800  RWIX


SECTION ALLOCATION MAP

 output                                  attributes/
section   page    origin      length       input sections
--------  ----  ----------  ----------   ----------------
codestart 
*          0    00000000    00000002     
                  00000000    00000002     F2837xD_CodeStartBranch.obj (codestart)

.cinit     0    00000128    0000001c     
                  00000128    0000000a     (.cinit..data.load) [load image, compression = lzss]
                  00000132    00000006     (__TI_handler_table)
                  00000138    00000004     (.cinit..bss.load) [load image, compression = zero_init]
                  0000013c    00000008     (__TI_cinit_table)

.reset     0    003fffc0    00000000     DSECT

.stack     1    00000400    000003f8     UNINITIALIZED
                  00000400    000003f8     --HOLE--

.bss       1    0000a8ce    00000004     UNINITIALIZED
                  0000a8ce    00000004     adc_ex1_soc_software.obj (.bss)

.init_array 
*          0    00000123    00000000     UNINITIALIZED

.const     1    0000a800    000000bd     
                  0000a800    00000060     driverlib_eabi.lib : sysctl.obj (.const:.string)
                  0000a860    0000005d                        : adc.obj (.const:.string)

.data      1    0000a8be    00000010     UNINITIALIZED
                  0000a8be    00000002     rts2800_fpu32_eabi.lib : _lock.c.obj (.data:_lock)
                  0000a8c0    00000006     device.obj (.data)
                  0000a8c6    00000006     rts2800_fpu32_eabi.lib : exit.c.obj (.data)
                  0000a8cc    00000002                            : _lock.c.obj (.data:_unlock)

.TI.ramfunc 
*          0    00000123    00000004     
                  00000123    00000004     driverlib_eabi.lib : sysctl.obj (.TI.ramfunc)

GETBUFFER 
*          0    0003f800    00000000     DSECT

GETWRITEIDX 
*          0    0003f800    00000000     DSECT

PUTREADIDX 
*          0    0003f800    00000000     DSECT

.text.1    0    00008000    00000161     
                  00008000    0000003d     driverlib_eabi.lib : interrupt.obj (.text:Interrupt_initModule)
                  0000803d    0000002b     rts2800_fpu32_eabi.lib : autoinit.c.obj (.text:__TI_auto_init_nobinit_nopinit)
                  00008068    00000029                            : exit.c.obj (.text)
                  00008091    00000020     driverlib_eabi.lib : interrupt.obj (.text:Interrupt_initVectorTable)
                  000080b1    0000001f                        : adc.obj (.text:ADC_isBaseValid)
                  000080d0    0000001d     rts2800_fpu32_eabi.lib : memcpy.c.obj (.text)
                  000080ed    00000017                            : boot28.asm.obj (.text)
                  00008104    0000000e     driverlib_eabi.lib : interrupt.obj (.text:Interrupt_defaultHandler)
                  00008112    0000000d                        : interrupt.obj (.text:Interrupt_disableMaster)
                  0000811f    0000000d     rts2800_fpu32_eabi.lib : copy_zero_init.c.obj (.text:decompress:ZI:__TI_zero_init_nomemset)
                  0000812c    0000000c                            : args_main.c.obj (.text)
                  00008138    0000000b     driverlib_eabi.lib : sysctl.obj (.text:SysCtl_isMCDClockFailureDetected)
                  00008143    00000009                        : sysctl.obj (.text:SysCtl_serviceWatchdog)
                  0000814c    00000009     rts2800_fpu32_eabi.lib : _lock.c.obj (.text)
                  00008155    00000008                            : copy_decompress_none.c.obj (.text:decompress:none)
                  0000815d    00000002     driverlib_eabi.lib : interrupt.obj (.text:Interrupt_nmiHandler)
                  0000815f    00000002     rts2800_fpu32_eabi.lib : pre_init.c.obj (.text)

.text.2    0    0000b000    00000800     
                  0000b000    0000022b     device.obj (.text)
                  0000b22b    0000021f     driverlib_eabi.lib : sysctl.obj (.text:SysCtl_setClock)
                  0000b44a    0000017b     adc_ex1_soc_software.obj (.text)
                  0000b5c5    000000b9     driverlib_eabi.lib : adc.obj (.text:ADC_setMode)
                  0000b67e    00000088     rts2800_fpu32_eabi.lib : fs_div28.asm.obj (.text)
                  0000b706    00000068     driverlib_eabi.lib : sysctl.obj (.text:SysCtl_getDeviceParametric)
                  0000b76e    0000005e                        : sysctl.obj (.text:SysCtl_selectOscSource)
                  0000b7cc    00000031     rts2800_fpu32_eabi.lib : copy_decompress_lzss.c.obj (.text:decompress:lzss)
                  0000b7fd    00000002     driverlib_eabi.lib : interrupt.obj (.text:Interrupt_illegalOperationHandler)
                  0000b7ff    00000001     rts2800_fpu32_eabi.lib : startup.c.obj (.text)

MODULE SUMMARY

       Module                        code   ro data   rw data
       ------                        ----   -------   -------
    .\
       adc_ex1_soc_software.obj      379    0         4      
    +--+-----------------------------+------+---------+---------+
       Total:                        379    0         4      
                                                             
    .\device\
       device.obj                    555    0         6      
       F2837xD_CodeStartBranch.obj   2      0         0      
    +--+-----------------------------+------+---------+---------+
       Total:                        557    0         6      
                                                             
    C:\ti\C2000Ware_3_02_00_00_Software\driverlib\f2837xd\driverlib\ccs\Debug\driverlib_eabi.lib
       sysctl.obj                    765    96        0      
       adc.obj                       216    93        0      
       interrupt.obj                 124    0         0      
    +--+-----------------------------+------+---------+---------+
       Total:                        1105   189       0      
                                                             
    C:\ti\ccs920\ccs\tools\compiler\ti-cgt-c2000_18.12.3.LTS\lib\rts2800_fpu32_eabi.lib
       fs_div28.asm.obj              136    0         0      
       copy_decompress_lzss.c.obj    49     0         0      
       exit.c.obj                    41     0         6      
       autoinit.c.obj                43     0         0      
       memcpy.c.obj                  29     0         0      
       boot28.asm.obj                23     0         0      
       _lock.c.obj                   9      0         4      
       copy_zero_init.c.obj          13     0         0      
       args_main.c.obj               12     0         0      
       copy_decompress_none.c.obj    8      0         0      
       pre_init.c.obj                2      0         0      
       startup.c.obj                 1      0         0      
    +--+-----------------------------+------+---------+---------+
       Total:                        366    0         10     
                                                             
       Stack:                        0      0         1016   
       Linker Generated:             0      28        0      
    +--+-----------------------------+------+---------+---------+
       Grand Total:                  2407   217       1036   


LINKER GENERATED COPY TABLES

__TI_cinit_table @ 0000013c records: 2, size/record: 4, table size: 8
	.data: load addr=00000128, load size=0000000a bytes, run addr=0000a8be, run size=00000010 bytes, compression=lzss
	.bss: load addr=00000138, load size=00000004 bytes, run addr=0000a8ce, run size=00000004 bytes, compression=zero_init


LINKER GENERATED HANDLER TABLE

__TI_handler_table @ 00000132 records: 3, size/record: 2, table size: 6
	index: 0, handler: __TI_zero_init
	index: 1, handler: __TI_decompress_lzss
	index: 2, handler: __TI_decompress_none


GLOBAL DATA SYMBOLS: SORTED BY DATA PAGE

address     data page           name
--------    ----------------    ----
00000400      10 (00000400)     __stack

0000a8be     2a2 (0000a880)     _lock

0000a8c0     2a3 (0000a8c0)     Example_Result
0000a8c2     2a3 (0000a8c0)     Example_PassCount
0000a8c4     2a3 (0000a8c0)     Example_Fail
0000a8c6     2a3 (0000a8c0)     __TI_enable_exit_profile_output
0000a8c8     2a3 (0000a8c0)     __TI_cleanup_ptr
0000a8ca     2a3 (0000a8c0)     __TI_dtors_ptr
0000a8cc     2a3 (0000a8c0)     _unlock
0000a8ce     2a3 (0000a8c0)     adcAResult0
0000a8cf     2a3 (0000a8c0)     adcAResult1
0000a8d0     2a3 (0000a8c0)     adcBResult0
0000a8d1     2a3 (0000a8c0)     adcBResult1


GLOBAL SYMBOLS: SORTED ALPHABETICALLY BY Name 

page  address   name                                     
----  -------   ----                                     
0     0000b5c5  ADC_setMode                              
0     00008068  C$$EXIT                                  
0     0000b1e8  Device_configureTMXAnalogTrim            
0     0000b08c  Device_enableAllPeripherals              
0     0000b1d2  Device_enableUnbondedGPIOPullups         
0     0000b1af  Device_enableUnbondedGPIOPullupsFor100Pin
0     0000b198  Device_enableUnbondedGPIOPullupsFor176Pin
0     0000b06e  Device_init                              
0     0000b177  Device_initGPIO                          
1     0000a8c4  Example_Fail                             
1     0000a8c2  Example_PassCount                        
1     0000a8c0  Example_Result                           
0     0000b22a  Example_done                             
0     0000b225  Example_setResultFail                    
0     0000b220  Example_setResultPass                    
0     00008000  Interrupt_initModule                     
0     00008091  Interrupt_initVectorTable                
0     00000123  SysCtl_delay                             
0     0000b706  SysCtl_getDeviceParametric               
0     0000b76e  SysCtl_selectOscSource                   
0     0000b22b  SysCtl_setClock                          
0     0000013c  __TI_CINIT_Base                          
0     00000144  __TI_CINIT_Limit                         
0     00000132  __TI_Handler_Table_Base                  
0     00000138  __TI_Handler_Table_Limit                 
1     000007f8  __TI_STACK_END                           
abs   000003f8  __TI_STACK_SIZE                          
0     0000803d  __TI_auto_init_nobinit_nopinit           
1     0000a8c8  __TI_cleanup_ptr                         
0     0000b7cc  __TI_decompress_lzss                     
0     00008155  __TI_decompress_none                     
1     0000a8ca  __TI_dtors_ptr                           
1     0000a8c6  __TI_enable_exit_profile_output          
abs   ffffffff  __TI_pprof_out_hndl                      
abs   ffffffff  __TI_prof_data_size                      
abs   ffffffff  __TI_prof_data_start                     
0     0000811f  __TI_zero_init_nomemset                  
0     0000b67e  __c28xabi_divf                           
n/a   UNDEFED   __c_args__                               
0     0000b219  __error__                                
1     00000400  __stack                                  
0     0000812c  _args_main                               
0     000080ed  _c_int00                                 
1     0000a8be  _lock                                    
0     00008154  _nop                                     
0     00008150  _register_lock                           
0     0000814c  _register_unlock                         
0     0000b7ff  _system_post_cinit                       
0     0000815f  _system_pre_init                         
1     0000a8cc  _unlock                                  
0     00008068  abort                                    
1     0000a8ce  adcAResult0                              
1     0000a8cf  adcAResult1                              
1     0000a8d0  adcBResult0                              
1     0000a8d1  adcBResult1                              
0     00000000  code_start                               
0     0000806a  exit                                     
0     0000b57c  initADCSOCs                              
0     0000b546  initADCs                                 
0     0000b4ef  main                                     
0     000080d0  memcpy                                   


GLOBAL SYMBOLS: SORTED BY Symbol Address 

page  address   name                                     
----  -------   ----                                     
0     00000000  code_start                               
0     00000123  SysCtl_delay                             
0     00000132  __TI_Handler_Table_Base                  
0     00000138  __TI_Handler_Table_Limit                 
0     0000013c  __TI_CINIT_Base                          
0     00000144  __TI_CINIT_Limit                         
0     00008000  Interrupt_initModule                     
0     0000803d  __TI_auto_init_nobinit_nopinit           
0     00008068  C$$EXIT                                  
0     00008068  abort                                    
0     0000806a  exit                                     
0     00008091  Interrupt_initVectorTable                
0     000080d0  memcpy                                   
0     000080ed  _c_int00                                 
0     0000811f  __TI_zero_init_nomemset                  
0     0000812c  _args_main                               
0     0000814c  _register_unlock                         
0     00008150  _register_lock                           
0     00008154  _nop                                     
0     00008155  __TI_decompress_none                     
0     0000815f  _system_pre_init                         
0     0000b06e  Device_init                              
0     0000b08c  Device_enableAllPeripherals              
0     0000b177  Device_initGPIO                          
0     0000b198  Device_enableUnbondedGPIOPullupsFor176Pin
0     0000b1af  Device_enableUnbondedGPIOPullupsFor100Pin
0     0000b1d2  Device_enableUnbondedGPIOPullups         
0     0000b1e8  Device_configureTMXAnalogTrim            
0     0000b219  __error__                                
0     0000b220  Example_setResultPass                    
0     0000b225  Example_setResultFail                    
0     0000b22a  Example_done                             
0     0000b22b  SysCtl_setClock                          
0     0000b4ef  main                                     
0     0000b546  initADCs                                 
0     0000b57c  initADCSOCs                              
0     0000b5c5  ADC_setMode                              
0     0000b67e  __c28xabi_divf                           
0     0000b706  SysCtl_getDeviceParametric               
0     0000b76e  SysCtl_selectOscSource                   
0     0000b7cc  __TI_decompress_lzss                     
0     0000b7ff  _system_post_cinit                       
1     00000400  __stack                                  
1     000007f8  __TI_STACK_END                           
1     0000a8be  _lock                                    
1     0000a8c0  Example_Result                           
1     0000a8c2  Example_PassCount                        
1     0000a8c4  Example_Fail                             
1     0000a8c6  __TI_enable_exit_profile_output          
1     0000a8c8  __TI_cleanup_ptr                         
1     0000a8ca  __TI_dtors_ptr                           
1     0000a8cc  _unlock                                  
1     0000a8ce  adcAResult0                              
1     0000a8cf  adcAResult1                              
1     0000a8d0  adcBResult0                              
1     0000a8d1  adcBResult1                              
abs   000003f8  __TI_STACK_SIZE                          
abs   ffffffff  __TI_pprof_out_hndl                      
abs   ffffffff  __TI_prof_data_size                      
abs   ffffffff  __TI_prof_data_start                     
n/a   UNDEFED   __c_args__                               

[61 symbols]
