<?xml version="1.0" encoding="ISO-8859-1" ?>
<link_info>
   <banner>TMS320C2000 Linker PC v18.12.3.LTS</banner>
   <copyright>Copyright (c) 1996-2018 Texas Instruments Incorporated</copyright>
   <link_time>0x5f388306</link_time>
   <link_errors>0x0</link_errors>
   <output_file>adc_ex1_soc_software.out</output_file>
   <entry_point>
      <name>code_start</name>
      <address>0x80000</address>
   </entry_point>
   <input_file_list>
      <input_file id="fl-2">
         <path>.\</path>
         <kind>object</kind>
         <file>main1.obj</file>
         <name>main1.obj</name>
      </input_file>
      <input_file id="fl-3">
         <path>.\device\</path>
         <kind>object</kind>
         <file>F2837xD_CodeStartBranch.obj</file>
         <name>F2837xD_CodeStartBranch.obj</name>
      </input_file>
      <input_file id="fl-4">
         <path>.\device\</path>
         <kind>object</kind>
         <file>device.obj</file>
         <name>device.obj</name>
      </input_file>
      <input_file id="fl-5">
         <path>.\src\</path>
         <kind>object</kind>
         <file>battery.obj</file>
         <name>battery.obj</name>
      </input_file>
      <input_file id="fl-6">
         <path>.\src\</path>
         <kind>object</kind>
         <file>mppt.obj</file>
         <name>mppt.obj</name>
      </input_file>
      <input_file id="fl-7">
         <path>.\src\</path>
         <kind>object</kind>
         <file>pid.obj</file>
         <name>pid.obj</name>
      </input_file>
      <input_file id="fl-8">
         <path>.\src\</path>
         <kind>object</kind>
         <file>src_adc.obj</file>
         <name>src_adc.obj</name>
      </input_file>
      <input_file id="fl-9">
         <path>.\src\</path>
         <kind>object</kind>
         <file>src_epwm.obj</file>
         <name>src_epwm.obj</name>
      </input_file>
      <input_file id="fl-a">
         <path>.\src\</path>
         <kind>object</kind>
         <file>src_gpio.obj</file>
         <name>src_gpio.obj</name>
      </input_file>
      <input_file id="fl-b">
         <path>.\src\</path>
         <kind>object</kind>
         <file>src_timers.obj</file>
         <name>src_timers.obj</name>
      </input_file>
      <input_file id="fl-10">
         <kind>object</kind>
         <file>&lt;internal&gt;</file>
         <name>&lt;internal&gt;</name>
      </input_file>
      <input_file id="fl-14">
         <path>C:\ti\C2000Ware_3_02_00_00_Software\driverlib\f2837xd\driverlib\ccs\Debug\</path>
         <kind>archive</kind>
         <file>driverlib_eabi.lib</file>
         <name>cputimer.obj</name>
      </input_file>
      <input_file id="fl-15">
         <path>C:\ti\C2000Ware_3_02_00_00_Software\driverlib\f2837xd\driverlib\ccs\Debug\</path>
         <kind>archive</kind>
         <file>driverlib_eabi.lib</file>
         <name>epwm.obj</name>
      </input_file>
      <input_file id="fl-16">
         <path>C:\ti\C2000Ware_3_02_00_00_Software\driverlib\f2837xd\driverlib\ccs\Debug\</path>
         <kind>archive</kind>
         <file>driverlib_eabi.lib</file>
         <name>flash.obj</name>
      </input_file>
      <input_file id="fl-17">
         <path>C:\ti\C2000Ware_3_02_00_00_Software\driverlib\f2837xd\driverlib\ccs\Debug\</path>
         <kind>archive</kind>
         <file>driverlib_eabi.lib</file>
         <name>gpio.obj</name>
      </input_file>
      <input_file id="fl-18">
         <path>C:\ti\C2000Ware_3_02_00_00_Software\driverlib\f2837xd\driverlib\ccs\Debug\</path>
         <kind>archive</kind>
         <file>driverlib_eabi.lib</file>
         <name>interrupt.obj</name>
      </input_file>
      <input_file id="fl-19">
         <path>C:\ti\C2000Ware_3_02_00_00_Software\driverlib\f2837xd\driverlib\ccs\Debug\</path>
         <kind>archive</kind>
         <file>driverlib_eabi.lib</file>
         <name>sysctl.obj</name>
      </input_file>
      <input_file id="fl-25">
         <path>C:\ti\ccs920\ccs\tools\compiler\ti-cgt-c2000_18.12.3.LTS\lib\</path>
         <kind>archive</kind>
         <file>rts2800_fpu32_eabi.lib</file>
         <name>boot28.asm.obj</name>
      </input_file>
      <input_file id="fl-26">
         <path>C:\ti\ccs920\ccs\tools\compiler\ti-cgt-c2000_18.12.3.LTS\lib\</path>
         <kind>archive</kind>
         <file>rts2800_fpu32_eabi.lib</file>
         <name>fd_cmp28.asm.obj</name>
      </input_file>
      <input_file id="fl-27">
         <path>C:\ti\ccs920\ccs\tools\compiler\ti-cgt-c2000_18.12.3.LTS\lib\</path>
         <kind>archive</kind>
         <file>rts2800_fpu32_eabi.lib</file>
         <name>fd_mpy28.asm.obj</name>
      </input_file>
      <input_file id="fl-28">
         <path>C:\ti\ccs920\ccs\tools\compiler\ti-cgt-c2000_18.12.3.LTS\lib\</path>
         <kind>archive</kind>
         <file>rts2800_fpu32_eabi.lib</file>
         <name>fd_toul28.asm.obj</name>
      </input_file>
      <input_file id="fl-29">
         <path>C:\ti\ccs920\ccs\tools\compiler\ti-cgt-c2000_18.12.3.LTS\lib\</path>
         <kind>archive</kind>
         <file>rts2800_fpu32_eabi.lib</file>
         <name>fs_div28.asm.obj</name>
      </input_file>
      <input_file id="fl-2a">
         <path>C:\ti\ccs920\ccs\tools\compiler\ti-cgt-c2000_18.12.3.LTS\lib\</path>
         <kind>archive</kind>
         <file>rts2800_fpu32_eabi.lib</file>
         <name>fs_tofdfpu32.asm.obj</name>
      </input_file>
      <input_file id="fl-2b">
         <path>C:\ti\ccs920\ccs\tools\compiler\ti-cgt-c2000_18.12.3.LTS\lib\</path>
         <kind>archive</kind>
         <file>rts2800_fpu32_eabi.lib</file>
         <name>fd_div28.asm.obj</name>
      </input_file>
      <input_file id="fl-2c">
         <path>C:\ti\ccs920\ccs\tools\compiler\ti-cgt-c2000_18.12.3.LTS\lib\</path>
         <kind>archive</kind>
         <file>rts2800_fpu32_eabi.lib</file>
         <name>memcpy.c.obj</name>
      </input_file>
      <input_file id="fl-2d">
         <path>C:\ti\ccs920\ccs\tools\compiler\ti-cgt-c2000_18.12.3.LTS\lib\</path>
         <kind>archive</kind>
         <file>rts2800_fpu32_eabi.lib</file>
         <name>pre_init.c.obj</name>
      </input_file>
      <input_file id="fl-2e">
         <path>C:\ti\ccs920\ccs\tools\compiler\ti-cgt-c2000_18.12.3.LTS\lib\</path>
         <kind>archive</kind>
         <file>rts2800_fpu32_eabi.lib</file>
         <name>autoinit.c.obj</name>
      </input_file>
      <input_file id="fl-2f">
         <path>C:\ti\ccs920\ccs\tools\compiler\ti-cgt-c2000_18.12.3.LTS\lib\</path>
         <kind>archive</kind>
         <file>rts2800_fpu32_eabi.lib</file>
         <name>copy_zero_init.c.obj</name>
      </input_file>
      <input_file id="fl-30">
         <path>C:\ti\ccs920\ccs\tools\compiler\ti-cgt-c2000_18.12.3.LTS\lib\</path>
         <kind>archive</kind>
         <file>rts2800_fpu32_eabi.lib</file>
         <name>copy_decompress_none.c.obj</name>
      </input_file>
      <input_file id="fl-31">
         <path>C:\ti\ccs920\ccs\tools\compiler\ti-cgt-c2000_18.12.3.LTS\lib\</path>
         <kind>archive</kind>
         <file>rts2800_fpu32_eabi.lib</file>
         <name>copy_decompress_lzss.c.obj</name>
      </input_file>
      <input_file id="fl-32">
         <path>C:\ti\ccs920\ccs\tools\compiler\ti-cgt-c2000_18.12.3.LTS\lib\</path>
         <kind>archive</kind>
         <file>rts2800_fpu32_eabi.lib</file>
         <name>exit.c.obj</name>
      </input_file>
      <input_file id="fl-33">
         <path>C:\ti\ccs920\ccs\tools\compiler\ti-cgt-c2000_18.12.3.LTS\lib\</path>
         <kind>archive</kind>
         <file>rts2800_fpu32_eabi.lib</file>
         <name>_lock.c.obj</name>
      </input_file>
      <input_file id="fl-34">
         <path>C:\ti\ccs920\ccs\tools\compiler\ti-cgt-c2000_18.12.3.LTS\lib\</path>
         <kind>archive</kind>
         <file>rts2800_fpu32_eabi.lib</file>
         <name>args_main.c.obj</name>
      </input_file>
      <input_file id="fl-35">
         <path>C:\ti\ccs920\ccs\tools\compiler\ti-cgt-c2000_18.12.3.LTS\lib\</path>
         <kind>archive</kind>
         <file>rts2800_fpu32_eabi.lib</file>
         <name>memset.c.obj</name>
      </input_file>
      <input_file id="fl-36">
         <path>C:\ti\ccs920\ccs\tools\compiler\ti-cgt-c2000_18.12.3.LTS\lib\</path>
         <kind>archive</kind>
         <file>rts2800_fpu32_eabi.lib</file>
         <name>cpy_tbl.c.obj</name>
      </input_file>
      <input_file id="fl-37">
         <path>C:\ti\ccs920\ccs\tools\compiler\ti-cgt-c2000_18.12.3.LTS\lib\</path>
         <kind>archive</kind>
         <file>rts2800_fpu32_eabi.lib</file>
         <name>startup.c.obj</name>
      </input_file>
   </input_file_list>
   <object_component_list>
      <object_component id="oc-2ed">
         <name>.cinit..data.load</name>
         <load_address>0x837f8</load_address>
         <run_address>0x837f8</run_address>
         <size>0x20</size>
      </object_component>
      <object_component id="oc-2ea">
         <name>__TI_handler_table</name>
         <load_address>0x83818</load_address>
         <run_address>0x83818</run_address>
         <size>0x6</size>
      </object_component>
      <object_component id="oc-2ec">
         <name>.cinit..bss.load</name>
         <load_address>0x8381e</load_address>
         <run_address>0x8381e</run_address>
         <size>0x4</size>
      </object_component>
      <object_component id="oc-2eb">
         <name>__TI_cinit_table</name>
         <load_address>0x83824</load_address>
         <run_address>0x83824</run_address>
         <size>0x8</size>
      </object_component>
      <object_component id="oc-a3">
         <name>.text</name>
         <load_address>0x82000</load_address>
         <run_address>0x82000</run_address>
         <size>0x65f</size>
         <input_file_ref idref="fl-9"/>
      </object_component>
      <object_component id="oc-9d">
         <name>.text</name>
         <load_address>0x8265f</load_address>
         <run_address>0x8265f</run_address>
         <size>0x2a1</size>
         <input_file_ref idref="fl-8"/>
      </object_component>
      <object_component id="oc-6d">
         <name>.text</name>
         <load_address>0x82900</load_address>
         <run_address>0x82900</run_address>
         <size>0x22a</size>
         <input_file_ref idref="fl-4"/>
      </object_component>
      <object_component id="oc-ed">
         <name>.text:SysCtl_setClock</name>
         <load_address>0x82b2a</load_address>
         <run_address>0x82b2a</run_address>
         <size>0x21f</size>
         <input_file_ref idref="fl-19"/>
      </object_component>
      <object_component id="oc-3c">
         <name>.text</name>
         <load_address>0x82d49</load_address>
         <run_address>0x82d49</run_address>
         <size>0x110</size>
         <input_file_ref idref="fl-2"/>
      </object_component>
      <object_component id="oc-7c">
         <name>.text</name>
         <load_address>0x82e59</load_address>
         <run_address>0x82e59</run_address>
         <size>0xdd</size>
         <input_file_ref idref="fl-6"/>
      </object_component>
      <object_component id="oc-76">
         <name>.text</name>
         <load_address>0x82f36</load_address>
         <run_address>0x82f36</run_address>
         <size>0xb4</size>
         <input_file_ref idref="fl-7"/>
      </object_component>
      <object_component id="oc-64">
         <name>.text</name>
         <load_address>0x82fea</load_address>
         <run_address>0x82fea</run_address>
         <size>0xb0</size>
         <input_file_ref idref="fl-b"/>
      </object_component>
      <object_component id="oc-85">
         <name>.text</name>
         <load_address>0x8309a</load_address>
         <run_address>0x8309a</run_address>
         <size>0x9c</size>
         <input_file_ref idref="fl-5"/>
      </object_component>
      <object_component id="oc-14e">
         <name>.text</name>
         <load_address>0x83136</load_address>
         <run_address>0x83136</run_address>
         <size>0x8b</size>
         <input_file_ref idref="fl-2b"/>
      </object_component>
      <object_component id="oc-fa">
         <name>.text</name>
         <load_address>0x831c1</load_address>
         <run_address>0x831c1</run_address>
         <size>0x88</size>
         <input_file_ref idref="fl-29"/>
      </object_component>
      <object_component id="oc-153">
         <name>.text</name>
         <load_address>0x83249</load_address>
         <run_address>0x83249</run_address>
         <size>0x83</size>
         <input_file_ref idref="fl-27"/>
      </object_component>
      <object_component id="oc-e7">
         <name>.text:SysCtl_getDeviceParametric</name>
         <load_address>0x832cc</load_address>
         <run_address>0x832cc</run_address>
         <size>0x68</size>
         <input_file_ref idref="fl-19"/>
      </object_component>
      <object_component id="oc-20a">
         <name>.text:SysCtl_selectOscSource</name>
         <load_address>0x83334</load_address>
         <run_address>0x83334</run_address>
         <size>0x5e</size>
         <input_file_ref idref="fl-19"/>
      </object_component>
      <object_component id="oc-3b">
         <name>.text:retain</name>
         <load_address>0x83392</load_address>
         <run_address>0x83392</run_address>
         <size>0x5a</size>
         <input_file_ref idref="fl-b"/>
      </object_component>
      <object_component id="oc-97">
         <name>.text</name>
         <load_address>0x833ec</load_address>
         <run_address>0x833ec</run_address>
         <size>0x53</size>
         <input_file_ref idref="fl-a"/>
      </object_component>
      <object_component id="oc-12d">
         <name>.text:GPIO_setPadConfig</name>
         <load_address>0x8343f</load_address>
         <run_address>0x8343f</run_address>
         <size>0x52</size>
         <input_file_ref idref="fl-17"/>
      </object_component>
      <object_component id="oc-242">
         <name>.text:EPWM_isBaseValid</name>
         <load_address>0x83491</load_address>
         <run_address>0x83491</run_address>
         <size>0x47</size>
         <input_file_ref idref="fl-15"/>
      </object_component>
      <object_component id="oc-8b">
         <name>.text:Interrupt_initModule</name>
         <load_address>0x834d8</load_address>
         <run_address>0x834d8</run_address>
         <size>0x3d</size>
         <input_file_ref idref="fl-18"/>
      </object_component>
      <object_component id="oc-141">
         <name>.text:GPIO_setPinConfig</name>
         <load_address>0x83515</load_address>
         <run_address>0x83515</run_address>
         <size>0x37</size>
         <input_file_ref idref="fl-17"/>
      </object_component>
      <object_component id="oc-a9">
         <name>.text:Interrupt_enable</name>
         <load_address>0x8354c</load_address>
         <run_address>0x8354c</run_address>
         <size>0x34</size>
         <input_file_ref idref="fl-18"/>
      </object_component>
      <object_component id="oc-133">
         <name>.text:GPIO_setDirectionMode</name>
         <load_address>0x83580</load_address>
         <run_address>0x83580</run_address>
         <size>0x31</size>
         <input_file_ref idref="fl-17"/>
      </object_component>
      <object_component id="oc-23">
         <name>.text:decompress:lzss</name>
         <load_address>0x835b1</load_address>
         <run_address>0x835b1</run_address>
         <size>0x31</size>
         <input_file_ref idref="fl-31"/>
      </object_component>
      <object_component id="oc-179">
         <name>.text:__TI_auto_init_nobinit_nopinit</name>
         <load_address>0x835e2</load_address>
         <run_address>0x835e2</run_address>
         <size>0x2b</size>
         <input_file_ref idref="fl-2e"/>
      </object_component>
      <object_component id="oc-10b">
         <name>.text</name>
         <load_address>0x8360d</load_address>
         <run_address>0x8360d</run_address>
         <size>0x2a</size>
         <input_file_ref idref="fl-26"/>
      </object_component>
      <object_component id="oc-d1">
         <name>.text</name>
         <load_address>0x83637</load_address>
         <run_address>0x83637</run_address>
         <size>0x29</size>
         <input_file_ref idref="fl-32"/>
      </object_component>
      <object_component id="oc-1c9">
         <name>.text:Flash_setBankPowerUpDelay</name>
         <load_address>0x83660</load_address>
         <run_address>0x83660</run_address>
         <size>0x28</size>
         <input_file_ref idref="fl-16"/>
      </object_component>
      <object_component id="oc-91">
         <name>.text:Interrupt_initVectorTable</name>
         <load_address>0x83688</load_address>
         <run_address>0x83688</run_address>
         <size>0x20</size>
         <input_file_ref idref="fl-18"/>
      </object_component>
      <object_component id="oc-4a">
         <name>.text</name>
         <load_address>0x836a8</load_address>
         <run_address>0x836a8</run_address>
         <size>0x1d</size>
         <input_file_ref idref="fl-2c"/>
      </object_component>
      <object_component id="oc-105">
         <name>.text</name>
         <load_address>0x836c5</load_address>
         <run_address>0x836c5</run_address>
         <size>0x1c</size>
         <input_file_ref idref="fl-2a"/>
      </object_component>
      <object_component id="oc-158">
         <name>.text</name>
         <load_address>0x836e1</load_address>
         <run_address>0x836e1</run_address>
         <size>0x1b</size>
         <input_file_ref idref="fl-28"/>
      </object_component>
      <object_component id="oc-1b3">
         <name>.text:CPUTimer_isBaseValid</name>
         <load_address>0x836fc</load_address>
         <run_address>0x836fc</run_address>
         <size>0x1a</size>
         <input_file_ref idref="fl-14"/>
      </object_component>
      <object_component id="oc-5e">
         <name>.text</name>
         <load_address>0x83716</load_address>
         <run_address>0x83716</run_address>
         <size>0x17</size>
         <input_file_ref idref="fl-25"/>
      </object_component>
      <object_component id="oc-147">
         <name>.text:EPWM_setEmulationMode</name>
         <load_address>0x8372d</load_address>
         <run_address>0x8372d</run_address>
         <size>0x16</size>
         <input_file_ref idref="fl-15"/>
      </object_component>
      <object_component id="oc-d8">
         <name>.text:CPUTimer_setEmulationMode</name>
         <load_address>0x83743</load_address>
         <run_address>0x83743</run_address>
         <size>0x13</size>
         <input_file_ref idref="fl-14"/>
      </object_component>
      <object_component id="oc-1bc">
         <name>.text:Flash_isCtrlBaseValid</name>
         <load_address>0x83756</load_address>
         <run_address>0x83756</run_address>
         <size>0x10</size>
         <input_file_ref idref="fl-16"/>
      </object_component>
      <object_component id="oc-1c3">
         <name>.text:Flash_isECCBaseValid</name>
         <load_address>0x83766</load_address>
         <run_address>0x83766</run_address>
         <size>0x10</size>
         <input_file_ref idref="fl-16"/>
      </object_component>
      <object_component id="oc-22f">
         <name>.text:GPIO_isPinValid</name>
         <load_address>0x83776</load_address>
         <run_address>0x83776</run_address>
         <size>0xe</size>
         <input_file_ref idref="fl-17"/>
      </object_component>
      <object_component id="oc-11a">
         <name>.text:Interrupt_defaultHandler</name>
         <load_address>0x83784</load_address>
         <run_address>0x83784</run_address>
         <size>0xe</size>
         <input_file_ref idref="fl-18"/>
      </object_component>
      <object_component id="oc-112">
         <name>.text:Interrupt_disableMaster</name>
         <load_address>0x83792</load_address>
         <run_address>0x83792</run_address>
         <size>0xd</size>
         <input_file_ref idref="fl-18"/>
      </object_component>
      <object_component id="oc-162">
         <name>.text:Interrupt_enableMaster</name>
         <load_address>0x8379f</load_address>
         <run_address>0x8379f</run_address>
         <size>0xd</size>
         <input_file_ref idref="fl-18"/>
      </object_component>
      <object_component id="oc-52">
         <name>.text:decompress:ZI:__TI_zero_init_nomemset</name>
         <load_address>0x837ac</load_address>
         <run_address>0x837ac</run_address>
         <size>0xd</size>
         <input_file_ref idref="fl-2f"/>
      </object_component>
      <object_component id="oc-cb">
         <name>.text</name>
         <load_address>0x837b9</load_address>
         <run_address>0x837b9</run_address>
         <size>0xc</size>
         <input_file_ref idref="fl-34"/>
      </object_component>
      <object_component id="oc-204">
         <name>.text:SysCtl_isMCDClockFailureDetected</name>
         <load_address>0x837c5</load_address>
         <run_address>0x837c5</run_address>
         <size>0xb</size>
         <input_file_ref idref="fl-19"/>
      </object_component>
      <object_component id="oc-210">
         <name>.text:SysCtl_serviceWatchdog</name>
         <load_address>0x837d0</load_address>
         <run_address>0x837d0</run_address>
         <size>0x9</size>
         <input_file_ref idref="fl-19"/>
      </object_component>
      <object_component id="oc-274">
         <name>.text</name>
         <load_address>0x837d9</load_address>
         <run_address>0x837d9</run_address>
         <size>0x9</size>
         <input_file_ref idref="fl-33"/>
      </object_component>
      <object_component id="oc-29">
         <name>.text:decompress:none</name>
         <load_address>0x837e2</load_address>
         <run_address>0x837e2</run_address>
         <size>0x8</size>
         <input_file_ref idref="fl-30"/>
      </object_component>
      <object_component id="oc-126">
         <name>.text:Interrupt_illegalOperationHandler</name>
         <load_address>0x837ea</load_address>
         <run_address>0x837ea</run_address>
         <size>0x2</size>
         <input_file_ref idref="fl-18"/>
      </object_component>
      <object_component id="oc-120">
         <name>.text:Interrupt_nmiHandler</name>
         <load_address>0x837ec</load_address>
         <run_address>0x837ec</run_address>
         <size>0x2</size>
         <input_file_ref idref="fl-18"/>
      </object_component>
      <object_component id="oc-c4">
         <name>.text</name>
         <load_address>0x837ee</load_address>
         <run_address>0x837ee</run_address>
         <size>0x2</size>
         <input_file_ref idref="fl-2d"/>
      </object_component>
      <object_component id="oc-25a">
         <name>.text</name>
         <load_address>0x837f0</load_address>
         <run_address>0x837f0</run_address>
         <size>0x1</size>
         <input_file_ref idref="fl-37"/>
      </object_component>
      <object_component id="oc-30">
         <name>codestart</name>
         <load_address>0x80000</load_address>
         <run_address>0x80000</run_address>
         <size>0x2</size>
         <input_file_ref idref="fl-3"/>
      </object_component>
      <object_component id="oc-47">
         <name>.stack</name>
         <uninitialized>true</uninitialized>
         <run_address>0x400</run_address>
         <size>0x0</size>
         <input_file_ref idref="fl-25"/>
      </object_component>
      <object_component id="oc-2ee">
         <name>.stack</name>
         <uninitialized>true</uninitialized>
         <run_address>0x400</run_address>
         <size>0x0</size>
      </object_component>
      <object_component id="oc-73">
         <name>.bss</name>
         <uninitialized>true</uninitialized>
         <run_address>0xa8c0</run_address>
         <size>0x78</size>
         <input_file_ref idref="fl-2"/>
      </object_component>
      <object_component id="oc-15d">
         <name>.bss</name>
         <uninitialized>true</uninitialized>
         <run_address>0xa88a</run_address>
         <size>0x10</size>
         <input_file_ref idref="fl-9"/>
      </object_component>
      <object_component id="oc-82">
         <name>.data</name>
         <load_address>0xa870</load_address>
         <run_address>0xa870</run_address>
         <size>0x8</size>
         <input_file_ref idref="fl-2"/>
      </object_component>
      <object_component id="oc-f3">
         <name>.data</name>
         <load_address>0xa878</load_address>
         <run_address>0xa878</run_address>
         <size>0x6</size>
         <input_file_ref idref="fl-4"/>
      </object_component>
      <object_component id="oc-13c">
         <name>.data</name>
         <load_address>0xa800</load_address>
         <run_address>0xa800</run_address>
         <size>0x70</size>
         <input_file_ref idref="fl-8"/>
      </object_component>
      <object_component id="oc-6a">
         <name>.data</name>
         <load_address>0xa888</load_address>
         <run_address>0xa888</run_address>
         <size>0x2</size>
         <input_file_ref idref="fl-b"/>
      </object_component>
      <object_component id="oc-1ab">
         <name>.data</name>
         <load_address>0xa880</load_address>
         <run_address>0xa880</run_address>
         <size>0x6</size>
         <input_file_ref idref="fl-32"/>
      </object_component>
      <object_component id="oc-1ae">
         <name>.data:_lock</name>
         <load_address>0xa87e</load_address>
         <run_address>0xa87e</run_address>
         <size>0x2</size>
         <input_file_ref idref="fl-33"/>
      </object_component>
      <object_component id="oc-2a7">
         <name>.data:_unlock</name>
         <load_address>0xa886</load_address>
         <run_address>0xa886</run_address>
         <size>0x2</size>
         <input_file_ref idref="fl-33"/>
      </object_component>
      <object_component id="oc-1c2">
         <name>.const:.string</name>
         <load_address>0x90000</load_address>
         <run_address>0x90000</run_address>
         <size>0xbf</size>
         <input_file_ref idref="fl-16"/>
      </object_component>
      <object_component id="oc-235">
         <name>.const:.string</name>
         <load_address>0x900c0</load_address>
         <run_address>0x900c0</run_address>
         <size>0xbc</size>
         <input_file_ref idref="fl-17"/>
      </object_component>
      <object_component id="oc-1b9">
         <name>.const:.string</name>
         <load_address>0x9017c</load_address>
         <run_address>0x9017c</run_address>
         <size>0x62</size>
         <input_file_ref idref="fl-14"/>
      </object_component>
      <object_component id="oc-203">
         <name>.const:.string</name>
         <load_address>0x901de</load_address>
         <run_address>0x901de</run_address>
         <size>0x60</size>
         <input_file_ref idref="fl-19"/>
      </object_component>
      <object_component id="oc-248">
         <name>.const:.string</name>
         <load_address>0x9023e</load_address>
         <run_address>0x9023e</run_address>
         <size>0x5e</size>
         <input_file_ref idref="fl-15"/>
      </object_component>
      <object_component id="oc-14d">
         <name>.const</name>
         <load_address>0x9029c</load_address>
         <run_address>0x9029c</run_address>
         <size>0x8</size>
         <input_file_ref idref="fl-9"/>
      </object_component>
      <object_component id="oc-10a">
         <name>.const</name>
         <load_address>0x902a4</load_address>
         <run_address>0x902a4</run_address>
         <size>0x4</size>
         <input_file_ref idref="fl-5"/>
      </object_component>
      <object_component id="oc-e1">
         <name>.TI.ramfunc:Flash_initModule</name>
         <load_address>0x86000</load_address>
         <run_address>0x8000</run_address>
         <size>0x43</size>
         <input_file_ref idref="fl-16"/>
      </object_component>
      <object_component id="oc-1cf">
         <name>.TI.ramfunc:Flash_setBankPowerMode</name>
         <load_address>0x86043</load_address>
         <run_address>0x8043</run_address>
         <size>0x2d</size>
         <input_file_ref idref="fl-16"/>
      </object_component>
      <object_component id="oc-1e7">
         <name>.TI.ramfunc:Flash_setWaitstates</name>
         <load_address>0x86070</load_address>
         <run_address>0x8070</run_address>
         <size>0x26</size>
         <input_file_ref idref="fl-16"/>
      </object_component>
      <object_component id="oc-1d5">
         <name>.TI.ramfunc:Flash_setPumpPowerMode</name>
         <load_address>0x86096</load_address>
         <run_address>0x8096</run_address>
         <size>0x1e</size>
         <input_file_ref idref="fl-16"/>
      </object_component>
      <object_component id="oc-1db">
         <name>.TI.ramfunc:Flash_disableCache</name>
         <load_address>0x860b4</load_address>
         <run_address>0x80b4</run_address>
         <size>0x18</size>
         <input_file_ref idref="fl-16"/>
      </object_component>
      <object_component id="oc-1e1">
         <name>.TI.ramfunc:Flash_disablePrefetch</name>
         <load_address>0x860cc</load_address>
         <run_address>0x80cc</run_address>
         <size>0x18</size>
         <input_file_ref idref="fl-16"/>
      </object_component>
      <object_component id="oc-1ed">
         <name>.TI.ramfunc:Flash_enableCache</name>
         <load_address>0x860e4</load_address>
         <run_address>0x80e4</run_address>
         <size>0x18</size>
         <input_file_ref idref="fl-16"/>
      </object_component>
      <object_component id="oc-1f3">
         <name>.TI.ramfunc:Flash_enablePrefetch</name>
         <load_address>0x860fc</load_address>
         <run_address>0x80fc</run_address>
         <size>0x18</size>
         <input_file_ref idref="fl-16"/>
      </object_component>
      <object_component id="oc-1f9">
         <name>.TI.ramfunc:Flash_enableECC</name>
         <load_address>0x86114</load_address>
         <run_address>0x8114</run_address>
         <size>0x17</size>
         <input_file_ref idref="fl-16"/>
      </object_component>
      <object_component id="oc-13b">
         <name>.TI.ramfunc</name>
         <load_address>0x8612b</load_address>
         <run_address>0x812b</run_address>
         <size>0x4</size>
         <input_file_ref idref="fl-19"/>
      </object_component>
      <object_component id="oc-b0">
         <name>.debug_types</name>
         <load_address>0x0</load_address>
         <run_address>0x0</run_address>
         <size>0xa93</size>
         <input_file_ref idref="fl-2"/>
      </object_component>
      <object_component id="oc-f7">
         <name>.debug_types</name>
         <load_address>0xa93</load_address>
         <run_address>0xa93</run_address>
         <size>0xc0b</size>
         <input_file_ref idref="fl-4"/>
      </object_component>
      <object_component id="oc-111">
         <name>.debug_types</name>
         <load_address>0x0</load_address>
         <run_address>0x0</run_address>
         <size>0x0</size>
         <input_file_ref idref="fl-5"/>
      </object_component>
      <object_component id="oc-102">
         <name>.debug_types</name>
         <load_address>0x0</load_address>
         <run_address>0x0</run_address>
         <size>0x0</size>
         <input_file_ref idref="fl-6"/>
      </object_component>
      <object_component id="oc-100">
         <name>.debug_types</name>
         <load_address>0x0</load_address>
         <run_address>0x0</run_address>
         <size>0x0</size>
         <input_file_ref idref="fl-7"/>
      </object_component>
      <object_component id="oc-140">
         <name>.debug_types</name>
         <load_address>0x169e</load_address>
         <run_address>0x169e</run_address>
         <size>0xbb9</size>
         <input_file_ref idref="fl-8"/>
      </object_component>
      <object_component id="oc-161">
         <name>.debug_types</name>
         <load_address>0x2257</load_address>
         <run_address>0x2257</run_address>
         <size>0x14d8</size>
         <input_file_ref idref="fl-9"/>
      </object_component>
      <object_component id="oc-13a">
         <name>.debug_types</name>
         <load_address>0x372f</load_address>
         <run_address>0x372f</run_address>
         <size>0x94</size>
         <input_file_ref idref="fl-a"/>
      </object_component>
      <object_component id="oc-b2">
         <name>.debug_types</name>
         <load_address>0x37c3</load_address>
         <run_address>0x37c3</run_address>
         <size>0xef</size>
         <input_file_ref idref="fl-b"/>
      </object_component>
      <object_component id="oc-1bb">
         <name>.debug_types</name>
         <load_address>0x38b2</load_address>
         <run_address>0x38b2</run_address>
         <size>0x6c</size>
         <input_file_ref idref="fl-14"/>
      </object_component>
      <object_component id="oc-24a">
         <name>.debug_types</name>
         <load_address>0x0</load_address>
         <run_address>0x0</run_address>
         <size>0x0</size>
         <input_file_ref idref="fl-15"/>
      </object_component>
      <object_component id="oc-200">
         <name>.debug_types</name>
         <load_address>0x391e</load_address>
         <run_address>0x391e</run_address>
         <size>0x1d7</size>
         <input_file_ref idref="fl-16"/>
      </object_component>
      <object_component id="oc-237">
         <name>.debug_types</name>
         <load_address>0x3af5</load_address>
         <run_address>0x3af5</run_address>
         <size>0x4dd</size>
         <input_file_ref idref="fl-17"/>
      </object_component>
      <object_component id="oc-119">
         <name>.debug_types</name>
         <load_address>0x0</load_address>
         <run_address>0x0</run_address>
         <size>0x0</size>
         <input_file_ref idref="fl-18"/>
      </object_component>
      <object_component id="oc-202">
         <name>.debug_types</name>
         <load_address>0x3fd2</load_address>
         <run_address>0x3fd2</run_address>
         <size>0x37</size>
         <input_file_ref idref="fl-19"/>
      </object_component>
      <object_component id="oc-b7">
         <name>.debug_types</name>
         <load_address>0x4009</load_address>
         <run_address>0x4009</run_address>
         <size>0x117</size>
         <input_file_ref idref="fl-2c"/>
      </object_component>
      <object_component id="oc-178">
         <name>.debug_types</name>
         <load_address>0x0</load_address>
         <run_address>0x0</run_address>
         <size>0x0</size>
         <input_file_ref idref="fl-2d"/>
      </object_component>
      <object_component id="oc-261">
         <name>.debug_types</name>
         <load_address>0x4120</load_address>
         <run_address>0x4120</run_address>
         <size>0x4ca</size>
         <input_file_ref idref="fl-2e"/>
      </object_component>
      <object_component id="oc-bc">
         <name>.debug_types</name>
         <load_address>0x45ea</load_address>
         <run_address>0x45ea</run_address>
         <size>0x194</size>
         <input_file_ref idref="fl-2f"/>
      </object_component>
      <object_component id="oc-51">
         <name>.debug_types</name>
         <load_address>0x0</load_address>
         <run_address>0x0</run_address>
         <size>0x0</size>
         <input_file_ref idref="fl-30"/>
      </object_component>
      <object_component id="oc-49">
         <name>.debug_types</name>
         <load_address>0x477e</load_address>
         <run_address>0x477e</run_address>
         <size>0x191</size>
         <input_file_ref idref="fl-31"/>
      </object_component>
      <object_component id="oc-1b2">
         <name>.debug_types</name>
         <load_address>0x490f</load_address>
         <run_address>0x490f</run_address>
         <size>0xbf</size>
         <input_file_ref idref="fl-32"/>
      </object_component>
      <object_component id="oc-27c">
         <name>.debug_types</name>
         <load_address>0x49ce</load_address>
         <run_address>0x49ce</run_address>
         <size>0x2f</size>
         <input_file_ref idref="fl-33"/>
      </object_component>
      <object_component id="oc-1aa">
         <name>.debug_types</name>
         <load_address>0x49fd</load_address>
         <run_address>0x49fd</run_address>
         <size>0xe1</size>
         <input_file_ref idref="fl-34"/>
      </object_component>
      <object_component id="oc-2a1">
         <name>.debug_types</name>
         <load_address>0x0</load_address>
         <run_address>0x0</run_address>
         <size>0x0</size>
         <input_file_ref idref="fl-37"/>
      </object_component>
      <object_component id="oc-83">
         <name>.debug_info</name>
         <load_address>0x0</load_address>
         <run_address>0x0</run_address>
         <size>0xe5</size>
         <input_file_ref idref="fl-2"/>
      </object_component>
      <object_component id="oc-74">
         <name>.debug_info</name>
         <load_address>0xe5</load_address>
         <run_address>0xe5</run_address>
         <size>0x17d</size>
         <input_file_ref idref="fl-2"/>
      </object_component>
      <object_component id="oc-3e">
         <name>.debug_info</name>
         <load_address>0x262</load_address>
         <run_address>0x262</run_address>
         <size>0x6e2</size>
         <input_file_ref idref="fl-2"/>
      </object_component>
      <object_component id="oc-31">
         <name>.debug_info</name>
         <load_address>0x944</load_address>
         <run_address>0x944</run_address>
         <size>0x113</size>
         <input_file_ref idref="fl-3"/>
      </object_component>
      <object_component id="oc-f4">
         <name>.debug_info</name>
         <load_address>0xa57</load_address>
         <run_address>0xa57</run_address>
         <size>0x15d</size>
         <input_file_ref idref="fl-4"/>
      </object_component>
      <object_component id="oc-70">
         <name>.debug_info</name>
         <load_address>0xbb4</load_address>
         <run_address>0xbb4</run_address>
         <size>0x133c</size>
         <input_file_ref idref="fl-4"/>
      </object_component>
      <object_component id="oc-88">
         <name>.debug_info</name>
         <load_address>0x1ef0</load_address>
         <run_address>0x1ef0</run_address>
         <size>0x39f</size>
         <input_file_ref idref="fl-5"/>
      </object_component>
      <object_component id="oc-7f">
         <name>.debug_info</name>
         <load_address>0x228f</load_address>
         <run_address>0x228f</run_address>
         <size>0x3b7</size>
         <input_file_ref idref="fl-6"/>
      </object_component>
      <object_component id="oc-79">
         <name>.debug_info</name>
         <load_address>0x2646</load_address>
         <run_address>0x2646</run_address>
         <size>0x471</size>
         <input_file_ref idref="fl-7"/>
      </object_component>
      <object_component id="oc-13d">
         <name>.debug_info</name>
         <load_address>0x2ab7</load_address>
         <run_address>0x2ab7</run_address>
         <size>0x263</size>
         <input_file_ref idref="fl-8"/>
      </object_component>
      <object_component id="oc-a1">
         <name>.debug_info</name>
         <load_address>0x2d1a</load_address>
         <run_address>0x2d1a</run_address>
         <size>0x1120</size>
         <input_file_ref idref="fl-8"/>
      </object_component>
      <object_component id="oc-15e">
         <name>.debug_info</name>
         <load_address>0x3e3a</load_address>
         <run_address>0x3e3a</run_address>
         <size>0x26a</size>
         <input_file_ref idref="fl-9"/>
      </object_component>
      <object_component id="oc-a6">
         <name>.debug_info</name>
         <load_address>0x40a4</load_address>
         <run_address>0x40a4</run_address>
         <size>0x3229</size>
         <input_file_ref idref="fl-9"/>
      </object_component>
      <object_component id="oc-9a">
         <name>.debug_info</name>
         <load_address>0x72cd</load_address>
         <run_address>0x72cd</run_address>
         <size>0x383</size>
         <input_file_ref idref="fl-a"/>
      </object_component>
      <object_component id="oc-6b">
         <name>.debug_info</name>
         <load_address>0x7650</load_address>
         <run_address>0x7650</run_address>
         <size>0x11e</size>
         <input_file_ref idref="fl-b"/>
      </object_component>
      <object_component id="oc-68">
         <name>.debug_info</name>
         <load_address>0x776e</load_address>
         <run_address>0x776e</run_address>
         <size>0xa0b</size>
         <input_file_ref idref="fl-b"/>
      </object_component>
      <object_component id="oc-45">
         <name>.debug_info</name>
         <load_address>0x8179</load_address>
         <run_address>0x8179</run_address>
         <size>0x206</size>
         <input_file_ref idref="fl-b"/>
      </object_component>
      <object_component id="oc-1b5">
         <name>.debug_info</name>
         <load_address>0x837f</load_address>
         <run_address>0x837f</run_address>
         <size>0x21a</size>
         <input_file_ref idref="fl-14"/>
      </object_component>
      <object_component id="oc-d9">
         <name>.debug_info</name>
         <load_address>0x8599</load_address>
         <run_address>0x8599</run_address>
         <size>0x266</size>
         <input_file_ref idref="fl-14"/>
      </object_component>
      <object_component id="oc-243">
         <name>.debug_info</name>
         <load_address>0x87ff</load_address>
         <run_address>0x87ff</run_address>
         <size>0x20c</size>
         <input_file_ref idref="fl-15"/>
      </object_component>
      <object_component id="oc-148">
         <name>.debug_info</name>
         <load_address>0x8a0b</load_address>
         <run_address>0x8a0b</run_address>
         <size>0x264</size>
         <input_file_ref idref="fl-15"/>
      </object_component>
      <object_component id="oc-1bd">
         <name>.debug_info</name>
         <load_address>0x8c6f</load_address>
         <run_address>0x8c6f</run_address>
         <size>0x21e</size>
         <input_file_ref idref="fl-16"/>
      </object_component>
      <object_component id="oc-1c4">
         <name>.debug_info</name>
         <load_address>0x8e8d</load_address>
         <run_address>0x8e8d</run_address>
         <size>0x21a</size>
         <input_file_ref idref="fl-16"/>
      </object_component>
      <object_component id="oc-1e8">
         <name>.debug_info</name>
         <load_address>0x90a7</load_address>
         <run_address>0x90a7</run_address>
         <size>0x27a</size>
         <input_file_ref idref="fl-16"/>
      </object_component>
      <object_component id="oc-1d0">
         <name>.debug_info</name>
         <load_address>0x9321</load_address>
         <run_address>0x9321</run_address>
         <size>0x290</size>
         <input_file_ref idref="fl-16"/>
      </object_component>
      <object_component id="oc-1d6">
         <name>.debug_info</name>
         <load_address>0x95b1</load_address>
         <run_address>0x95b1</run_address>
         <size>0x26f</size>
         <input_file_ref idref="fl-16"/>
      </object_component>
      <object_component id="oc-1f4">
         <name>.debug_info</name>
         <load_address>0x9820</load_address>
         <run_address>0x9820</run_address>
         <size>0x240</size>
         <input_file_ref idref="fl-16"/>
      </object_component>
      <object_component id="oc-1e2">
         <name>.debug_info</name>
         <load_address>0x9a60</load_address>
         <run_address>0x9a60</run_address>
         <size>0x242</size>
         <input_file_ref idref="fl-16"/>
      </object_component>
      <object_component id="oc-1ee">
         <name>.debug_info</name>
         <load_address>0x9ca2</load_address>
         <run_address>0x9ca2</run_address>
         <size>0x23a</size>
         <input_file_ref idref="fl-16"/>
      </object_component>
      <object_component id="oc-1dc">
         <name>.debug_info</name>
         <load_address>0x9edc</load_address>
         <run_address>0x9edc</run_address>
         <size>0x23c</size>
         <input_file_ref idref="fl-16"/>
      </object_component>
      <object_component id="oc-1fa">
         <name>.debug_info</name>
         <load_address>0xa118</load_address>
         <run_address>0xa118</run_address>
         <size>0x233</size>
         <input_file_ref idref="fl-16"/>
      </object_component>
      <object_component id="oc-1ca">
         <name>.debug_info</name>
         <load_address>0xa34b</load_address>
         <run_address>0xa34b</run_address>
         <size>0x27c</size>
         <input_file_ref idref="fl-16"/>
      </object_component>
      <object_component id="oc-e2">
         <name>.debug_info</name>
         <load_address>0xa5c7</load_address>
         <run_address>0xa5c7</run_address>
         <size>0x398</size>
         <input_file_ref idref="fl-16"/>
      </object_component>
      <object_component id="oc-231">
         <name>.debug_info</name>
         <load_address>0xa95f</load_address>
         <run_address>0xa95f</run_address>
         <size>0x206</size>
         <input_file_ref idref="fl-17"/>
      </object_component>
      <object_component id="oc-134">
         <name>.debug_info</name>
         <load_address>0xab65</load_address>
         <run_address>0xab65</run_address>
         <size>0x27e</size>
         <input_file_ref idref="fl-17"/>
      </object_component>
      <object_component id="oc-12e">
         <name>.debug_info</name>
         <load_address>0xade3</load_address>
         <run_address>0xade3</run_address>
         <size>0x267</size>
         <input_file_ref idref="fl-17"/>
      </object_component>
      <object_component id="oc-142">
         <name>.debug_info</name>
         <load_address>0xb04a</load_address>
         <run_address>0xb04a</run_address>
         <size>0x250</size>
         <input_file_ref idref="fl-17"/>
      </object_component>
      <object_component id="oc-165">
         <name>.debug_info</name>
         <load_address>0xb29a</load_address>
         <run_address>0xb29a</run_address>
         <size>0x1ff</size>
         <input_file_ref idref="fl-18"/>
      </object_component>
      <object_component id="oc-115">
         <name>.debug_info</name>
         <load_address>0xb499</load_address>
         <run_address>0xb499</run_address>
         <size>0x203</size>
         <input_file_ref idref="fl-18"/>
      </object_component>
      <object_component id="oc-11d">
         <name>.debug_info</name>
         <load_address>0xb69c</load_address>
         <run_address>0xb69c</run_address>
         <size>0x21d</size>
         <input_file_ref idref="fl-18"/>
      </object_component>
      <object_component id="oc-12a">
         <name>.debug_info</name>
         <load_address>0xb8b9</load_address>
         <run_address>0xb8b9</run_address>
         <size>0x203</size>
         <input_file_ref idref="fl-18"/>
      </object_component>
      <object_component id="oc-123">
         <name>.debug_info</name>
         <load_address>0xbabc</load_address>
         <run_address>0xbabc</run_address>
         <size>0x1e9</size>
         <input_file_ref idref="fl-18"/>
      </object_component>
      <object_component id="oc-8f">
         <name>.debug_info</name>
         <load_address>0xbca5</load_address>
         <run_address>0xbca5</run_address>
         <size>0x210</size>
         <input_file_ref idref="fl-18"/>
      </object_component>
      <object_component id="oc-94">
         <name>.debug_info</name>
         <load_address>0xbeb5</load_address>
         <run_address>0xbeb5</run_address>
         <size>0x20b</size>
         <input_file_ref idref="fl-18"/>
      </object_component>
      <object_component id="oc-ac">
         <name>.debug_info</name>
         <load_address>0xc0c0</load_address>
         <run_address>0xc0c0</run_address>
         <size>0x2b3</size>
         <input_file_ref idref="fl-18"/>
      </object_component>
      <object_component id="oc-211">
         <name>.debug_info</name>
         <load_address>0xc373</load_address>
         <run_address>0xc373</run_address>
         <size>0x1f3</size>
         <input_file_ref idref="fl-19"/>
      </object_component>
      <object_component id="oc-205">
         <name>.debug_info</name>
         <load_address>0xc566</load_address>
         <run_address>0xc566</run_address>
         <size>0x20f</size>
         <input_file_ref idref="fl-19"/>
      </object_component>
      <object_component id="oc-ee">
         <name>.debug_info</name>
         <load_address>0xc775</load_address>
         <run_address>0xc775</run_address>
         <size>0x52c</size>
         <input_file_ref idref="fl-19"/>
      </object_component>
      <object_component id="oc-20e">
         <name>.debug_info</name>
         <load_address>0xcca1</load_address>
         <run_address>0xcca1</run_address>
         <size>0x22d</size>
         <input_file_ref idref="fl-19"/>
      </object_component>
      <object_component id="oc-e9">
         <name>.debug_info</name>
         <load_address>0xcece</load_address>
         <run_address>0xcece</run_address>
         <size>0x242</size>
         <input_file_ref idref="fl-19"/>
      </object_component>
      <object_component id="oc-5f">
         <name>.debug_info</name>
         <load_address>0xd110</load_address>
         <run_address>0xd110</run_address>
         <size>0x159</size>
         <input_file_ref idref="fl-25"/>
      </object_component>
      <object_component id="oc-10e">
         <name>.debug_info</name>
         <load_address>0xd269</load_address>
         <run_address>0xd269</run_address>
         <size>0x132</size>
         <input_file_ref idref="fl-26"/>
      </object_component>
      <object_component id="oc-154">
         <name>.debug_info</name>
         <load_address>0xd39b</load_address>
         <run_address>0xd39b</run_address>
         <size>0x128</size>
         <input_file_ref idref="fl-27"/>
      </object_component>
      <object_component id="oc-15b">
         <name>.debug_info</name>
         <load_address>0xd4c3</load_address>
         <run_address>0xd4c3</run_address>
         <size>0x12b</size>
         <input_file_ref idref="fl-28"/>
      </object_component>
      <object_component id="oc-fb">
         <name>.debug_info</name>
         <load_address>0xd5ee</load_address>
         <run_address>0xd5ee</run_address>
         <size>0x128</size>
         <input_file_ref idref="fl-29"/>
      </object_component>
      <object_component id="oc-106">
         <name>.debug_info</name>
         <load_address>0xd716</load_address>
         <run_address>0xd716</run_address>
         <size>0x12c</size>
         <input_file_ref idref="fl-2a"/>
      </object_component>
      <object_component id="oc-14f">
         <name>.debug_info</name>
         <load_address>0xd842</load_address>
         <run_address>0xd842</run_address>
         <size>0x128</size>
         <input_file_ref idref="fl-2b"/>
      </object_component>
      <object_component id="oc-4c">
         <name>.debug_info</name>
         <load_address>0xd96a</load_address>
         <run_address>0xd96a</run_address>
         <size>0x19c</size>
         <input_file_ref idref="fl-2c"/>
      </object_component>
      <object_component id="oc-c5">
         <name>.debug_info</name>
         <load_address>0xdb06</load_address>
         <run_address>0xdb06</run_address>
         <size>0x14e</size>
         <input_file_ref idref="fl-2d"/>
      </object_component>
      <object_component id="oc-17b">
         <name>.debug_info</name>
         <load_address>0xdc54</load_address>
         <run_address>0xdc54</run_address>
         <size>0x1c0</size>
         <input_file_ref idref="fl-2e"/>
      </object_component>
      <object_component id="oc-56">
         <name>.debug_info</name>
         <load_address>0xde14</load_address>
         <run_address>0xde14</run_address>
         <size>0x1b7</size>
         <input_file_ref idref="fl-2f"/>
      </object_component>
      <object_component id="oc-2b">
         <name>.debug_info</name>
         <load_address>0xdfcb</load_address>
         <run_address>0xdfcb</run_address>
         <size>0x1b8</size>
         <input_file_ref idref="fl-30"/>
      </object_component>
      <object_component id="oc-25">
         <name>.debug_info</name>
         <load_address>0xe183</load_address>
         <run_address>0xe183</run_address>
         <size>0x20d</size>
         <input_file_ref idref="fl-31"/>
      </object_component>
      <object_component id="oc-1ac">
         <name>.debug_info</name>
         <load_address>0xe390</load_address>
         <run_address>0xe390</run_address>
         <size>0x19f</size>
         <input_file_ref idref="fl-32"/>
      </object_component>
      <object_component id="oc-d3">
         <name>.debug_info</name>
         <load_address>0xe52f</load_address>
         <run_address>0xe52f</run_address>
         <size>0x1aa</size>
         <input_file_ref idref="fl-32"/>
      </object_component>
      <object_component id="oc-1af">
         <name>.debug_info</name>
         <load_address>0xe6d9</load_address>
         <run_address>0xe6d9</run_address>
         <size>0x108</size>
         <input_file_ref idref="fl-33"/>
      </object_component>
      <object_component id="oc-2a8">
         <name>.debug_info</name>
         <load_address>0xe7e1</load_address>
         <run_address>0xe7e1</run_address>
         <size>0x10c</size>
         <input_file_ref idref="fl-33"/>
      </object_component>
      <object_component id="oc-278">
         <name>.debug_info</name>
         <load_address>0xe8ed</load_address>
         <run_address>0xe8ed</run_address>
         <size>0x204</size>
         <input_file_ref idref="fl-33"/>
      </object_component>
      <object_component id="oc-cd">
         <name>.debug_info</name>
         <load_address>0xeaf1</load_address>
         <run_address>0xeaf1</run_address>
         <size>0x15e</size>
         <input_file_ref idref="fl-34"/>
      </object_component>
      <object_component id="oc-25d">
         <name>.debug_info</name>
         <load_address>0xec4f</load_address>
         <run_address>0xec4f</run_address>
         <size>0x148</size>
         <input_file_ref idref="fl-37"/>
      </object_component>
      <object_component id="oc-2f0">
         <name>.debug_info</name>
         <load_address>0xed97</load_address>
         <run_address>0xed97</run_address>
         <size>0xb2</size>
      </object_component>
      <object_component id="oc-104">
         <name>.debug_line</name>
         <load_address>0x0</load_address>
         <run_address>0x0</run_address>
         <size>0x2f</size>
         <input_file_ref idref="fl-2"/>
      </object_component>
      <object_component id="oc-f9">
         <name>.debug_line</name>
         <load_address>0x2f</load_address>
         <run_address>0x2f</run_address>
         <size>0x2f</size>
         <input_file_ref idref="fl-2"/>
      </object_component>
      <object_component id="oc-40">
         <name>.debug_line</name>
         <load_address>0x5e</load_address>
         <run_address>0x5e</run_address>
         <size>0x1bf</size>
         <input_file_ref idref="fl-2"/>
      </object_component>
      <object_component id="oc-16a">
         <name>.debug_line</name>
         <load_address>0x21d</load_address>
         <run_address>0x21d</run_address>
         <size>0x138</size>
         <input_file_ref idref="fl-2"/>
      </object_component>
      <object_component id="oc-34">
         <name>.debug_line</name>
         <load_address>0x355</load_address>
         <run_address>0x355</run_address>
         <size>0x55</size>
         <input_file_ref idref="fl-3"/>
      </object_component>
      <object_component id="oc-218">
         <name>.debug_line</name>
         <load_address>0x3aa</load_address>
         <run_address>0x3aa</run_address>
         <size>0x37</size>
         <input_file_ref idref="fl-4"/>
      </object_component>
      <object_component id="oc-6e">
         <name>.debug_line</name>
         <load_address>0x3e1</load_address>
         <run_address>0x3e1</run_address>
         <size>0x2ff</size>
         <input_file_ref idref="fl-4"/>
      </object_component>
      <object_component id="oc-21a">
         <name>.debug_line</name>
         <load_address>0x6e0</load_address>
         <run_address>0x6e0</run_address>
         <size>0xce</size>
         <input_file_ref idref="fl-4"/>
      </object_component>
      <object_component id="oc-8a">
         <name>.debug_line</name>
         <load_address>0x7ae</load_address>
         <run_address>0x7ae</run_address>
         <size>0xc9</size>
         <input_file_ref idref="fl-5"/>
      </object_component>
      <object_component id="oc-226">
         <name>.debug_line</name>
         <load_address>0x877</load_address>
         <run_address>0x877</run_address>
         <size>0xc5</size>
         <input_file_ref idref="fl-5"/>
      </object_component>
      <object_component id="oc-7d">
         <name>.debug_line</name>
         <load_address>0x93c</load_address>
         <run_address>0x93c</run_address>
         <size>0x119</size>
         <input_file_ref idref="fl-6"/>
      </object_component>
      <object_component id="oc-221">
         <name>.debug_line</name>
         <load_address>0xa55</load_address>
         <run_address>0xa55</run_address>
         <size>0x109</size>
         <input_file_ref idref="fl-6"/>
      </object_component>
      <object_component id="oc-7b">
         <name>.debug_line</name>
         <load_address>0xb5e</load_address>
         <run_address>0xb5e</run_address>
         <size>0xb5</size>
         <input_file_ref idref="fl-7"/>
      </object_component>
      <object_component id="oc-21e">
         <name>.debug_line</name>
         <load_address>0xc13</load_address>
         <run_address>0xc13</run_address>
         <size>0x75</size>
         <input_file_ref idref="fl-7"/>
      </object_component>
      <object_component id="oc-23d">
         <name>.debug_line</name>
         <load_address>0xc88</load_address>
         <run_address>0xc88</run_address>
         <size>0x35</size>
         <input_file_ref idref="fl-8"/>
      </object_component>
      <object_component id="oc-9e">
         <name>.debug_line</name>
         <load_address>0xcbd</load_address>
         <run_address>0xcbd</run_address>
         <size>0x307</size>
         <input_file_ref idref="fl-8"/>
      </object_component>
      <object_component id="oc-23f">
         <name>.debug_line</name>
         <load_address>0xfc4</load_address>
         <run_address>0xfc4</run_address>
         <size>0xca</size>
         <input_file_ref idref="fl-8"/>
      </object_component>
      <object_component id="oc-24f">
         <name>.debug_line</name>
         <load_address>0x108e</load_address>
         <run_address>0x108e</run_address>
         <size>0x36</size>
         <input_file_ref idref="fl-9"/>
      </object_component>
      <object_component id="oc-a5">
         <name>.debug_line</name>
         <load_address>0x10c4</load_address>
         <run_address>0x10c4</run_address>
         <size>0x69e</size>
         <input_file_ref idref="fl-9"/>
      </object_component>
      <object_component id="oc-251">
         <name>.debug_line</name>
         <load_address>0x1762</load_address>
         <run_address>0x1762</run_address>
         <size>0x116</size>
         <input_file_ref idref="fl-9"/>
      </object_component>
      <object_component id="oc-9c">
         <name>.debug_line</name>
         <load_address>0x1878</load_address>
         <run_address>0x1878</run_address>
         <size>0xf2</size>
         <input_file_ref idref="fl-a"/>
      </object_component>
      <object_component id="oc-23a">
         <name>.debug_line</name>
         <load_address>0x196a</load_address>
         <run_address>0x196a</run_address>
         <size>0x6b</size>
         <input_file_ref idref="fl-a"/>
      </object_component>
      <object_component id="oc-e0">
         <name>.debug_line</name>
         <load_address>0x19d5</load_address>
         <run_address>0x19d5</run_address>
         <size>0x38</size>
         <input_file_ref idref="fl-b"/>
      </object_component>
      <object_component id="oc-67">
         <name>.debug_line</name>
         <load_address>0x1a0d</load_address>
         <run_address>0x1a0d</run_address>
         <size>0x298</size>
         <input_file_ref idref="fl-b"/>
      </object_component>
      <object_component id="oc-43">
         <name>.debug_line</name>
         <load_address>0x1ca5</load_address>
         <run_address>0x1ca5</run_address>
         <size>0x86</size>
         <input_file_ref idref="fl-b"/>
      </object_component>
      <object_component id="oc-16d">
         <name>.debug_line</name>
         <load_address>0x1d2b</load_address>
         <run_address>0x1d2b</run_address>
         <size>0x121</size>
         <input_file_ref idref="fl-b"/>
      </object_component>
      <object_component id="oc-1b8">
         <name>.debug_line</name>
         <load_address>0x1e4c</load_address>
         <run_address>0x1e4c</run_address>
         <size>0x9c</size>
         <input_file_ref idref="fl-14"/>
      </object_component>
      <object_component id="oc-dc">
         <name>.debug_line</name>
         <load_address>0x1ee8</load_address>
         <run_address>0x1ee8</run_address>
         <size>0x9e</size>
         <input_file_ref idref="fl-14"/>
      </object_component>
      <object_component id="oc-282">
         <name>.debug_line</name>
         <load_address>0x1f86</load_address>
         <run_address>0x1f86</run_address>
         <size>0xe8</size>
         <input_file_ref idref="fl-14"/>
      </object_component>
      <object_component id="oc-246">
         <name>.debug_line</name>
         <load_address>0x206e</load_address>
         <run_address>0x206e</run_address>
         <size>0x9c</size>
         <input_file_ref idref="fl-15"/>
      </object_component>
      <object_component id="oc-14c">
         <name>.debug_line</name>
         <load_address>0x210a</load_address>
         <run_address>0x210a</run_address>
         <size>0x98</size>
         <input_file_ref idref="fl-15"/>
      </object_component>
      <object_component id="oc-29e">
         <name>.debug_line</name>
         <load_address>0x21a2</load_address>
         <run_address>0x21a2</run_address>
         <size>0xe4</size>
         <input_file_ref idref="fl-15"/>
      </object_component>
      <object_component id="oc-1c0">
         <name>.debug_line</name>
         <load_address>0x2286</load_address>
         <run_address>0x2286</run_address>
         <size>0x99</size>
         <input_file_ref idref="fl-16"/>
      </object_component>
      <object_component id="oc-1c7">
         <name>.debug_line</name>
         <load_address>0x231f</load_address>
         <run_address>0x231f</run_address>
         <size>0x99</size>
         <input_file_ref idref="fl-16"/>
      </object_component>
      <object_component id="oc-1ec">
         <name>.debug_line</name>
         <load_address>0x23b8</load_address>
         <run_address>0x23b8</run_address>
         <size>0x9d</size>
         <input_file_ref idref="fl-16"/>
      </object_component>
      <object_component id="oc-1d3">
         <name>.debug_line</name>
         <load_address>0x2455</load_address>
         <run_address>0x2455</run_address>
         <size>0x9c</size>
         <input_file_ref idref="fl-16"/>
      </object_component>
      <object_component id="oc-1da">
         <name>.debug_line</name>
         <load_address>0x24f1</load_address>
         <run_address>0x24f1</run_address>
         <size>0x9c</size>
         <input_file_ref idref="fl-16"/>
      </object_component>
      <object_component id="oc-1f8">
         <name>.debug_line</name>
         <load_address>0x258d</load_address>
         <run_address>0x258d</run_address>
         <size>0x9c</size>
         <input_file_ref idref="fl-16"/>
      </object_component>
      <object_component id="oc-1e6">
         <name>.debug_line</name>
         <load_address>0x2629</load_address>
         <run_address>0x2629</run_address>
         <size>0x9c</size>
         <input_file_ref idref="fl-16"/>
      </object_component>
      <object_component id="oc-1f2">
         <name>.debug_line</name>
         <load_address>0x26c5</load_address>
         <run_address>0x26c5</run_address>
         <size>0x9c</size>
         <input_file_ref idref="fl-16"/>
      </object_component>
      <object_component id="oc-1e0">
         <name>.debug_line</name>
         <load_address>0x2761</load_address>
         <run_address>0x2761</run_address>
         <size>0x9c</size>
         <input_file_ref idref="fl-16"/>
      </object_component>
      <object_component id="oc-1fe">
         <name>.debug_line</name>
         <load_address>0x27fd</load_address>
         <run_address>0x27fd</run_address>
         <size>0x9c</size>
         <input_file_ref idref="fl-16"/>
      </object_component>
      <object_component id="oc-1ce">
         <name>.debug_line</name>
         <load_address>0x2899</load_address>
         <run_address>0x2899</run_address>
         <size>0x9d</size>
         <input_file_ref idref="fl-16"/>
      </object_component>
      <object_component id="oc-e6">
         <name>.debug_line</name>
         <load_address>0x2936</load_address>
         <run_address>0x2936</run_address>
         <size>0xa4</size>
         <input_file_ref idref="fl-16"/>
      </object_component>
      <object_component id="oc-290">
         <name>.debug_line</name>
         <load_address>0x29da</load_address>
         <run_address>0x29da</run_address>
         <size>0xe5</size>
         <input_file_ref idref="fl-16"/>
      </object_component>
      <object_component id="oc-230">
         <name>.debug_line</name>
         <load_address>0x2abf</load_address>
         <run_address>0x2abf</run_address>
         <size>0x98</size>
         <input_file_ref idref="fl-17"/>
      </object_component>
      <object_component id="oc-137">
         <name>.debug_line</name>
         <load_address>0x2b57</load_address>
         <run_address>0x2b57</run_address>
         <size>0xa7</size>
         <input_file_ref idref="fl-17"/>
      </object_component>
      <object_component id="oc-131">
         <name>.debug_line</name>
         <load_address>0x2bfe</load_address>
         <run_address>0x2bfe</run_address>
         <size>0xc0</size>
         <input_file_ref idref="fl-17"/>
      </object_component>
      <object_component id="oc-146">
         <name>.debug_line</name>
         <load_address>0x2cbe</load_address>
         <run_address>0x2cbe</run_address>
         <size>0x9f</size>
         <input_file_ref idref="fl-17"/>
      </object_component>
      <object_component id="oc-29a">
         <name>.debug_line</name>
         <load_address>0x2d5d</load_address>
         <run_address>0x2d5d</run_address>
         <size>0xe4</size>
         <input_file_ref idref="fl-17"/>
      </object_component>
      <object_component id="oc-164">
         <name>.debug_line</name>
         <load_address>0x2e41</load_address>
         <run_address>0x2e41</run_address>
         <size>0x9d</size>
         <input_file_ref idref="fl-18"/>
      </object_component>
      <object_component id="oc-117">
         <name>.debug_line</name>
         <load_address>0x2ede</load_address>
         <run_address>0x2ede</run_address>
         <size>0x9d</size>
         <input_file_ref idref="fl-18"/>
      </object_component>
      <object_component id="oc-11f">
         <name>.debug_line</name>
         <load_address>0x2f7b</load_address>
         <run_address>0x2f7b</run_address>
         <size>0xa3</size>
         <input_file_ref idref="fl-18"/>
      </object_component>
      <object_component id="oc-129">
         <name>.debug_line</name>
         <load_address>0x301e</load_address>
         <run_address>0x301e</run_address>
         <size>0x9b</size>
         <input_file_ref idref="fl-18"/>
      </object_component>
      <object_component id="oc-125">
         <name>.debug_line</name>
         <load_address>0x30b9</load_address>
         <run_address>0x30b9</run_address>
         <size>0x9b</size>
         <input_file_ref idref="fl-18"/>
      </object_component>
      <object_component id="oc-8e">
         <name>.debug_line</name>
         <load_address>0x3154</load_address>
         <run_address>0x3154</run_address>
         <size>0xb8</size>
         <input_file_ref idref="fl-18"/>
      </object_component>
      <object_component id="oc-96">
         <name>.debug_line</name>
         <load_address>0x320c</load_address>
         <run_address>0x320c</run_address>
         <size>0xb1</size>
         <input_file_ref idref="fl-18"/>
      </object_component>
      <object_component id="oc-ae">
         <name>.debug_line</name>
         <load_address>0x32bd</load_address>
         <run_address>0x32bd</run_address>
         <size>0xb5</size>
         <input_file_ref idref="fl-18"/>
      </object_component>
      <object_component id="oc-22a">
         <name>.debug_line</name>
         <load_address>0x3372</load_address>
         <run_address>0x3372</run_address>
         <size>0x21</size>
         <input_file_ref idref="fl-18"/>
      </object_component>
      <object_component id="oc-214">
         <name>.debug_line</name>
         <load_address>0x3393</load_address>
         <run_address>0x3393</run_address>
         <size>0x9d</size>
         <input_file_ref idref="fl-19"/>
      </object_component>
      <object_component id="oc-209">
         <name>.debug_line</name>
         <load_address>0x3430</load_address>
         <run_address>0x3430</run_address>
         <size>0x9a</size>
         <input_file_ref idref="fl-19"/>
      </object_component>
      <object_component id="oc-f2">
         <name>.debug_line</name>
         <load_address>0x34ca</load_address>
         <run_address>0x34ca</run_address>
         <size>0x1b3</size>
         <input_file_ref idref="fl-19"/>
      </object_component>
      <object_component id="oc-20d">
         <name>.debug_line</name>
         <load_address>0x367d</load_address>
         <run_address>0x367d</run_address>
         <size>0xc9</size>
         <input_file_ref idref="fl-19"/>
      </object_component>
      <object_component id="oc-e8">
         <name>.debug_line</name>
         <load_address>0x3746</load_address>
         <run_address>0x3746</run_address>
         <size>0xc7</size>
         <input_file_ref idref="fl-19"/>
      </object_component>
      <object_component id="oc-293">
         <name>.debug_line</name>
         <load_address>0x380d</load_address>
         <run_address>0x380d</run_address>
         <size>0xe6</size>
         <input_file_ref idref="fl-19"/>
      </object_component>
      <object_component id="oc-62">
         <name>.debug_line</name>
         <load_address>0x38f3</load_address>
         <run_address>0x38f3</run_address>
         <size>0x4f</size>
         <input_file_ref idref="fl-25"/>
      </object_component>
      <object_component id="oc-10c">
         <name>.debug_line</name>
         <load_address>0x3942</load_address>
         <run_address>0x3942</run_address>
         <size>0x61</size>
         <input_file_ref idref="fl-26"/>
      </object_component>
      <object_component id="oc-157">
         <name>.debug_line</name>
         <load_address>0x39a3</load_address>
         <run_address>0x39a3</run_address>
         <size>0xa3</size>
         <input_file_ref idref="fl-27"/>
      </object_component>
      <object_component id="oc-159">
         <name>.debug_line</name>
         <load_address>0x3a46</load_address>
         <run_address>0x3a46</run_address>
         <size>0x58</size>
         <input_file_ref idref="fl-28"/>
      </object_component>
      <object_component id="oc-fe">
         <name>.debug_line</name>
         <load_address>0x3a9e</load_address>
         <run_address>0x3a9e</run_address>
         <size>0xae</size>
         <input_file_ref idref="fl-29"/>
      </object_component>
      <object_component id="oc-109">
         <name>.debug_line</name>
         <load_address>0x3b4c</load_address>
         <run_address>0x3b4c</run_address>
         <size>0x59</size>
         <input_file_ref idref="fl-2a"/>
      </object_component>
      <object_component id="oc-152">
         <name>.debug_line</name>
         <load_address>0x3ba5</load_address>
         <run_address>0x3ba5</run_address>
         <size>0xb4</size>
         <input_file_ref idref="fl-2b"/>
      </object_component>
      <object_component id="oc-4b">
         <name>.debug_line</name>
         <load_address>0x3c59</load_address>
         <run_address>0x3c59</run_address>
         <size>0x63</size>
         <input_file_ref idref="fl-2c"/>
      </object_component>
      <object_component id="oc-170">
         <name>.debug_line</name>
         <load_address>0x3cbc</load_address>
         <run_address>0x3cbc</run_address>
         <size>0x21</size>
         <input_file_ref idref="fl-2c"/>
      </object_component>
      <object_component id="oc-c8">
         <name>.debug_line</name>
         <load_address>0x3cdd</load_address>
         <run_address>0x3cdd</run_address>
         <size>0x3f</size>
         <input_file_ref idref="fl-2d"/>
      </object_component>
      <object_component id="oc-258">
         <name>.debug_line</name>
         <load_address>0x3d1c</load_address>
         <run_address>0x3d1c</run_address>
         <size>0x21</size>
         <input_file_ref idref="fl-2d"/>
      </object_component>
      <object_component id="oc-17e">
         <name>.debug_line</name>
         <load_address>0x3d3d</load_address>
         <run_address>0x3d3d</run_address>
         <size>0x71</size>
         <input_file_ref idref="fl-2e"/>
      </object_component>
      <object_component id="oc-2a3">
         <name>.debug_line</name>
         <load_address>0x3dae</load_address>
         <run_address>0x3dae</run_address>
         <size>0x21</size>
         <input_file_ref idref="fl-2e"/>
      </object_component>
      <object_component id="oc-55">
         <name>.debug_line</name>
         <load_address>0x3dcf</load_address>
         <run_address>0x3dcf</run_address>
         <size>0x4e</size>
         <input_file_ref idref="fl-2f"/>
      </object_component>
      <object_component id="oc-173">
         <name>.debug_line</name>
         <load_address>0x3e1d</load_address>
         <run_address>0x3e1d</run_address>
         <size>0x21</size>
         <input_file_ref idref="fl-2f"/>
      </object_component>
      <object_component id="oc-2d">
         <name>.debug_line</name>
         <load_address>0x3e3e</load_address>
         <run_address>0x3e3e</run_address>
         <size>0x57</size>
         <input_file_ref idref="fl-30"/>
      </object_component>
      <object_component id="oc-b9">
         <name>.debug_line</name>
         <load_address>0x3e95</load_address>
         <run_address>0x3e95</run_address>
         <size>0x21</size>
         <input_file_ref idref="fl-30"/>
      </object_component>
      <object_component id="oc-24">
         <name>.debug_line</name>
         <load_address>0x3eb6</load_address>
         <run_address>0x3eb6</run_address>
         <size>0x9a</size>
         <input_file_ref idref="fl-31"/>
      </object_component>
      <object_component id="oc-b4">
         <name>.debug_line</name>
         <load_address>0x3f50</load_address>
         <run_address>0x3f50</run_address>
         <size>0x21</size>
         <input_file_ref idref="fl-31"/>
      </object_component>
      <object_component id="oc-273">
         <name>.debug_line</name>
         <load_address>0x3f71</load_address>
         <run_address>0x3f71</run_address>
         <size>0x2b</size>
         <input_file_ref idref="fl-32"/>
      </object_component>
      <object_component id="oc-d6">
         <name>.debug_line</name>
         <load_address>0x3f9c</load_address>
         <run_address>0x3f9c</run_address>
         <size>0x66</size>
         <input_file_ref idref="fl-32"/>
      </object_component>
      <object_component id="oc-27e">
         <name>.debug_line</name>
         <load_address>0x4002</load_address>
         <run_address>0x4002</run_address>
         <size>0x21</size>
         <input_file_ref idref="fl-32"/>
      </object_component>
      <object_component id="oc-27b">
         <name>.debug_line</name>
         <load_address>0x4023</load_address>
         <run_address>0x4023</run_address>
         <size>0x2c</size>
         <input_file_ref idref="fl-33"/>
      </object_component>
      <object_component id="oc-2b5">
         <name>.debug_line</name>
         <load_address>0x404f</load_address>
         <run_address>0x404f</run_address>
         <size>0x2c</size>
         <input_file_ref idref="fl-33"/>
      </object_component>
      <object_component id="oc-277">
         <name>.debug_line</name>
         <load_address>0x407b</load_address>
         <run_address>0x407b</run_address>
         <size>0x5f</size>
         <input_file_ref idref="fl-33"/>
      </object_component>
      <object_component id="oc-2ac">
         <name>.debug_line</name>
         <load_address>0x40da</load_address>
         <run_address>0x40da</run_address>
         <size>0x21</size>
         <input_file_ref idref="fl-33"/>
      </object_component>
      <object_component id="oc-cc">
         <name>.debug_line</name>
         <load_address>0x40fb</load_address>
         <run_address>0x40fb</run_address>
         <size>0x4e</size>
         <input_file_ref idref="fl-34"/>
      </object_component>
      <object_component id="oc-270">
         <name>.debug_line</name>
         <load_address>0x4149</load_address>
         <run_address>0x4149</run_address>
         <size>0x30</size>
         <input_file_ref idref="fl-34"/>
      </object_component>
      <object_component id="oc-25f">
         <name>.debug_line</name>
         <load_address>0x4179</load_address>
         <run_address>0x4179</run_address>
         <size>0x3b</size>
         <input_file_ref idref="fl-37"/>
      </object_component>
      <object_component id="oc-2af">
         <name>.debug_line</name>
         <load_address>0x41b4</load_address>
         <run_address>0x41b4</run_address>
         <size>0x21</size>
         <input_file_ref idref="fl-37"/>
      </object_component>
      <object_component id="oc-41">
         <name>.debug_frame</name>
         <load_address>0x0</load_address>
         <run_address>0x0</run_address>
         <size>0x94</size>
         <input_file_ref idref="fl-2"/>
      </object_component>
      <object_component id="oc-72">
         <name>.debug_frame</name>
         <load_address>0x94</load_address>
         <run_address>0x94</run_address>
         <size>0x1c4</size>
         <input_file_ref idref="fl-4"/>
      </object_component>
      <object_component id="oc-87">
         <name>.debug_frame</name>
         <load_address>0x258</load_address>
         <run_address>0x258</run_address>
         <size>0xa0</size>
         <input_file_ref idref="fl-5"/>
      </object_component>
      <object_component id="oc-7e">
         <name>.debug_frame</name>
         <load_address>0x2f8</load_address>
         <run_address>0x2f8</run_address>
         <size>0x98</size>
         <input_file_ref idref="fl-6"/>
      </object_component>
      <object_component id="oc-77">
         <name>.debug_frame</name>
         <load_address>0x390</load_address>
         <run_address>0x390</run_address>
         <size>0xb4</size>
         <input_file_ref idref="fl-7"/>
      </object_component>
      <object_component id="oc-9f">
         <name>.debug_frame</name>
         <load_address>0x444</load_address>
         <run_address>0x444</run_address>
         <size>0x244</size>
         <input_file_ref idref="fl-8"/>
      </object_component>
      <object_component id="oc-a4">
         <name>.debug_frame</name>
[...]
         <origin>0x3f800</origin>
         <length>0x400</length>
         <used_space>0x0</used_space>
         <unused_space>0x400</unused_space>
         <attributes>RWIX</attributes>
         <usage_details>
         </usage_details>
      </memory_area>
      <memory_area display="yes" color="green">
         <name>CPU1TOCPU2RAM</name>
         <page_id>0x1</page_id>
         <origin>0x3fc00</origin>
         <length>0x400</length>
         <used_space>0x0</used_space>
         <unused_space>0x400</unused_space>
         <attributes>RWIX</attributes>
         <usage_details>
         </usage_details>
      </memory_area>
   </placement_map>
   <cptbl_list>
      <cptbl>
         <name>__TI_cinit_table</name>
         <cprec>
            <name>.data</name>
            <load_address>0x837f8</load_address>
            <load_size>0x20</load_size>
            <run_address>0xa800</run_address>
            <run_size>0x8a</run_size>
            <compression>lzss</compression>
         </cprec>
         <cprec>
            <name>.bss</name>
            <load_address>0x8381e</load_address>
            <load_size>0x4</load_size>
            <run_address>0xa88a</run_address>
            <run_size>0xae</run_size>
            <compression>zero_init</compression>
         </cprec>
      </cptbl>
   </cptbl_list>
   <handler_table>
      <handler_table_name>__TI_handler_table</handler_table_name>
      <handler>
         <index>0x0</index>
         <name>__TI_zero_init</name>
      </handler>
      <handler>
         <index>0x1</index>
         <name>__TI_decompress_lzss</name>
      </handler>
      <handler>
         <index>0x2</index>
         <name>__TI_decompress_none</name>
      </handler>
   </handler_table>
   <symbol_table>
      <symbol id="sm-1">
         <name>RamfuncsLoadStart</name>
         <value>0x86000</value>
      </symbol>
      <symbol id="sm-2">
         <name>RamfuncsLoadSize</name>
         <value>0x12f</value>
      </symbol>
      <symbol id="sm-3">
         <name>RamfuncsLoadEnd</name>
         <value>0x8612f</value>
      </symbol>
      <symbol id="sm-4">
         <name>RamfuncsRunStart</name>
         <value>0x8000</value>
      </symbol>
      <symbol id="sm-5">
         <name>RamfuncsRunSize</name>
         <value>0x12f</value>
      </symbol>
      <symbol id="sm-6">
         <name>RamfuncsRunEnd</name>
         <value>0x812f</value>
      </symbol>
      <symbol id="sm-7">
         <name>__TI_CINIT_Base</name>
         <value>0x83824</value>
      </symbol>
      <symbol id="sm-8">
         <name>__TI_CINIT_Limit</name>
         <value>0x8382c</value>
      </symbol>
      <symbol id="sm-9">
         <name>__TI_Handler_Table_Base</name>
         <value>0x83818</value>
      </symbol>
      <symbol id="sm-a">
         <name>__TI_Handler_Table_Limit</name>
         <value>0x8381e</value>
      </symbol>
      <symbol id="sm-b">
         <name>__TI_STACK_SIZE</name>
         <value>0x3f8</value>
      </symbol>
      <symbol id="sm-c">
         <name>__TI_STACK_END</name>
         <value>0x7f8</value>
      </symbol>
      <symbol id="sm-d">
         <name>__TI_pprof_out_hndl</name>
         <value>0xffffffff</value>
      </symbol>
      <symbol id="sm-e">
         <name>__TI_prof_data_start</name>
         <value>0xffffffff</value>
      </symbol>
      <symbol id="sm-f">
         <name>__TI_prof_data_size</name>
         <value>0xffffffff</value>
      </symbol>
      <symbol id="sm-53">
         <name>mppt_one</name>
         <value>0xa900</value>
         <object_component_ref idref="oc-73"/>
      </symbol>
      <symbol id="sm-54">
         <name>battery</name>
         <value>0xa870</value>
         <object_component_ref idref="oc-82"/>
      </symbol>
      <symbol id="sm-55">
         <name>main</name>
         <value>0x82d6e</value>
         <object_component_ref idref="oc-3c"/>
      </symbol>
      <symbol id="sm-56">
         <name>five_volt_buck_pid</name>
         <value>0xa8c0</value>
         <object_component_ref idref="oc-73"/>
      </symbol>
      <symbol id="sm-57">
         <name>three_volt_buck_pid</name>
         <value>0xa8d4</value>
         <object_component_ref idref="oc-73"/>
      </symbol>
      <symbol id="sm-58">
         <name>mppt_two</name>
         <value>0xa91c</value>
         <object_component_ref idref="oc-73"/>
      </symbol>
      <symbol id="sm-60">
         <name>code_start</name>
         <value>0x80000</value>
         <object_component_ref idref="oc-30"/>
      </symbol>
      <symbol id="sm-7b">
         <name>Device_enableAllPeripherals</name>
         <value>0x8298b</value>
         <object_component_ref idref="oc-6d"/>
      </symbol>
      <symbol id="sm-7c">
         <name>Device_initGPIO</name>
         <value>0x82a76</value>
         <object_component_ref idref="oc-6d"/>
      </symbol>
      <symbol id="sm-7d">
         <name>Example_Fail</name>
         <value>0xa87c</value>
         <object_component_ref idref="oc-f3"/>
      </symbol>
      <symbol id="sm-7e">
         <name>Example_setResultFail</name>
         <value>0x82b24</value>
         <object_component_ref idref="oc-6d"/>
      </symbol>
      <symbol id="sm-7f">
         <name>Device_init</name>
         <value>0x8295a</value>
         <object_component_ref idref="oc-6d"/>
      </symbol>
      <symbol id="sm-80">
         <name>Example_Result</name>
         <value>0xa878</value>
         <object_component_ref idref="oc-f3"/>
      </symbol>
      <symbol id="sm-81">
         <name>Device_enableUnbondedGPIOPullups</name>
         <value>0x82ad1</value>
         <object_component_ref idref="oc-6d"/>
      </symbol>
      <symbol id="sm-82">
         <name>__error__</name>
         <value>0x82b18</value>
         <object_component_ref idref="oc-6d"/>
      </symbol>
      <symbol id="sm-83">
         <name>Example_setResultPass</name>
         <value>0x82b1f</value>
         <object_component_ref idref="oc-6d"/>
      </symbol>
      <symbol id="sm-84">
         <name>Device_configureTMXAnalogTrim</name>
         <value>0x82ae7</value>
         <object_component_ref idref="oc-6d"/>
      </symbol>
      <symbol id="sm-85">
         <name>Device_enableUnbondedGPIOPullupsFor176Pin</name>
         <value>0x82a97</value>
         <object_component_ref idref="oc-6d"/>
      </symbol>
      <symbol id="sm-86">
         <name>Example_done</name>
         <value>0x82b29</value>
         <object_component_ref idref="oc-6d"/>
      </symbol>
      <symbol id="sm-87">
         <name>Example_PassCount</name>
         <value>0xa87a</value>
         <object_component_ref idref="oc-f3"/>
      </symbol>
      <symbol id="sm-88">
         <name>Device_enableUnbondedGPIOPullupsFor100Pin</name>
         <value>0x82aae</value>
         <object_component_ref idref="oc-6d"/>
      </symbol>
      <symbol id="sm-a0">
         <name>determine_cc_cv</name>
         <value>0x830c7</value>
         <object_component_ref idref="oc-85"/>
      </symbol>
      <symbol id="sm-a1">
         <name>init_battery</name>
         <value>0x8309a</value>
         <object_component_ref idref="oc-85"/>
      </symbol>
      <symbol id="sm-a2">
         <name>determine_battery_state</name>
         <value>0x830fb</value>
         <object_component_ref idref="oc-85"/>
      </symbol>
      <symbol id="sm-a3">
         <name>update_battery</name>
         <value>0x830ac</value>
         <object_component_ref idref="oc-85"/>
      </symbol>
      <symbol id="sm-b5">
         <name>mppt_update_values</name>
         <value>0x82ea9</value>
         <object_component_ref idref="oc-7c"/>
      </symbol>
      <symbol id="sm-b6">
         <name>mppt_init</name>
         <value>0x82e75</value>
         <object_component_ref idref="oc-7c"/>
      </symbol>
      <symbol id="sm-b7">
         <name>mppt_calculate</name>
         <value>0x82f07</value>
         <object_component_ref idref="oc-7c"/>
      </symbol>
      <symbol id="sm-c4">
         <name>PID_calculate_integral</name>
         <value>0x82f7d</value>
         <object_component_ref idref="oc-76"/>
      </symbol>
      <symbol id="sm-c5">
         <name>PID_init</name>
         <value>0x82f36</value>
         <object_component_ref idref="oc-76"/>
      </symbol>
      <symbol id="sm-c6">
         <name>PID_calculate_derivative</name>
         <value>0x82f9d</value>
         <object_component_ref idref="oc-76"/>
      </symbol>
      <symbol id="sm-c7">
         <name>PID_calculate_error</name>
         <value>0x82f6d</value>
         <object_component_ref idref="oc-76"/>
      </symbol>
      <symbol id="sm-c8">
         <name>PID_calculate</name>
         <value>0x82fb7</value>
         <object_component_ref idref="oc-76"/>
      </symbol>
      <symbol id="sm-107">
         <name>adc_convert_to_v</name>
         <value>0x827cb</value>
         <object_component_ref idref="oc-9d"/>
      </symbol>
      <symbol id="sm-108">
         <name>get_buck_stepped_down_v</name>
         <value>0x82752</value>
         <object_component_ref idref="oc-9d"/>
      </symbol>
      <symbol id="sm-109">
         <name>adc_convert_to_mv</name>
         <value>0x827bb</value>
         <object_component_ref idref="oc-9d"/>
      </symbol>
      <symbol id="sm-10a">
         <name>init_adc</name>
         <value>0x826c2</value>
         <object_component_ref idref="oc-9d"/>
      </symbol>
      <symbol id="sm-10b">
         <name>update_output_buck_conversions</name>
         <value>0x827dd</value>
         <object_component_ref idref="oc-9d"/>
      </symbol>
      <symbol id="sm-10c">
         <name>get_buck_v</name>
         <value>0x8273b</value>
         <object_component_ref idref="oc-9d"/>
      </symbol>
      <symbol id="sm-10d">
         <name>get_mppt_stepped_down_v</name>
         <value>0x82781</value>
         <object_component_ref idref="oc-9d"/>
      </symbol>
      <symbol id="sm-10e">
         <name>get_mppt_i</name>
         <value>0x82799</value>
         <object_component_ref idref="oc-9d"/>
      </symbol>
      <symbol id="sm-10f">
         <name>get_mppt_v</name>
         <value>0x82769</value>
         <object_component_ref idref="oc-9d"/>
      </symbol>
      <symbol id="sm-110">
         <name>get_battery_v</name>
         <value>0x827b1</value>
         <object_component_ref idref="oc-9d"/>
      </symbol>
      <symbol id="sm-111">
         <name>get_battery_i</name>
         <value>0x827b6</value>
         <object_component_ref idref="oc-9d"/>
      </symbol>
      <symbol id="sm-112">
         <name>update_mppt_conversions</name>
         <value>0x82832</value>
         <object_component_ref idref="oc-9d"/>
      </symbol>
      <symbol id="sm-113">
         <name>update_battery_conversions</name>
         <value>0x828b9</value>
         <object_component_ref idref="oc-9d"/>
      </symbol>
      <symbol id="sm-185">
         <name>initEPWM3</name>
         <value>0x823d1</value>
         <object_component_ref idref="oc-a3"/>
      </symbol>
      <symbol id="sm-186">
         <name>initEPWM1</name>
         <value>0x82305</value>
         <object_component_ref idref="oc-a3"/>
      </symbol>
      <symbol id="sm-187">
         <name>get_duty_cycle</name>
         <value>0x82602</value>
         <object_component_ref idref="oc-a3"/>
      </symbol>
      <symbol id="sm-188">
         <name>initEPWMGPIO</name>
         <value>0x822b3</value>
         <object_component_ref idref="oc-a3"/>
      </symbol>
      <symbol id="sm-189">
         <name>change_pwm_duty_cycle</name>
         <value>0x82562</value>
         <object_component_ref idref="oc-a3"/>
      </symbol>
      <symbol id="sm-18a">
         <name>initEPWM</name>
         <value>0x82461</value>
         <object_component_ref idref="oc-a3"/>
      </symbol>
      <symbol id="sm-19b">
         <name>init_led5</name>
         <value>0x8341c</value>
         <object_component_ref idref="oc-97"/>
      </symbol>
      <symbol id="sm-19c">
         <name>toggle_led</name>
         <value>0x8343b</value>
         <object_component_ref idref="oc-97"/>
      </symbol>
      <symbol id="sm-1c4">
         <name>get_pid_active</name>
         <value>0x83084</value>
         <object_component_ref idref="oc-64"/>
      </symbol>
      <symbol id="sm-1c5">
         <name>PID_Timer_ISR</name>
         <value>0x833ca</value>
         <object_component_ref idref="oc-3b"/>
      </symbol>
      <symbol id="sm-1c6">
         <name>cpuTimer0ISR</name>
         <value>0x83392</value>
         <object_component_ref idref="oc-3b"/>
      </symbol>
      <symbol id="sm-1c7">
         <name>MPPT_Timer_ISR</name>
         <value>0x833db</value>
         <object_component_ref idref="oc-3b"/>
      </symbol>
      <symbol id="sm-1c8">
         <name>init_timer</name>
         <value>0x83044</value>
         <object_component_ref idref="oc-64"/>
      </symbol>
      <symbol id="sm-1c9">
         <name>set_pid_active</name>
         <value>0x83088</value>
         <object_component_ref idref="oc-64"/>
      </symbol>
      <symbol id="sm-1ca">
         <name>set_mppt_active</name>
         <value>0x83093</value>
         <object_component_ref idref="oc-64"/>
      </symbol>
      <symbol id="sm-1cb">
         <name>get_mppt_active</name>
         <value>0x8308f</value>
         <object_component_ref idref="oc-64"/>
      </symbol>
      <symbol id="sm-1e5">
         <name>CPUTimer_setEmulationMode</name>
         <value>0x83743</value>
         <object_component_ref idref="oc-d8"/>
      </symbol>
      <symbol id="sm-1ff">
         <name>EPWM_setEmulationMode</name>
         <value>0x8372d</value>
         <object_component_ref idref="oc-147"/>
      </symbol>
      <symbol id="sm-279">
         <name>Flash_initModule</name>
         <value>0x8000</value>
         <object_component_ref idref="oc-e1"/>
      </symbol>
      <symbol id="sm-2ab">
         <name>GPIO_setPadConfig</name>
         <value>0x8343f</value>
         <object_component_ref idref="oc-12d"/>
      </symbol>
      <symbol id="sm-2ac">
         <name>GPIO_setDirectionMode</name>
         <value>0x83580</value>
         <object_component_ref idref="oc-133"/>
      </symbol>
      <symbol id="sm-2ad">
         <name>GPIO_setPinConfig</name>
         <value>0x83515</value>
         <object_component_ref idref="oc-141"/>
      </symbol>
      <symbol id="sm-2ff">
         <name>Interrupt_initModule</name>
         <value>0x834d8</value>
         <object_component_ref idref="oc-8b"/>
      </symbol>
      <symbol id="sm-300">
         <name>Interrupt_enable</name>
         <value>0x8354c</value>
         <object_component_ref idref="oc-a9"/>
      </symbol>
      <symbol id="sm-301">
         <name>Interrupt_initVectorTable</name>
         <value>0x83688</value>
         <object_component_ref idref="oc-91"/>
      </symbol>
      <symbol id="sm-360">
         <name>SysCtl_delay</name>
         <value>0x812b</value>
         <object_component_ref idref="oc-13b"/>
      </symbol>
      <symbol id="sm-361">
         <name>SysCtl_getDeviceParametric</name>
         <value>0x832cc</value>
         <object_component_ref idref="oc-e7"/>
      </symbol>
      <symbol id="sm-362">
         <name>SysCtl_selectOscSource</name>
         <value>0x83334</value>
         <object_component_ref idref="oc-20a"/>
      </symbol>
      <symbol id="sm-363">
         <name>SysCtl_setClock</name>
         <value>0x82b2a</value>
         <object_component_ref idref="oc-ed"/>
      </symbol>
      <symbol id="sm-36d">
         <name>_c_int00</name>
         <value>0x83716</value>
         <object_component_ref idref="oc-5e"/>
      </symbol>
      <symbol id="sm-36e">
         <name>__stack</name>
         <value>0x400</value>
         <object_component_ref idref="oc-47"/>
      </symbol>
      <symbol id="sm-37a">
         <name>__c28xabi_cmpd</name>
         <value>0x8360d</value>
         <object_component_ref idref="oc-10b"/>
      </symbol>
      <symbol id="sm-388">
         <name>__c28xabi_mpyd</name>
         <value>0x83249</value>
         <object_component_ref idref="oc-153"/>
      </symbol>
      <symbol id="sm-393">
         <name>__c28xabi_dtoul</name>
         <value>0x836e1</value>
         <object_component_ref idref="oc-158"/>
      </symbol>
      <symbol id="sm-3a0">
         <name>__c28xabi_divf</name>
         <value>0x831c1</value>
         <object_component_ref idref="oc-fa"/>
      </symbol>
      <symbol id="sm-3ac">
         <name>__c28xabi_ftod</name>
         <value>0x836c5</value>
         <object_component_ref idref="oc-105"/>
      </symbol>
      <symbol id="sm-3bf">
         <name>__c28xabi_divd</name>
         <value>0x83136</value>
         <object_component_ref idref="oc-14e"/>
      </symbol>
      <symbol id="sm-3d1">
         <name>memcpy</name>
         <value>0x836a8</value>
         <object_component_ref idref="oc-4a"/>
      </symbol>
      <symbol id="sm-3de">
         <name>_system_pre_init</name>
         <value>0x837ee</value>
         <object_component_ref idref="oc-c4"/>
      </symbol>
      <symbol id="sm-3ed">
         <name>__TI_auto_init_nobinit_nopinit</name>
         <value>0x835e2</value>
         <object_component_ref idref="oc-179"/>
      </symbol>
      <symbol id="sm-3fc">
         <name>__TI_zero_init_nomemset</name>
         <value>0x837ac</value>
         <object_component_ref idref="oc-52"/>
      </symbol>
      <symbol id="sm-409">
         <name>__TI_decompress_none</name>
         <value>0x837e2</value>
         <object_component_ref idref="oc-29"/>
      </symbol>
      <symbol id="sm-41d">
         <name>__TI_decompress_lzss</name>
         <value>0x835b1</value>
         <object_component_ref idref="oc-23"/>
      </symbol>
      <symbol id="sm-433">
         <name>C$$EXIT</name>
         <value>0x83637</value>
         <object_component_ref idref="oc-d1"/>
      </symbol>
      <symbol id="sm-434">
         <name>abort</name>
         <value>0x83637</value>
         <object_component_ref idref="oc-d1"/>
      </symbol>
      <symbol id="sm-435">
         <name>exit</name>
         <value>0x83639</value>
         <object_component_ref idref="oc-d1"/>
      </symbol>
      <symbol id="sm-436">
         <name>__TI_dtors_ptr</name>
         <value>0xa884</value>
         <object_component_ref idref="oc-1ab"/>
      </symbol>
      <symbol id="sm-437">
         <name>__TI_cleanup_ptr</name>
         <value>0xa882</value>
         <object_component_ref idref="oc-1ab"/>
      </symbol>
      <symbol id="sm-438">
         <name>__TI_enable_exit_profile_output</name>
         <value>0xa880</value>
         <object_component_ref idref="oc-1ab"/>
      </symbol>
      <symbol id="sm-44f">
         <name>_nop</name>
         <value>0x837e1</value>
         <object_component_ref idref="oc-274"/>
      </symbol>
      <symbol id="sm-450">
         <name>_lock</name>
         <value>0xa87e</value>
         <object_component_ref idref="oc-1ae"/>
      </symbol>
      <symbol id="sm-451">
         <name>_unlock</name>
         <value>0xa886</value>
         <object_component_ref idref="oc-2a7"/>
      </symbol>
      <symbol id="sm-452">
         <name>_register_lock</name>
         <value>0x837dd</value>
         <object_component_ref idref="oc-274"/>
      </symbol>
      <symbol id="sm-453">
         <name>_register_unlock</name>
         <value>0x837d9</value>
         <object_component_ref idref="oc-274"/>
      </symbol>
      <symbol id="sm-462">
         <name>_args_main</name>
         <value>0x837b9</value>
         <object_component_ref idref="oc-cb"/>
      </symbol>
      <symbol id="sm-471">
         <name>_system_post_cinit</name>
         <value>0x837f0</value>
         <object_component_ref idref="oc-25a"/>
      </symbol>
      <symbol id="sm-473">
         <name>__c_args__</name>
         <value>0x0</value>
      </symbol>
   </symbol_table>
   <title>Link successful</title>
</link_info>
