<?xml version="1.0" encoding="ISO-8859-1" ?>
<link_info>
   <banner>TMS320C2000 Linker PC v18.12.3.LTS</banner>
   <copyright>Copyright (c) 1996-2018 Texas Instruments Incorporated</copyright>
   <link_time>0x5f42e515</link_time>
   <link_errors>0x0</link_errors>
   <output_file>IFECNEW.out</output_file>
   <entry_point>
      <name>code_start</name>
      <address>0x80000</address>
   </entry_point>
   <input_file_list>
      <input_file id="fl-2">
         <path>.\</path>
         <kind>object</kind>
         <file>main1.obj</file>
         <name>main1.obj</name>
      </input_file>
      <input_file id="fl-3">
         <path>.\device\</path>
         <kind>object</kind>
         <file>F2837xD_CodeStartBranch.obj</file>
         <name>F2837xD_CodeStartBranch.obj</name>
      </input_file>
      <input_file id="fl-4">
         <path>.\device\</path>
         <kind>object</kind>
         <file>device.obj</file>
         <name>device.obj</name>
      </input_file>
      <input_file id="fl-5">
         <path>.\src\</path>
         <kind>object</kind>
         <file>battery.obj</file>
         <name>battery.obj</name>
      </input_file>
      <input_file id="fl-6">
         <path>.\src\</path>
         <kind>object</kind>
         <file>mppt.obj</file>
         <name>mppt.obj</name>
      </input_file>
      <input_file id="fl-7">
         <path>.\src\</path>
         <kind>object</kind>
         <file>pid.obj</file>
         <name>pid.obj</name>
      </input_file>
      <input_file id="fl-8">
         <path>.\src\</path>
         <kind>object</kind>
         <file>src_adc.obj</file>
         <name>src_adc.obj</name>
      </input_file>
      <input_file id="fl-9">
         <path>.\src\</path>
         <kind>object</kind>
         <file>src_epwm.obj</file>
         <name>src_epwm.obj</name>
      </input_file>
      <input_file id="fl-a">
         <path>.\src\</path>
         <kind>object</kind>
         <file>src_gpio.obj</file>
         <name>src_gpio.obj</name>
      </input_file>
      <input_file id="fl-b">
         <path>.\src\</path>
         <kind>object</kind>
         <file>src_timers.obj</file>
         <name>src_timers.obj</name>
      </input_file>
      <input_file id="fl-10">
         <kind>object</kind>
         <file>&lt;internal&gt;</file>
         <name>&lt;internal&gt;</name>
      </input_file>
      <input_file id="fl-14">
         <path>C:\ti\C2000Ware_3_02_00_00_Software\driverlib\f2837xd\driverlib\ccs\Debug\</path>
         <kind>archive</kind>
         <file>driverlib_eabi.lib</file>
         <name>cputimer.obj</name>
      </input_file>
      <input_file id="fl-15">
         <path>C:\ti\C2000Ware_3_02_00_00_Software\driverlib\f2837xd\driverlib\ccs\Debug\</path>
         <kind>archive</kind>
         <file>driverlib_eabi.lib</file>
         <name>epwm.obj</name>
      </input_file>
      <input_file id="fl-16">
         <path>C:\ti\C2000Ware_3_02_00_00_Software\driverlib\f2837xd\driverlib\ccs\Debug\</path>
         <kind>archive</kind>
         <file>driverlib_eabi.lib</file>
         <name>flash.obj</name>
      </input_file>
      <input_file id="fl-17">
         <path>C:\ti\C2000Ware_3_02_00_00_Software\driverlib\f2837xd\driverlib\ccs\Debug\</path>
         <kind>archive</kind>
         <file>driverlib_eabi.lib</file>
         <name>gpio.obj</name>
      </input_file>
      <input_file id="fl-18">
         <path>C:\ti\C2000Ware_3_02_00_00_Software\driverlib\f2837xd\driverlib\ccs\Debug\</path>
         <kind>archive</kind>
         <file>driverlib_eabi.lib</file>
         <name>interrupt.obj</name>
      </input_file>
      <input_file id="fl-19">
         <path>C:\ti\C2000Ware_3_02_00_00_Software\driverlib\f2837xd\driverlib\ccs\Debug\</path>
         <kind>archive</kind>
         <file>driverlib_eabi.lib</file>
         <name>sysctl.obj</name>
      </input_file>
      <input_file id="fl-25">
         <path>C:\ti\ccs920\ccs\tools\compiler\ti-cgt-c2000_18.12.3.LTS\lib\</path>
         <kind>archive</kind>
         <file>rts2800_fpu32_eabi.lib</file>
         <name>boot28.asm.obj</name>
      </input_file>
      <input_file id="fl-26">
         <path>C:\ti\ccs920\ccs\tools\compiler\ti-cgt-c2000_18.12.3.LTS\lib\</path>
         <kind>archive</kind>
         <file>rts2800_fpu32_eabi.lib</file>
         <name>fd_cmp28.asm.obj</name>
      </input_file>
      <input_file id="fl-27">
         <path>C:\ti\ccs920\ccs\tools\compiler\ti-cgt-c2000_18.12.3.LTS\lib\</path>
         <kind>archive</kind>
         <file>rts2800_fpu32_eabi.lib</file>
         <name>fd_mpy28.asm.obj</name>
      </input_file>
      <input_file id="fl-28">
         <path>C:\ti\ccs920\ccs\tools\compiler\ti-cgt-c2000_18.12.3.LTS\lib\</path>
         <kind>archive</kind>
         <file>rts2800_fpu32_eabi.lib</file>
         <name>fd_toul28.asm.obj</name>
      </input_file>
      <input_file id="fl-29">
         <path>C:\ti\ccs920\ccs\tools\compiler\ti-cgt-c2000_18.12.3.LTS\lib\</path>
         <kind>archive</kind>
         <file>rts2800_fpu32_eabi.lib</file>
         <name>fs_div28.asm.obj</name>
      </input_file>
      <input_file id="fl-2a">
         <path>C:\ti\ccs920\ccs\tools\compiler\ti-cgt-c2000_18.12.3.LTS\lib\</path>
         <kind>archive</kind>
         <file>rts2800_fpu32_eabi.lib</file>
         <name>fs_tofdfpu32.asm.obj</name>
      </input_file>
      <input_file id="fl-2b">
         <path>C:\ti\ccs920\ccs\tools\compiler\ti-cgt-c2000_18.12.3.LTS\lib\</path>
         <kind>archive</kind>
         <file>rts2800_fpu32_eabi.lib</file>
         <name>fd_div28.asm.obj</name>
      </input_file>
      <input_file id="fl-2c">
         <path>C:\ti\ccs920\ccs\tools\compiler\ti-cgt-c2000_18.12.3.LTS\lib\</path>
         <kind>archive</kind>
         <file>rts2800_fpu32_eabi.lib</file>
         <name>memcpy.c.obj</name>
      </input_file>
      <input_file id="fl-2d">
         <path>C:\ti\ccs920\ccs\tools\compiler\ti-cgt-c2000_18.12.3.LTS\lib\</path>
         <kind>archive</kind>
         <file>rts2800_fpu32_eabi.lib</file>
         <name>pre_init.c.obj</name>
      </input_file>
      <input_file id="fl-2e">
         <path>C:\ti\ccs920\ccs\tools\compiler\ti-cgt-c2000_18.12.3.LTS\lib\</path>
         <kind>archive</kind>
         <file>rts2800_fpu32_eabi.lib</file>
         <name>autoinit.c.obj</name>
      </input_file>
      <input_file id="fl-2f">
         <path>C:\ti\ccs920\ccs\tools\compiler\ti-cgt-c2000_18.12.3.LTS\lib\</path>
         <kind>archive</kind>
         <file>rts2800_fpu32_eabi.lib</file>
         <name>copy_zero_init.c.obj</name>
      </input_file>
      <input_file id="fl-30">
         <path>C:\ti\ccs920\ccs\tools\compiler\ti-cgt-c2000_18.12.3.LTS\lib\</path>
         <kind>archive</kind>
         <file>rts2800_fpu32_eabi.lib</file>
         <name>copy_decompress_none.c.obj</name>
      </input_file>
      <input_file id="fl-31">
         <path>C:\ti\ccs920\ccs\tools\compiler\ti-cgt-c2000_18.12.3.LTS\lib\</path>
         <kind>archive</kind>
         <file>rts2800_fpu32_eabi.lib</file>
         <name>copy_decompress_lzss.c.obj</name>
      </input_file>
      <input_file id="fl-32">
         <path>C:\ti\ccs920\ccs\tools\compiler\ti-cgt-c2000_18.12.3.LTS\lib\</path>
         <kind>archive</kind>
         <file>rts2800_fpu32_eabi.lib</file>
         <name>exit.c.obj</name>
      </input_file>
      <input_file id="fl-33">
         <path>C:\ti\ccs920\ccs\tools\compiler\ti-cgt-c2000_18.12.3.LTS\lib\</path>
         <kind>archive</kind>
         <file>rts2800_fpu32_eabi.lib</file>
         <name>_lock.c.obj</name>
      </input_file>
      <input_file id="fl-34">
         <path>C:\ti\ccs920\ccs\tools\compiler\ti-cgt-c2000_18.12.3.LTS\lib\</path>
         <kind>archive</kind>
         <file>rts2800_fpu32_eabi.lib</file>
         <name>args_main.c.obj</name>
      </input_file>
      <input_file id="fl-35">
         <path>C:\ti\ccs920\ccs\tools\compiler\ti-cgt-c2000_18.12.3.LTS\lib\</path>
         <kind>archive</kind>
         <file>rts2800_fpu32_eabi.lib</file>
         <name>memset.c.obj</name>
      </input_file>
      <input_file id="fl-36">
         <path>C:\ti\ccs920\ccs\tools\compiler\ti-cgt-c2000_18.12.3.LTS\lib\</path>
         <kind>archive</kind>
         <file>rts2800_fpu32_eabi.lib</file>
         <name>cpy_tbl.c.obj</name>
      </input_file>
      <input_file id="fl-37">
         <path>C:\ti\ccs920\ccs\tools\compiler\ti-cgt-c2000_18.12.3.LTS\lib\</path>
         <kind>archive</kind>
         <file>rts2800_fpu32_eabi.lib</file>
         <name>startup.c.obj</name>
      </input_file>
   </input_file_list>
   <object_component_list>
      <object_component id="oc-2ed">
         <name>.cinit..data.load</name>
         <load_address>0x837c0</load_address>
         <run_address>0x837c0</run_address>
         <size>0x37</size>
      </object_component>
      <object_component id="oc-2ea">
         <name>__TI_handler_table</name>
         <load_address>0x837f8</load_address>
         <run_address>0x837f8</run_address>
         <size>0x6</size>
      </object_component>
      <object_component id="oc-2ec">
         <name>.cinit..bss.load</name>
         <load_address>0x837fe</load_address>
         <run_address>0x837fe</run_address>
         <size>0x4</size>
      </object_component>
      <object_component id="oc-2eb">
         <name>__TI_cinit_table</name>
         <load_address>0x83804</load_address>
         <run_address>0x83804</run_address>
         <size>0x8</size>
      </object_component>
      <object_component id="oc-a3">
         <name>.text</name>
         <load_address>0x82000</load_address>
         <run_address>0x82000</run_address>
         <size>0x663</size>
         <input_file_ref idref="fl-9"/>
      </object_component>
      <object_component id="oc-9d">
         <name>.text</name>
         <load_address>0x82663</load_address>
         <run_address>0x82663</run_address>
         <size>0x255</size>
         <input_file_ref idref="fl-8"/>
      </object_component>
      <object_component id="oc-6d">
         <name>.text</name>
         <load_address>0x828b8</load_address>
         <run_address>0x828b8</run_address>
         <size>0x22a</size>
         <input_file_ref idref="fl-4"/>
      </object_component>
      <object_component id="oc-ed">
         <name>.text:SysCtl_setClock</name>
         <load_address>0x82ae2</load_address>
         <run_address>0x82ae2</run_address>
         <size>0x21f</size>
         <input_file_ref idref="fl-19"/>
      </object_component>
      <object_component id="oc-3c">
         <name>.text</name>
         <load_address>0x82d01</load_address>
         <run_address>0x82d01</run_address>
         <size>0x122</size>
         <input_file_ref idref="fl-2"/>
      </object_component>
      <object_component id="oc-7c">
         <name>.text</name>
         <load_address>0x82e23</load_address>
         <run_address>0x82e23</run_address>
         <size>0xe2</size>
         <input_file_ref idref="fl-6"/>
      </object_component>
      <object_component id="oc-76">
         <name>.text</name>
         <load_address>0x82f05</load_address>
         <run_address>0x82f05</run_address>
         <size>0xb4</size>
         <input_file_ref idref="fl-7"/>
      </object_component>
      <object_component id="oc-64">
         <name>.text</name>
         <load_address>0x82fb9</load_address>
         <run_address>0x82fb9</run_address>
         <size>0xb0</size>
         <input_file_ref idref="fl-b"/>
      </object_component>
      <object_component id="oc-85">
         <name>.text</name>
         <load_address>0x83069</load_address>
         <run_address>0x83069</run_address>
         <size>0x9c</size>
         <input_file_ref idref="fl-5"/>
      </object_component>
      <object_component id="oc-14e">
         <name>.text</name>
         <load_address>0x83105</load_address>
         <run_address>0x83105</run_address>
         <size>0x8b</size>
         <input_file_ref idref="fl-2b"/>
      </object_component>
      <object_component id="oc-fa">
         <name>.text</name>
         <load_address>0x83190</load_address>
         <run_address>0x83190</run_address>
         <size>0x88</size>
         <input_file_ref idref="fl-29"/>
      </object_component>
      <object_component id="oc-153">
         <name>.text</name>
         <load_address>0x83218</load_address>
         <run_address>0x83218</run_address>
         <size>0x83</size>
         <input_file_ref idref="fl-27"/>
      </object_component>
      <object_component id="oc-e7">
         <name>.text:SysCtl_getDeviceParametric</name>
         <load_address>0x8329b</load_address>
         <run_address>0x8329b</run_address>
         <size>0x68</size>
         <input_file_ref idref="fl-19"/>
      </object_component>
      <object_component id="oc-20a">
         <name>.text:SysCtl_selectOscSource</name>
         <load_address>0x83303</load_address>
         <run_address>0x83303</run_address>
         <size>0x5e</size>
         <input_file_ref idref="fl-19"/>
      </object_component>
      <object_component id="oc-3b">
         <name>.text:retain</name>
         <load_address>0x83361</load_address>
         <run_address>0x83361</run_address>
         <size>0x5a</size>
         <input_file_ref idref="fl-b"/>
      </object_component>
      <object_component id="oc-97">
         <name>.text</name>
         <load_address>0x833bb</load_address>
         <run_address>0x833bb</run_address>
         <size>0x53</size>
         <input_file_ref idref="fl-a"/>
      </object_component>
      <object_component id="oc-12d">
         <name>.text:GPIO_setPadConfig</name>
         <load_address>0x8340e</load_address>
         <run_address>0x8340e</run_address>
         <size>0x52</size>
         <input_file_ref idref="fl-17"/>
      </object_component>
      <object_component id="oc-242">
         <name>.text:EPWM_isBaseValid</name>
         <load_address>0x83460</load_address>
         <run_address>0x83460</run_address>
         <size>0x47</size>
         <input_file_ref idref="fl-15"/>
      </object_component>
      <object_component id="oc-8b">
         <name>.text:Interrupt_initModule</name>
         <load_address>0x834a7</load_address>
         <run_address>0x834a7</run_address>
         <size>0x3d</size>
         <input_file_ref idref="fl-18"/>
      </object_component>
      <object_component id="oc-141">
         <name>.text:GPIO_setPinConfig</name>
         <load_address>0x834e4</load_address>
         <run_address>0x834e4</run_address>
         <size>0x37</size>
         <input_file_ref idref="fl-17"/>
      </object_component>
      <object_component id="oc-a9">
         <name>.text:Interrupt_enable</name>
         <load_address>0x8351b</load_address>
         <run_address>0x8351b</run_address>
         <size>0x34</size>
         <input_file_ref idref="fl-18"/>
      </object_component>
      <object_component id="oc-133">
         <name>.text:GPIO_setDirectionMode</name>
         <load_address>0x8354f</load_address>
         <run_address>0x8354f</run_address>
         <size>0x31</size>
         <input_file_ref idref="fl-17"/>
      </object_component>
      <object_component id="oc-23">
         <name>.text:decompress:lzss</name>
         <load_address>0x83580</load_address>
         <run_address>0x83580</run_address>
         <size>0x31</size>
         <input_file_ref idref="fl-31"/>
      </object_component>
      <object_component id="oc-179">
         <name>.text:__TI_auto_init_nobinit_nopinit</name>
         <load_address>0x835b1</load_address>
         <run_address>0x835b1</run_address>
         <size>0x2b</size>
         <input_file_ref idref="fl-2e"/>
      </object_component>
      <object_component id="oc-10b">
         <name>.text</name>
         <load_address>0x835dc</load_address>
         <run_address>0x835dc</run_address>
         <size>0x2a</size>
         <input_file_ref idref="fl-26"/>
      </object_component>
      <object_component id="oc-d1">
         <name>.text</name>
         <load_address>0x83606</load_address>
         <run_address>0x83606</run_address>
         <size>0x29</size>
         <input_file_ref idref="fl-32"/>
      </object_component>
      <object_component id="oc-1c9">
         <name>.text:Flash_setBankPowerUpDelay</name>
         <load_address>0x8362f</load_address>
         <run_address>0x8362f</run_address>
         <size>0x28</size>
         <input_file_ref idref="fl-16"/>
      </object_component>
      <object_component id="oc-91">
         <name>.text:Interrupt_initVectorTable</name>
         <load_address>0x83657</load_address>
         <run_address>0x83657</run_address>
         <size>0x20</size>
         <input_file_ref idref="fl-18"/>
      </object_component>
      <object_component id="oc-4a">
         <name>.text</name>
         <load_address>0x83677</load_address>
         <run_address>0x83677</run_address>
         <size>0x1d</size>
         <input_file_ref idref="fl-2c"/>
      </object_component>
      <object_component id="oc-105">
         <name>.text</name>
         <load_address>0x83694</load_address>
         <run_address>0x83694</run_address>
         <size>0x1c</size>
         <input_file_ref idref="fl-2a"/>
      </object_component>
      <object_component id="oc-158">
         <name>.text</name>
         <load_address>0x836b0</load_address>
         <run_address>0x836b0</run_address>
         <size>0x1b</size>
         <input_file_ref idref="fl-28"/>
      </object_component>
      <object_component id="oc-1b3">
         <name>.text:CPUTimer_isBaseValid</name>
         <load_address>0x836cb</load_address>
         <run_address>0x836cb</run_address>
         <size>0x1a</size>
         <input_file_ref idref="fl-14"/>
      </object_component>
      <object_component id="oc-5e">
         <name>.text</name>
         <load_address>0x836e5</load_address>
         <run_address>0x836e5</run_address>
         <size>0x17</size>
         <input_file_ref idref="fl-25"/>
      </object_component>
      <object_component id="oc-147">
         <name>.text:EPWM_setEmulationMode</name>
         <load_address>0x836fc</load_address>
         <run_address>0x836fc</run_address>
         <size>0x16</size>
         <input_file_ref idref="fl-15"/>
      </object_component>
      <object_component id="oc-d8">
         <name>.text:CPUTimer_setEmulationMode</name>
         <load_address>0x83712</load_address>
         <run_address>0x83712</run_address>
         <size>0x13</size>
         <input_file_ref idref="fl-14"/>
      </object_component>
      <object_component id="oc-1bc">
         <name>.text:Flash_isCtrlBaseValid</name>
         <load_address>0x83725</load_address>
         <run_address>0x83725</run_address>
         <size>0x10</size>
         <input_file_ref idref="fl-16"/>
      </object_component>
      <object_component id="oc-1c3">
         <name>.text:Flash_isECCBaseValid</name>
         <load_address>0x83735</load_address>
         <run_address>0x83735</run_address>
         <size>0x10</size>
         <input_file_ref idref="fl-16"/>
      </object_component>
      <object_component id="oc-22f">
         <name>.text:GPIO_isPinValid</name>
         <load_address>0x83745</load_address>
         <run_address>0x83745</run_address>
         <size>0xe</size>
         <input_file_ref idref="fl-17"/>
      </object_component>
      <object_component id="oc-11a">
         <name>.text:Interrupt_defaultHandler</name>
         <load_address>0x83753</load_address>
         <run_address>0x83753</run_address>
         <size>0xe</size>
         <input_file_ref idref="fl-18"/>
      </object_component>
      <object_component id="oc-112">
         <name>.text:Interrupt_disableMaster</name>
         <load_address>0x83761</load_address>
         <run_address>0x83761</run_address>
         <size>0xd</size>
         <input_file_ref idref="fl-18"/>
      </object_component>
      <object_component id="oc-162">
         <name>.text:Interrupt_enableMaster</name>
         <load_address>0x8376e</load_address>
         <run_address>0x8376e</run_address>
         <size>0xd</size>
         <input_file_ref idref="fl-18"/>
      </object_component>
      <object_component id="oc-52">
         <name>.text:decompress:ZI:__TI_zero_init_nomemset</name>
         <load_address>0x8377b</load_address>
         <run_address>0x8377b</run_address>
         <size>0xd</size>
         <input_file_ref idref="fl-2f"/>
      </object_component>
      <object_component id="oc-cb">
         <name>.text</name>
         <load_address>0x83788</load_address>
         <run_address>0x83788</run_address>
         <size>0xc</size>
         <input_file_ref idref="fl-34"/>
      </object_component>
      <object_component id="oc-204">
         <name>.text:SysCtl_isMCDClockFailureDetected</name>
         <load_address>0x83794</load_address>
         <run_address>0x83794</run_address>
         <size>0xb</size>
         <input_file_ref idref="fl-19"/>
      </object_component>
      <object_component id="oc-210">
         <name>.text:SysCtl_serviceWatchdog</name>
         <load_address>0x8379f</load_address>
         <run_address>0x8379f</run_address>
         <size>0x9</size>
         <input_file_ref idref="fl-19"/>
      </object_component>
      <object_component id="oc-274">
         <name>.text</name>
         <load_address>0x837a8</load_address>
         <run_address>0x837a8</run_address>
         <size>0x9</size>
         <input_file_ref idref="fl-33"/>
      </object_component>
      <object_component id="oc-29">
         <name>.text:decompress:none</name>
         <load_address>0x837b1</load_address>
         <run_address>0x837b1</run_address>
         <size>0x8</size>
         <input_file_ref idref="fl-30"/>
      </object_component>
      <object_component id="oc-126">
         <name>.text:Interrupt_illegalOperationHandler</name>
         <load_address>0x837b9</load_address>
         <run_address>0x837b9</run_address>
         <size>0x2</size>
         <input_file_ref idref="fl-18"/>
      </object_component>
      <object_component id="oc-120">
         <name>.text:Interrupt_nmiHandler</name>
         <load_address>0x837bb</load_address>
         <run_address>0x837bb</run_address>
         <size>0x2</size>
         <input_file_ref idref="fl-18"/>
      </object_component>
      <object_component id="oc-c4">
         <name>.text</name>
         <load_address>0x837bd</load_address>
         <run_address>0x837bd</run_address>
         <size>0x2</size>
         <input_file_ref idref="fl-2d"/>
      </object_component>
      <object_component id="oc-25a">
         <name>.text</name>
         <load_address>0x837bf</load_address>
         <run_address>0x837bf</run_address>
         <size>0x1</size>
         <input_file_ref idref="fl-37"/>
      </object_component>
      <object_component id="oc-30">
         <name>codestart</name>
         <load_address>0x80000</load_address>
         <run_address>0x80000</run_address>
         <size>0x2</size>
         <input_file_ref idref="fl-3"/>
      </object_component>
      <object_component id="oc-47">
         <name>.stack</name>
         <uninitialized>true</uninitialized>
         <run_address>0x400</run_address>
         <size>0x0</size>
         <input_file_ref idref="fl-25"/>
      </object_component>
      <object_component id="oc-2ee">
         <name>.stack</name>
         <uninitialized>true</uninitialized>
         <run_address>0x400</run_address>
         <size>0x0</size>
      </object_component>
      <object_component id="oc-73">
         <name>.bss</name>
         <uninitialized>true</uninitialized>
         <run_address>0xa900</run_address>
         <size>0x78</size>
         <input_file_ref idref="fl-2"/>
      </object_component>
      <object_component id="oc-15d">
         <name>.bss</name>
         <uninitialized>true</uninitialized>
         <run_address>0xa8ca</run_address>
         <size>0x10</size>
         <input_file_ref idref="fl-9"/>
      </object_component>
      <object_component id="oc-82">
         <name>.data</name>
         <load_address>0xa8b0</load_address>
         <run_address>0xa8b0</run_address>
         <size>0x8</size>
         <input_file_ref idref="fl-2"/>
      </object_component>
      <object_component id="oc-f3">
         <name>.data</name>
         <load_address>0xa8b8</load_address>
         <run_address>0xa8b8</run_address>
         <size>0x6</size>
         <input_file_ref idref="fl-4"/>
      </object_component>
      <object_component id="oc-13c">
         <name>.data</name>
         <load_address>0xa800</load_address>
         <run_address>0xa800</run_address>
         <size>0xb0</size>
         <input_file_ref idref="fl-8"/>
      </object_component>
      <object_component id="oc-6a">
         <name>.data</name>
         <load_address>0xa8c8</load_address>
         <run_address>0xa8c8</run_address>
         <size>0x2</size>
         <input_file_ref idref="fl-b"/>
      </object_component>
      <object_component id="oc-1ab">
         <name>.data</name>
         <load_address>0xa8c0</load_address>
         <run_address>0xa8c0</run_address>
         <size>0x6</size>
         <input_file_ref idref="fl-32"/>
      </object_component>
      <object_component id="oc-1ae">
         <name>.data:_lock</name>
         <load_address>0xa8be</load_address>
         <run_address>0xa8be</run_address>
         <size>0x2</size>
         <input_file_ref idref="fl-33"/>
      </object_component>
      <object_component id="oc-2a7">
         <name>.data:_unlock</name>
         <load_address>0xa8c6</load_address>
         <run_address>0xa8c6</run_address>
         <size>0x2</size>
         <input_file_ref idref="fl-33"/>
      </object_component>
      <object_component id="oc-1c2">
         <name>.const:.string</name>
         <load_address>0x90000</load_address>
         <run_address>0x90000</run_address>
         <size>0xbf</size>
         <input_file_ref idref="fl-16"/>
      </object_component>
      <object_component id="oc-235">
         <name>.const:.string</name>
         <load_address>0x900c0</load_address>
         <run_address>0x900c0</run_address>
         <size>0xbc</size>
         <input_file_ref idref="fl-17"/>
      </object_component>
      <object_component id="oc-1b9">
         <name>.const:.string</name>
         <load_address>0x9017c</load_address>
         <run_address>0x9017c</run_address>
         <size>0x62</size>
         <input_file_ref idref="fl-14"/>
      </object_component>
      <object_component id="oc-203">
         <name>.const:.string</name>
         <load_address>0x901de</load_address>
         <run_address>0x901de</run_address>
         <size>0x60</size>
         <input_file_ref idref="fl-19"/>
      </object_component>
      <object_component id="oc-248">
         <name>.const:.string</name>
         <load_address>0x9023e</load_address>
         <run_address>0x9023e</run_address>
         <size>0x5e</size>
         <input_file_ref idref="fl-15"/>
      </object_component>
      <object_component id="oc-14d">
         <name>.const</name>
         <load_address>0x9029c</load_address>
         <run_address>0x9029c</run_address>
         <size>0x8</size>
         <input_file_ref idref="fl-9"/>
      </object_component>
      <object_component id="oc-10a">
         <name>.const</name>
         <load_address>0x902a4</load_address>
         <run_address>0x902a4</run_address>
         <size>0x4</size>
         <input_file_ref idref="fl-5"/>
      </object_component>
      <object_component id="oc-e1">
         <name>.TI.ramfunc:Flash_initModule</name>
         <load_address>0x86000</load_address>
         <run_address>0x8000</run_address>
         <size>0x43</size>
         <input_file_ref idref="fl-16"/>
      </object_component>
      <object_component id="oc-1cf">
         <name>.TI.ramfunc:Flash_setBankPowerMode</name>
         <load_address>0x86043</load_address>
         <run_address>0x8043</run_address>
         <size>0x2d</size>
         <input_file_ref idref="fl-16"/>
      </object_component>
      <object_component id="oc-1e7">
         <name>.TI.ramfunc:Flash_setWaitstates</name>
         <load_address>0x86070</load_address>
         <run_address>0x8070</run_address>
         <size>0x26</size>
         <input_file_ref idref="fl-16"/>
      </object_component>
      <object_component id="oc-1d5">
         <name>.TI.ramfunc:Flash_setPumpPowerMode</name>
         <load_address>0x86096</load_address>
         <run_address>0x8096</run_address>
         <size>0x1e</size>
         <input_file_ref idref="fl-16"/>
      </object_component>
      <object_component id="oc-1db">
         <name>.TI.ramfunc:Flash_disableCache</name>
         <load_address>0x860b4</load_address>
         <run_address>0x80b4</run_address>
         <size>0x18</size>
         <input_file_ref idref="fl-16"/>
      </object_component>
      <object_component id="oc-1e1">
         <name>.TI.ramfunc:Flash_disablePrefetch</name>
         <load_address>0x860cc</load_address>
         <run_address>0x80cc</run_address>
         <size>0x18</size>
         <input_file_ref idref="fl-16"/>
      </object_component>
      <object_component id="oc-1ed">
         <name>.TI.ramfunc:Flash_enableCache</name>
         <load_address>0x860e4</load_address>
         <run_address>0x80e4</run_address>
         <size>0x18</size>
         <input_file_ref idref="fl-16"/>
      </object_component>
      <object_component id="oc-1f3">
         <name>.TI.ramfunc:Flash_enablePrefetch</name>
         <load_address>0x860fc</load_address>
         <run_address>0x80fc</run_address>
         <size>0x18</size>
         <input_file_ref idref="fl-16"/>
      </object_component>
      <object_component id="oc-1f9">
         <name>.TI.ramfunc:Flash_enableECC</name>
         <load_address>0x86114</load_address>
         <run_address>0x8114</run_address>
         <size>0x17</size>
         <input_file_ref idref="fl-16"/>
      </object_component>
      <object_component id="oc-13b">
         <name>.TI.ramfunc</name>
         <load_address>0x8612b</load_address>
         <run_address>0x812b</run_address>
         <size>0x4</size>
         <input_file_ref idref="fl-19"/>
      </object_component>
      <object_component id="oc-b0">
         <name>.debug_types</name>
         <load_address>0x0</load_address>
         <run_address>0x0</run_address>
         <size>0xa93</size>
         <input_file_ref idref="fl-2"/>
      </object_component>
      <object_component id="oc-f7">
         <name>.debug_types</name>
         <load_address>0xa93</load_address>
         <run_address>0xa93</run_address>
         <size>0xc0b</size>
         <input_file_ref idref="fl-4"/>
      </object_component>
      <object_component id="oc-111">
         <name>.debug_types</name>
         <load_address>0x0</load_address>
         <run_address>0x0</run_address>
         <size>0x0</size>
         <input_file_ref idref="fl-5"/>
      </object_component>
      <object_component id="oc-102">
         <name>.debug_types</name>
         <load_address>0x0</load_address>
         <run_address>0x0</run_address>
         <size>0x0</size>
         <input_file_ref idref="fl-6"/>
      </object_component>
      <object_component id="oc-100">
         <name>.debug_types</name>
         <load_address>0x0</load_address>
         <run_address>0x0</run_address>
         <size>0x0</size>
         <input_file_ref idref="fl-7"/>
      </object_component>
      <object_component id="oc-140">
         <name>.debug_types</name>
         <load_address>0x169e</load_address>
         <run_address>0x169e</run_address>
         <size>0xd90</size>
         <input_file_ref idref="fl-8"/>
      </object_component>
      <object_component id="oc-161">
         <name>.debug_types</name>
         <load_address>0x242e</load_address>
         <run_address>0x242e</run_address>
         <size>0x14d8</size>
         <input_file_ref idref="fl-9"/>
      </object_component>
      <object_component id="oc-13a">
         <name>.debug_types</name>
         <load_address>0x3906</load_address>
         <run_address>0x3906</run_address>
         <size>0x94</size>
         <input_file_ref idref="fl-a"/>
      </object_component>
      <object_component id="oc-b2">
         <name>.debug_types</name>
         <load_address>0x399a</load_address>
         <run_address>0x399a</run_address>
         <size>0xef</size>
         <input_file_ref idref="fl-b"/>
      </object_component>
      <object_component id="oc-1bb">
         <name>.debug_types</name>
         <load_address>0x3a89</load_address>
         <run_address>0x3a89</run_address>
         <size>0x6c</size>
         <input_file_ref idref="fl-14"/>
      </object_component>
      <object_component id="oc-24a">
         <name>.debug_types</name>
         <load_address>0x0</load_address>
         <run_address>0x0</run_address>
         <size>0x0</size>
         <input_file_ref idref="fl-15"/>
      </object_component>
      <object_component id="oc-200">
         <name>.debug_types</name>
         <load_address>0x3af5</load_address>
         <run_address>0x3af5</run_address>
         <size>0x1d7</size>
         <input_file_ref idref="fl-16"/>
      </object_component>
      <object_component id="oc-237">
         <name>.debug_types</name>
         <load_address>0x3ccc</load_address>
         <run_address>0x3ccc</run_address>
         <size>0x4dd</size>
         <input_file_ref idref="fl-17"/>
      </object_component>
      <object_component id="oc-119">
         <name>.debug_types</name>
         <load_address>0x0</load_address>
         <run_address>0x0</run_address>
         <size>0x0</size>
         <input_file_ref idref="fl-18"/>
      </object_component>
      <object_component id="oc-202">
         <name>.debug_types</name>
         <load_address>0x41a9</load_address>
         <run_address>0x41a9</run_address>
         <size>0x37</size>
         <input_file_ref idref="fl-19"/>
      </object_component>
      <object_component id="oc-b7">
         <name>.debug_types</name>
         <load_address>0x41e0</load_address>
         <run_address>0x41e0</run_address>
         <size>0x117</size>
         <input_file_ref idref="fl-2c"/>
      </object_component>
      <object_component id="oc-178">
         <name>.debug_types</name>
         <load_address>0x0</load_address>
         <run_address>0x0</run_address>
         <size>0x0</size>
         <input_file_ref idref="fl-2d"/>
      </object_component>
      <object_component id="oc-261">
         <name>.debug_types</name>
         <load_address>0x42f7</load_address>
         <run_address>0x42f7</run_address>
         <size>0x4ca</size>
         <input_file_ref idref="fl-2e"/>
      </object_component>
      <object_component id="oc-bc">
         <name>.debug_types</name>
         <load_address>0x47c1</load_address>
         <run_address>0x47c1</run_address>
         <size>0x194</size>
         <input_file_ref idref="fl-2f"/>
      </object_component>
      <object_component id="oc-51">
         <name>.debug_types</name>
         <load_address>0x0</load_address>
         <run_address>0x0</run_address>
         <size>0x0</size>
         <input_file_ref idref="fl-30"/>
      </object_component>
      <object_component id="oc-49">
         <name>.debug_types</name>
         <load_address>0x4955</load_address>
         <run_address>0x4955</run_address>
         <size>0x191</size>
         <input_file_ref idref="fl-31"/>
      </object_component>
      <object_component id="oc-1b2">
         <name>.debug_types</name>
         <load_address>0x4ae6</load_address>
         <run_address>0x4ae6</run_address>
         <size>0xbf</size>
         <input_file_ref idref="fl-32"/>
      </object_component>
      <object_component id="oc-27c">
         <name>.debug_types</name>
         <load_address>0x4ba5</load_address>
         <run_address>0x4ba5</run_address>
         <size>0x2f</size>
         <input_file_ref idref="fl-33"/>
      </object_component>
      <object_component id="oc-1aa">
         <name>.debug_types</name>
         <load_address>0x4bd4</load_address>
         <run_address>0x4bd4</run_address>
         <size>0xe1</size>
         <input_file_ref idref="fl-34"/>
      </object_component>
      <object_component id="oc-2a1">
         <name>.debug_types</name>
         <load_address>0x0</load_address>
         <run_address>0x0</run_address>
         <size>0x0</size>
         <input_file_ref idref="fl-37"/>
      </object_component>
      <object_component id="oc-83">
         <name>.debug_info</name>
         <load_address>0x0</load_address>
         <run_address>0x0</run_address>
         <size>0xd8</size>
         <input_file_ref idref="fl-2"/>
      </object_component>
      <object_component id="oc-74">
         <name>.debug_info</name>
         <load_address>0xd8</load_address>
         <run_address>0xd8</run_address>
         <size>0x170</size>
         <input_file_ref idref="fl-2"/>
      </object_component>
      <object_component id="oc-3e">
         <name>.debug_info</name>
         <load_address>0x248</load_address>
         <run_address>0x248</run_address>
         <size>0x6f9</size>
         <input_file_ref idref="fl-2"/>
      </object_component>
      <object_component id="oc-33">
         <name>.debug_info</name>
         <load_address>0x941</load_address>
         <run_address>0x941</run_address>
         <size>0x113</size>
         <input_file_ref idref="fl-3"/>
      </object_component>
      <object_component id="oc-f4">
         <name>.debug_info</name>
         <load_address>0xa54</load_address>
         <run_address>0xa54</run_address>
         <size>0x15d</size>
         <input_file_ref idref="fl-4"/>
      </object_component>
      <object_component id="oc-70">
         <name>.debug_info</name>
         <load_address>0xbb1</load_address>
         <run_address>0xbb1</run_address>
         <size>0x133c</size>
         <input_file_ref idref="fl-4"/>
      </object_component>
      <object_component id="oc-86">
         <name>.debug_info</name>
         <load_address>0x1eed</load_address>
         <run_address>0x1eed</run_address>
         <size>0x392</size>
         <input_file_ref idref="fl-5"/>
      </object_component>
      <object_component id="oc-7f">
         <name>.debug_info</name>
         <load_address>0x227f</load_address>
         <run_address>0x227f</run_address>
         <size>0x3aa</size>
         <input_file_ref idref="fl-6"/>
      </object_component>
      <object_component id="oc-7a">
         <name>.debug_info</name>
         <load_address>0x2629</load_address>
         <run_address>0x2629</run_address>
         <size>0x471</size>
         <input_file_ref idref="fl-7"/>
      </object_component>
      <object_component id="oc-13d">
         <name>.debug_info</name>
         <load_address>0x2a9a</load_address>
         <run_address>0x2a9a</run_address>
         <size>0x256</size>
         <input_file_ref idref="fl-8"/>
      </object_component>
      <object_component id="oc-9f">
         <name>.debug_info</name>
         <load_address>0x2cf0</load_address>
         <run_address>0x2cf0</run_address>
         <size>0xfb4</size>
         <input_file_ref idref="fl-8"/>
      </object_component>
      <object_component id="oc-15e">
         <name>.debug_info</name>
         <load_address>0x3ca4</load_address>
         <run_address>0x3ca4</run_address>
         <size>0x25d</size>
         <input_file_ref idref="fl-9"/>
      </object_component>
      <object_component id="oc-a4">
         <name>.debug_info</name>
         <load_address>0x3f01</load_address>
         <run_address>0x3f01</run_address>
         <size>0x321c</size>
         <input_file_ref idref="fl-9"/>
      </object_component>
      <object_component id="oc-99">
         <name>.debug_info</name>
         <load_address>0x711d</load_address>
         <run_address>0x711d</run_address>
         <size>0x383</size>
         <input_file_ref idref="fl-a"/>
      </object_component>
      <object_component id="oc-6b">
         <name>.debug_info</name>
         <load_address>0x74a0</load_address>
         <run_address>0x74a0</run_address>
         <size>0x111</size>
         <input_file_ref idref="fl-b"/>
      </object_component>
      <object_component id="oc-66">
         <name>.debug_info</name>
         <load_address>0x75b1</load_address>
         <run_address>0x75b1</run_address>
         <size>0x9fe</size>
         <input_file_ref idref="fl-b"/>
      </object_component>
      <object_component id="oc-43">
         <name>.debug_info</name>
         <load_address>0x7faf</load_address>
         <run_address>0x7faf</run_address>
         <size>0x1f9</size>
         <input_file_ref idref="fl-b"/>
      </object_component>
      <object_component id="oc-1b4">
         <name>.debug_info</name>
         <load_address>0x81a8</load_address>
         <run_address>0x81a8</run_address>
         <size>0x21a</size>
         <input_file_ref idref="fl-14"/>
      </object_component>
      <object_component id="oc-da">
         <name>.debug_info</name>
         <load_address>0x83c2</load_address>
         <run_address>0x83c2</run_address>
         <size>0x266</size>
         <input_file_ref idref="fl-14"/>
      </object_component>
      <object_component id="oc-243">
         <name>.debug_info</name>
         <load_address>0x8628</load_address>
         <run_address>0x8628</run_address>
         <size>0x20c</size>
         <input_file_ref idref="fl-15"/>
      </object_component>
      <object_component id="oc-148">
         <name>.debug_info</name>
         <load_address>0x8834</load_address>
         <run_address>0x8834</run_address>
         <size>0x264</size>
         <input_file_ref idref="fl-15"/>
      </object_component>
      <object_component id="oc-1bd">
         <name>.debug_info</name>
         <load_address>0x8a98</load_address>
         <run_address>0x8a98</run_address>
         <size>0x21e</size>
         <input_file_ref idref="fl-16"/>
      </object_component>
      <object_component id="oc-1c4">
         <name>.debug_info</name>
         <load_address>0x8cb6</load_address>
         <run_address>0x8cb6</run_address>
         <size>0x21a</size>
         <input_file_ref idref="fl-16"/>
      </object_component>
      <object_component id="oc-1e8">
         <name>.debug_info</name>
         <load_address>0x8ed0</load_address>
         <run_address>0x8ed0</run_address>
         <size>0x27a</size>
         <input_file_ref idref="fl-16"/>
      </object_component>
      <object_component id="oc-1d0">
         <name>.debug_info</name>
         <load_address>0x914a</load_address>
         <run_address>0x914a</run_address>
         <size>0x290</size>
         <input_file_ref idref="fl-16"/>
      </object_component>
      <object_component id="oc-1d6">
         <name>.debug_info</name>
         <load_address>0x93da</load_address>
         <run_address>0x93da</run_address>
         <size>0x26f</size>
         <input_file_ref idref="fl-16"/>
      </object_component>
      <object_component id="oc-1f4">
         <name>.debug_info</name>
         <load_address>0x9649</load_address>
         <run_address>0x9649</run_address>
         <size>0x240</size>
         <input_file_ref idref="fl-16"/>
      </object_component>
      <object_component id="oc-1e2">
         <name>.debug_info</name>
         <load_address>0x9889</load_address>
         <run_address>0x9889</run_address>
         <size>0x242</size>
         <input_file_ref idref="fl-16"/>
      </object_component>
      <object_component id="oc-1ee">
         <name>.debug_info</name>
         <load_address>0x9acb</load_address>
         <run_address>0x9acb</run_address>
         <size>0x23a</size>
         <input_file_ref idref="fl-16"/>
      </object_component>
      <object_component id="oc-1dc">
         <name>.debug_info</name>
         <load_address>0x9d05</load_address>
         <run_address>0x9d05</run_address>
         <size>0x23c</size>
         <input_file_ref idref="fl-16"/>
      </object_component>
      <object_component id="oc-1fa">
         <name>.debug_info</name>
         <load_address>0x9f41</load_address>
         <run_address>0x9f41</run_address>
         <size>0x233</size>
         <input_file_ref idref="fl-16"/>
      </object_component>
      <object_component id="oc-1ca">
         <name>.debug_info</name>
         <load_address>0xa174</load_address>
         <run_address>0xa174</run_address>
         <size>0x27c</size>
         <input_file_ref idref="fl-16"/>
      </object_component>
      <object_component id="oc-e2">
         <name>.debug_info</name>
         <load_address>0xa3f0</load_address>
         <run_address>0xa3f0</run_address>
         <size>0x398</size>
         <input_file_ref idref="fl-16"/>
      </object_component>
      <object_component id="oc-230">
         <name>.debug_info</name>
         <load_address>0xa788</load_address>
         <run_address>0xa788</run_address>
         <size>0x206</size>
         <input_file_ref idref="fl-17"/>
      </object_component>
      <object_component id="oc-134">
         <name>.debug_info</name>
         <load_address>0xa98e</load_address>
         <run_address>0xa98e</run_address>
         <size>0x27e</size>
         <input_file_ref idref="fl-17"/>
      </object_component>
      <object_component id="oc-12e">
         <name>.debug_info</name>
         <load_address>0xac0c</load_address>
         <run_address>0xac0c</run_address>
         <size>0x267</size>
         <input_file_ref idref="fl-17"/>
      </object_component>
      <object_component id="oc-142">
         <name>.debug_info</name>
         <load_address>0xae73</load_address>
         <run_address>0xae73</run_address>
         <size>0x250</size>
         <input_file_ref idref="fl-17"/>
      </object_component>
      <object_component id="oc-163">
         <name>.debug_info</name>
         <load_address>0xb0c3</load_address>
         <run_address>0xb0c3</run_address>
         <size>0x1ff</size>
         <input_file_ref idref="fl-18"/>
      </object_component>
      <object_component id="oc-115">
         <name>.debug_info</name>
         <load_address>0xb2c2</load_address>
         <run_address>0xb2c2</run_address>
         <size>0x203</size>
         <input_file_ref idref="fl-18"/>
      </object_component>
      <object_component id="oc-11c">
         <name>.debug_info</name>
         <load_address>0xb4c5</load_address>
         <run_address>0xb4c5</run_address>
         <size>0x21d</size>
         <input_file_ref idref="fl-18"/>
      </object_component>
      <object_component id="oc-128">
         <name>.debug_info</name>
         <load_address>0xb6e2</load_address>
         <run_address>0xb6e2</run_address>
         <size>0x203</size>
         <input_file_ref idref="fl-18"/>
      </object_component>
      <object_component id="oc-122">
         <name>.debug_info</name>
         <load_address>0xb8e5</load_address>
         <run_address>0xb8e5</run_address>
         <size>0x1e9</size>
         <input_file_ref idref="fl-18"/>
      </object_component>
      <object_component id="oc-8c">
         <name>.debug_info</name>
         <load_address>0xbace</load_address>
         <run_address>0xbace</run_address>
         <size>0x210</size>
         <input_file_ref idref="fl-18"/>
      </object_component>
      <object_component id="oc-93">
         <name>.debug_info</name>
         <load_address>0xbcde</load_address>
         <run_address>0xbcde</run_address>
         <size>0x20b</size>
         <input_file_ref idref="fl-18"/>
      </object_component>
      <object_component id="oc-ab">
         <name>.debug_info</name>
         <load_address>0xbee9</load_address>
         <run_address>0xbee9</run_address>
         <size>0x2b3</size>
         <input_file_ref idref="fl-18"/>
      </object_component>
      <object_component id="oc-211">
         <name>.debug_info</name>
         <load_address>0xc19c</load_address>
         <run_address>0xc19c</run_address>
         <size>0x1f3</size>
         <input_file_ref idref="fl-19"/>
      </object_component>
      <object_component id="oc-205">
         <name>.debug_info</name>
         <load_address>0xc38f</load_address>
         <run_address>0xc38f</run_address>
         <size>0x20f</size>
         <input_file_ref idref="fl-19"/>
      </object_component>
      <object_component id="oc-ee">
         <name>.debug_info</name>
         <load_address>0xc59e</load_address>
         <run_address>0xc59e</run_address>
         <size>0x52c</size>
         <input_file_ref idref="fl-19"/>
      </object_component>
      <object_component id="oc-20e">
         <name>.debug_info</name>
         <load_address>0xcaca</load_address>
         <run_address>0xcaca</run_address>
         <size>0x22d</size>
         <input_file_ref idref="fl-19"/>
      </object_component>
      <object_component id="oc-e8">
         <name>.debug_info</name>
         <load_address>0xccf7</load_address>
         <run_address>0xccf7</run_address>
         <size>0x242</size>
         <input_file_ref idref="fl-19"/>
      </object_component>
      <object_component id="oc-5f">
         <name>.debug_info</name>
         <load_address>0xcf39</load_address>
         <run_address>0xcf39</run_address>
         <size>0x159</size>
         <input_file_ref idref="fl-25"/>
      </object_component>
      <object_component id="oc-10d">
         <name>.debug_info</name>
         <load_address>0xd092</load_address>
         <run_address>0xd092</run_address>
         <size>0x132</size>
         <input_file_ref idref="fl-26"/>
      </object_component>
      <object_component id="oc-154">
         <name>.debug_info</name>
         <load_address>0xd1c4</load_address>
         <run_address>0xd1c4</run_address>
         <size>0x128</size>
         <input_file_ref idref="fl-27"/>
      </object_component>
      <object_component id="oc-15b">
         <name>.debug_info</name>
         <load_address>0xd2ec</load_address>
         <run_address>0xd2ec</run_address>
         <size>0x12b</size>
         <input_file_ref idref="fl-28"/>
      </object_component>
      <object_component id="oc-fd">
         <name>.debug_info</name>
         <load_address>0xd417</load_address>
         <run_address>0xd417</run_address>
         <size>0x128</size>
         <input_file_ref idref="fl-29"/>
      </object_component>
      <object_component id="oc-106">
         <name>.debug_info</name>
         <load_address>0xd53f</load_address>
         <run_address>0xd53f</run_address>
         <size>0x12c</size>
         <input_file_ref idref="fl-2a"/>
      </object_component>
      <object_component id="oc-14f">
         <name>.debug_info</name>
         <load_address>0xd66b</load_address>
         <run_address>0xd66b</run_address>
         <size>0x128</size>
         <input_file_ref idref="fl-2b"/>
      </object_component>
      <object_component id="oc-4e">
         <name>.debug_info</name>
         <load_address>0xd793</load_address>
         <run_address>0xd793</run_address>
         <size>0x19c</size>
         <input_file_ref idref="fl-2c"/>
      </object_component>
      <object_component id="oc-c6">
         <name>.debug_info</name>
         <load_address>0xd92f</load_address>
         <run_address>0xd92f</run_address>
         <size>0x14e</size>
         <input_file_ref idref="fl-2d"/>
      </object_component>
      <object_component id="oc-17b">
         <name>.debug_info</name>
         <load_address>0xda7d</load_address>
         <run_address>0xda7d</run_address>
         <size>0x1c0</size>
         <input_file_ref idref="fl-2e"/>
      </object_component>
      <object_component id="oc-53">
         <name>.debug_info</name>
         <load_address>0xdc3d</load_address>
         <run_address>0xdc3d</run_address>
         <size>0x1b7</size>
         <input_file_ref idref="fl-2f"/>
      </object_component>
      <object_component id="oc-2c">
         <name>.debug_info</name>
         <load_address>0xddf4</load_address>
         <run_address>0xddf4</run_address>
         <size>0x1b8</size>
         <input_file_ref idref="fl-30"/>
      </object_component>
      <object_component id="oc-25">
         <name>.debug_info</name>
         <load_address>0xdfac</load_address>
         <run_address>0xdfac</run_address>
         <size>0x20d</size>
         <input_file_ref idref="fl-31"/>
      </object_component>
      <object_component id="oc-1ac">
         <name>.debug_info</name>
         <load_address>0xe1b9</load_address>
         <run_address>0xe1b9</run_address>
         <size>0x19f</size>
         <input_file_ref idref="fl-32"/>
      </object_component>
      <object_component id="oc-d2">
         <name>.debug_info</name>
         <load_address>0xe358</load_address>
         <run_address>0xe358</run_address>
         <size>0x1aa</size>
         <input_file_ref idref="fl-32"/>
      </object_component>
      <object_component id="oc-1af">
         <name>.debug_info</name>
         <load_address>0xe502</load_address>
         <run_address>0xe502</run_address>
         <size>0x108</size>
         <input_file_ref idref="fl-33"/>
      </object_component>
      <object_component id="oc-2a8">
         <name>.debug_info</name>
         <load_address>0xe60a</load_address>
         <run_address>0xe60a</run_address>
         <size>0x10c</size>
         <input_file_ref idref="fl-33"/>
      </object_component>
      <object_component id="oc-278">
         <name>.debug_info</name>
         <load_address>0xe716</load_address>
         <run_address>0xe716</run_address>
         <size>0x204</size>
         <input_file_ref idref="fl-33"/>
      </object_component>
      <object_component id="oc-ce">
         <name>.debug_info</name>
         <load_address>0xe91a</load_address>
         <run_address>0xe91a</run_address>
         <size>0x15e</size>
         <input_file_ref idref="fl-34"/>
      </object_component>
      <object_component id="oc-25e">
         <name>.debug_info</name>
         <load_address>0xea78</load_address>
         <run_address>0xea78</run_address>
         <size>0x148</size>
         <input_file_ref idref="fl-37"/>
      </object_component>
      <object_component id="oc-2f0">
         <name>.debug_info</name>
         <load_address>0xebc0</load_address>
         <run_address>0xebc0</run_address>
         <size>0xa5</size>
      </object_component>
      <object_component id="oc-104">
         <name>.debug_line</name>
         <load_address>0x0</load_address>
         <run_address>0x0</run_address>
         <size>0x2f</size>
         <input_file_ref idref="fl-2"/>
      </object_component>
      <object_component id="oc-f9">
         <name>.debug_line</name>
         <load_address>0x2f</load_address>
         <run_address>0x2f</run_address>
         <size>0x2f</size>
         <input_file_ref idref="fl-2"/>
      </object_component>
      <object_component id="oc-40">
         <name>.debug_line</name>
         <load_address>0x5e</load_address>
         <run_address>0x5e</run_address>
         <size>0x1cb</size>
         <input_file_ref idref="fl-2"/>
      </object_component>
      <object_component id="oc-16a">
         <name>.debug_line</name>
         <load_address>0x229</load_address>
         <run_address>0x229</run_address>
         <size>0x104</size>
         <input_file_ref idref="fl-2"/>
      </object_component>
      <object_component id="oc-32">
         <name>.debug_line</name>
         <load_address>0x32d</load_address>
         <run_address>0x32d</run_address>
         <size>0x55</size>
         <input_file_ref idref="fl-3"/>
      </object_component>
      <object_component id="oc-218">
         <name>.debug_line</name>
         <load_address>0x382</load_address>
         <run_address>0x382</run_address>
         <size>0x37</size>
         <input_file_ref idref="fl-4"/>
      </object_component>
      <object_component id="oc-6f">
         <name>.debug_line</name>
         <load_address>0x3b9</load_address>
         <run_address>0x3b9</run_address>
         <size>0x2ff</size>
         <input_file_ref idref="fl-4"/>
      </object_component>
      <object_component id="oc-21a">
         <name>.debug_line</name>
         <load_address>0x6b8</load_address>
         <run_address>0x6b8</run_address>
         <size>0xce</size>
         <input_file_ref idref="fl-4"/>
      </object_component>
      <object_component id="oc-89">
         <name>.debug_line</name>
         <load_address>0x786</load_address>
         <run_address>0x786</run_address>
         <size>0xc9</size>
         <input_file_ref idref="fl-5"/>
      </object_component>
      <object_component id="oc-226">
         <name>.debug_line</name>
         <load_address>0x84f</load_address>
         <run_address>0x84f</run_address>
         <size>0xab</size>
         <input_file_ref idref="fl-5"/>
      </object_component>
      <object_component id="oc-7e">
         <name>.debug_line</name>
         <load_address>0x8fa</load_address>
         <run_address>0x8fa</run_address>
         <size>0x11a</size>
         <input_file_ref idref="fl-6"/>
      </object_component>
      <object_component id="oc-221">
         <name>.debug_line</name>
         <load_address>0xa14</load_address>
         <run_address>0xa14</run_address>
         <size>0xef</size>
         <input_file_ref idref="fl-6"/>
      </object_component>
      <object_component id="oc-77">
         <name>.debug_line</name>
         <load_address>0xb03</load_address>
         <run_address>0xb03</run_address>
         <size>0xb5</size>
         <input_file_ref idref="fl-7"/>
      </object_component>
      <object_component id="oc-21e">
         <name>.debug_line</name>
         <load_address>0xbb8</load_address>
         <run_address>0xbb8</run_address>
         <size>0x75</size>
         <input_file_ref idref="fl-7"/>
      </object_component>
      <object_component id="oc-23d">
         <name>.debug_line</name>
         <load_address>0xc2d</load_address>
         <run_address>0xc2d</run_address>
         <size>0x35</size>
         <input_file_ref idref="fl-8"/>
      </object_component>
      <object_component id="oc-a1">
         <name>.debug_line</name>
         <load_address>0xc62</load_address>
         <run_address>0xc62</run_address>
         <size>0x341</size>
         <input_file_ref idref="fl-8"/>
      </object_component>
      <object_component id="oc-23f">
         <name>.debug_line</name>
         <load_address>0xfa3</load_address>
         <run_address>0xfa3</run_address>
         <size>0xca</size>
         <input_file_ref idref="fl-8"/>
      </object_component>
      <object_component id="oc-24f">
         <name>.debug_line</name>
         <load_address>0x106d</load_address>
         <run_address>0x106d</run_address>
         <size>0x36</size>
         <input_file_ref idref="fl-9"/>
      </object_component>
      <object_component id="oc-a8">
         <name>.debug_line</name>
         <load_address>0x10a3</load_address>
         <run_address>0x10a3</run_address>
         <size>0x69e</size>
         <input_file_ref idref="fl-9"/>
      </object_component>
      <object_component id="oc-251">
         <name>.debug_line</name>
         <load_address>0x1741</load_address>
         <run_address>0x1741</run_address>
         <size>0x116</size>
         <input_file_ref idref="fl-9"/>
      </object_component>
      <object_component id="oc-9b">
         <name>.debug_line</name>
         <load_address>0x1857</load_address>
         <run_address>0x1857</run_address>
         <size>0xf2</size>
         <input_file_ref idref="fl-a"/>
      </object_component>
      <object_component id="oc-23a">
         <name>.debug_line</name>
         <load_address>0x1949</load_address>
         <run_address>0x1949</run_address>
         <size>0x6b</size>
         <input_file_ref idref="fl-a"/>
      </object_component>
      <object_component id="oc-e0">
         <name>.debug_line</name>
         <load_address>0x19b4</load_address>
         <run_address>0x19b4</run_address>
         <size>0x38</size>
         <input_file_ref idref="fl-b"/>
      </object_component>
      <object_component id="oc-69">
         <name>.debug_line</name>
         <load_address>0x19ec</load_address>
         <run_address>0x19ec</run_address>
         <size>0x298</size>
         <input_file_ref idref="fl-b"/>
      </object_component>
      <object_component id="oc-45">
         <name>.debug_line</name>
         <load_address>0x1c84</load_address>
         <run_address>0x1c84</run_address>
         <size>0x86</size>
         <input_file_ref idref="fl-b"/>
      </object_component>
      <object_component id="oc-16d">
         <name>.debug_line</name>
         <load_address>0x1d0a</load_address>
         <run_address>0x1d0a</run_address>
         <size>0x121</size>
         <input_file_ref idref="fl-b"/>
      </object_component>
      <object_component id="oc-1b7">
         <name>.debug_line</name>
         <load_address>0x1e2b</load_address>
         <run_address>0x1e2b</run_address>
         <size>0x9c</size>
         <input_file_ref idref="fl-14"/>
      </object_component>
      <object_component id="oc-dc">
         <name>.debug_line</name>
         <load_address>0x1ec7</load_address>
         <run_address>0x1ec7</run_address>
         <size>0x9e</size>
         <input_file_ref idref="fl-14"/>
      </object_component>
      <object_component id="oc-282">
         <name>.debug_line</name>
         <load_address>0x1f65</load_address>
         <run_address>0x1f65</run_address>
         <size>0xe8</size>
         <input_file_ref idref="fl-14"/>
      </object_component>
      <object_component id="oc-246">
         <name>.debug_line</name>
         <load_address>0x204d</load_address>
         <run_address>0x204d</run_address>
         <size>0x9c</size>
         <input_file_ref idref="fl-15"/>
      </object_component>
      <object_component id="oc-14b">
         <name>.debug_line</name>
         <load_address>0x20e9</load_address>
         <run_address>0x20e9</run_address>
         <size>0x98</size>
         <input_file_ref idref="fl-15"/>
      </object_component>
      <object_component id="oc-29e">
         <name>.debug_line</name>
         <load_address>0x2181</load_address>
         <run_address>0x2181</run_address>
         <size>0xe4</size>
         <input_file_ref idref="fl-15"/>
      </object_component>
      <object_component id="oc-1c0">
         <name>.debug_line</name>
         <load_address>0x2265</load_address>
         <run_address>0x2265</run_address>
         <size>0x99</size>
         <input_file_ref idref="fl-16"/>
      </object_component>
      <object_component id="oc-1c7">
         <name>.debug_line</name>
         <load_address>0x22fe</load_address>
         <run_address>0x22fe</run_address>
         <size>0x99</size>
         <input_file_ref idref="fl-16"/>
      </object_component>
      <object_component id="oc-1ec">
         <name>.debug_line</name>
         <load_address>0x2397</load_address>
         <run_address>0x2397</run_address>
         <size>0x9d</size>
         <input_file_ref idref="fl-16"/>
      </object_component>
      <object_component id="oc-1d3">
         <name>.debug_line</name>
         <load_address>0x2434</load_address>
         <run_address>0x2434</run_address>
         <size>0x9c</size>
         <input_file_ref idref="fl-16"/>
      </object_component>
      <object_component id="oc-1da">
         <name>.debug_line</name>
         <load_address>0x24d0</load_address>
         <run_address>0x24d0</run_address>
         <size>0x9c</size>
         <input_file_ref idref="fl-16"/>
      </object_component>
      <object_component id="oc-1f7">
         <name>.debug_line</name>
         <load_address>0x256c</load_address>
         <run_address>0x256c</run_address>
         <size>0x9c</size>
         <input_file_ref idref="fl-16"/>
      </object_component>
      <object_component id="oc-1e6">
         <name>.debug_line</name>
         <load_address>0x2608</load_address>
         <run_address>0x2608</run_address>
         <size>0x9c</size>
         <input_file_ref idref="fl-16"/>
      </object_component>
      <object_component id="oc-1f2">
         <name>.debug_line</name>
         <load_address>0x26a4</load_address>
         <run_address>0x26a4</run_address>
         <size>0x9c</size>
         <input_file_ref idref="fl-16"/>
      </object_component>
      <object_component id="oc-1df">
         <name>.debug_line</name>
         <load_address>0x2740</load_address>
         <run_address>0x2740</run_address>
         <size>0x9c</size>
         <input_file_ref idref="fl-16"/>
      </object_component>
      <object_component id="oc-1fd">
         <name>.debug_line</name>
         <load_address>0x27dc</load_address>
         <run_address>0x27dc</run_address>
         <size>0x9c</size>
         <input_file_ref idref="fl-16"/>
      </object_component>
      <object_component id="oc-1cd">
         <name>.debug_line</name>
         <load_address>0x2878</load_address>
         <run_address>0x2878</run_address>
         <size>0x9d</size>
         <input_file_ref idref="fl-16"/>
      </object_component>
      <object_component id="oc-e5">
         <name>.debug_line</name>
         <load_address>0x2915</load_address>
         <run_address>0x2915</run_address>
         <size>0xa4</size>
         <input_file_ref idref="fl-16"/>
      </object_component>
      <object_component id="oc-290">
         <name>.debug_line</name>
         <load_address>0x29b9</load_address>
         <run_address>0x29b9</run_address>
         <size>0xe5</size>
         <input_file_ref idref="fl-16"/>
      </object_component>
      <object_component id="oc-233">
         <name>.debug_line</name>
         <load_address>0x2a9e</load_address>
         <run_address>0x2a9e</run_address>
         <size>0x98</size>
         <input_file_ref idref="fl-17"/>
      </object_component>
      <object_component id="oc-137">
         <name>.debug_line</name>
         <load_address>0x2b36</load_address>
         <run_address>0x2b36</run_address>
         <size>0xa7</size>
         <input_file_ref idref="fl-17"/>
      </object_component>
      <object_component id="oc-131">
         <name>.debug_line</name>
         <load_address>0x2bdd</load_address>
         <run_address>0x2bdd</run_address>
         <size>0xc0</size>
         <input_file_ref idref="fl-17"/>
      </object_component>
      <object_component id="oc-146">
         <name>.debug_line</name>
         <load_address>0x2c9d</load_address>
         <run_address>0x2c9d</run_address>
         <size>0x9f</size>
         <input_file_ref idref="fl-17"/>
      </object_component>
      <object_component id="oc-29a">
         <name>.debug_line</name>
         <load_address>0x2d3c</load_address>
         <run_address>0x2d3c</run_address>
         <size>0xe4</size>
         <input_file_ref idref="fl-17"/>
      </object_component>
      <object_component id="oc-167">
         <name>.debug_line</name>
         <load_address>0x2e20</load_address>
         <run_address>0x2e20</run_address>
         <size>0x9d</size>
         <input_file_ref idref="fl-18"/>
      </object_component>
      <object_component id="oc-114">
         <name>.debug_line</name>
         <load_address>0x2ebd</load_address>
         <run_address>0x2ebd</run_address>
         <size>0x9d</size>
         <input_file_ref idref="fl-18"/>
      </object_component>
      <object_component id="oc-11b">
         <name>.debug_line</name>
         <load_address>0x2f5a</load_address>
         <run_address>0x2f5a</run_address>
         <size>0xa3</size>
         <input_file_ref idref="fl-18"/>
      </object_component>
      <object_component id="oc-127">
         <name>.debug_line</name>
         <load_address>0x2ffd</load_address>
         <run_address>0x2ffd</run_address>
         <size>0x9b</size>
         <input_file_ref idref="fl-18"/>
      </object_component>
      <object_component id="oc-121">
         <name>.debug_line</name>
         <load_address>0x3098</load_address>
         <run_address>0x3098</run_address>
         <size>0x9b</size>
         <input_file_ref idref="fl-18"/>
      </object_component>
      <object_component id="oc-8f">
         <name>.debug_line</name>
         <load_address>0x3133</load_address>
         <run_address>0x3133</run_address>
         <size>0xb8</size>
         <input_file_ref idref="fl-18"/>
      </object_component>
      <object_component id="oc-92">
         <name>.debug_line</name>
         <load_address>0x31eb</load_address>
         <run_address>0x31eb</run_address>
         <size>0xb1</size>
         <input_file_ref idref="fl-18"/>
      </object_component>
      <object_component id="oc-aa">
         <name>.debug_line</name>
         <load_address>0x329c</load_address>
         <run_address>0x329c</run_address>
         <size>0xb5</size>
         <input_file_ref idref="fl-18"/>
      </object_component>
      <object_component id="oc-22a">
         <name>.debug_line</name>
         <load_address>0x3351</load_address>
         <run_address>0x3351</run_address>
         <size>0x21</size>
         <input_file_ref idref="fl-18"/>
      </object_component>
      <object_component id="oc-215">
         <name>.debug_line</name>
         <load_address>0x3372</load_address>
         <run_address>0x3372</run_address>
         <size>0x9d</size>
         <input_file_ref idref="fl-19"/>
      </object_component>
      <object_component id="oc-208">
         <name>.debug_line</name>
         <load_address>0x340f</load_address>
         <run_address>0x340f</run_address>
         <size>0x9a</size>
         <input_file_ref idref="fl-19"/>
      </object_component>
      <object_component id="oc-f2">
         <name>.debug_line</name>
         <load_address>0x34a9</load_address>
         <run_address>0x34a9</run_address>
         <size>0x1b3</size>
         <input_file_ref idref="fl-19"/>
      </object_component>
      <object_component id="oc-20b">
         <name>.debug_line</name>
         <load_address>0x365c</load_address>
         <run_address>0x365c</run_address>
         <size>0xc9</size>
         <input_file_ref idref="fl-19"/>
      </object_component>
      <object_component id="oc-eb">
         <name>.debug_line</name>
         <load_address>0x3725</load_address>
         <run_address>0x3725</run_address>
         <size>0xc7</size>
         <input_file_ref idref="fl-19"/>
      </object_component>
      <object_component id="oc-293">
         <name>.debug_line</name>
         <load_address>0x37ec</load_address>
         <run_address>0x37ec</run_address>
         <size>0xe6</size>
         <input_file_ref idref="fl-19"/>
      </object_component>
      <object_component id="oc-62">
         <name>.debug_line</name>
         <load_address>0x38d2</load_address>
         <run_address>0x38d2</run_address>
         <size>0x4f</size>
         <input_file_ref idref="fl-25"/>
      </object_component>
      <object_component id="oc-10f">
         <name>.debug_line</name>
         <load_address>0x3921</load_address>
         <run_address>0x3921</run_address>
         <size>0x61</size>
         <input_file_ref idref="fl-26"/>
      </object_component>
      <object_component id="oc-157">
         <name>.debug_line</name>
         <load_address>0x3982</load_address>
         <run_address>0x3982</run_address>
         <size>0xa3</size>
         <input_file_ref idref="fl-27"/>
      </object_component>
      <object_component id="oc-15a">
         <name>.debug_line</name>
         <load_address>0x3a25</load_address>
         <run_address>0x3a25</run_address>
         <size>0x58</size>
         <input_file_ref idref="fl-28"/>
      </object_component>
      <object_component id="oc-fb">
         <name>.debug_line</name>
         <load_address>0x3a7d</load_address>
         <run_address>0x3a7d</run_address>
         <size>0xae</size>
         <input_file_ref idref="fl-29"/>
      </object_component>
      <object_component id="oc-109">
         <name>.debug_line</name>
         <load_address>0x3b2b</load_address>
         <run_address>0x3b2b</run_address>
         <size>0x59</size>
         <input_file_ref idref="fl-2a"/>
      </object_component>
      <object_component id="oc-152">
         <name>.debug_line</name>
         <load_address>0x3b84</load_address>
         <run_address>0x3b84</run_address>
         <size>0xb4</size>
         <input_file_ref idref="fl-2b"/>
      </object_component>
      <object_component id="oc-4c">
         <name>.debug_line</name>
         <load_address>0x3c38</load_address>
         <run_address>0x3c38</run_address>
         <size>0x63</size>
         <input_file_ref idref="fl-2c"/>
      </object_component>
      <object_component id="oc-170">
         <name>.debug_line</name>
         <load_address>0x3c9b</load_address>
         <run_address>0x3c9b</run_address>
         <size>0x21</size>
         <input_file_ref idref="fl-2c"/>
      </object_component>
      <object_component id="oc-c5">
         <name>.debug_line</name>
         <load_address>0x3cbc</load_address>
         <run_address>0x3cbc</run_address>
         <size>0x3f</size>
         <input_file_ref idref="fl-2d"/>
      </object_component>
      <object_component id="oc-258">
         <name>.debug_line</name>
         <load_address>0x3cfb</load_address>
         <run_address>0x3cfb</run_address>
         <size>0x21</size>
         <input_file_ref idref="fl-2d"/>
      </object_component>
      <object_component id="oc-17a">
         <name>.debug_line</name>
         <load_address>0x3d1c</load_address>
         <run_address>0x3d1c</run_address>
         <size>0x71</size>
         <input_file_ref idref="fl-2e"/>
      </object_component>
      <object_component id="oc-2a3">
         <name>.debug_line</name>
         <load_address>0x3d8d</load_address>
         <run_address>0x3d8d</run_address>
         <size>0x21</size>
         <input_file_ref idref="fl-2e"/>
      </object_component>
      <object_component id="oc-57">
         <name>.debug_line</name>
         <load_address>0x3dae</load_address>
         <run_address>0x3dae</run_address>
         <size>0x4e</size>
         <input_file_ref idref="fl-2f"/>
      </object_component>
      <object_component id="oc-173">
         <name>.debug_line</name>
         <load_address>0x3dfc</load_address>
         <run_address>0x3dfc</run_address>
         <size>0x21</size>
         <input_file_ref idref="fl-2f"/>
      </object_component>
      <object_component id="oc-2e">
         <name>.debug_line</name>
         <load_address>0x3e1d</load_address>
         <run_address>0x3e1d</run_address>
         <size>0x57</size>
         <input_file_ref idref="fl-30"/>
      </object_component>
      <object_component id="oc-b9">
         <name>.debug_line</name>
         <load_address>0x3e74</load_address>
         <run_address>0x3e74</run_address>
         <size>0x21</size>
         <input_file_ref idref="fl-30"/>
      </object_component>
      <object_component id="oc-24">
         <name>.debug_line</name>
         <load_address>0x3e95</load_address>
         <run_address>0x3e95</run_address>
         <size>0x9a</size>
         <input_file_ref idref="fl-31"/>
      </object_component>
      <object_component id="oc-b4">
         <name>.debug_line</name>
         <load_address>0x3f2f</load_address>
         <run_address>0x3f2f</run_address>
         <size>0x21</size>
         <input_file_ref idref="fl-31"/>
      </object_component>
      <object_component id="oc-273">
         <name>.debug_line</name>
         <load_address>0x3f50</load_address>
         <run_address>0x3f50</run_address>
         <size>0x2b</size>
         <input_file_ref idref="fl-32"/>
      </object_component>
      <object_component id="oc-d6">
         <name>.debug_line</name>
         <load_address>0x3f7b</load_address>
         <run_address>0x3f7b</run_address>
         <size>0x66</size>
         <input_file_ref idref="fl-32"/>
      </object_component>
      <object_component id="oc-27e">
         <name>.debug_line</name>
         <load_address>0x3fe1</load_address>
         <run_address>0x3fe1</run_address>
         <size>0x21</size>
         <input_file_ref idref="fl-32"/>
      </object_component>
      <object_component id="oc-27b">
         <name>.debug_line</name>
         <load_address>0x4002</load_address>
         <run_address>0x4002</run_address>
         <size>0x2c</size>
         <input_file_ref idref="fl-33"/>
      </object_component>
      <object_component id="oc-2b5">
         <name>.debug_line</name>
         <load_address>0x402e</load_address>
         <run_address>0x402e</run_address>
         <size>0x2c</size>
         <input_file_ref idref="fl-33"/>
      </object_component>
      <object_component id="oc-277">
         <name>.debug_line</name>
         <load_address>0x405a</load_address>
         <run_address>0x405a</run_address>
         <size>0x5f</size>
         <input_file_ref idref="fl-33"/>
      </object_component>
      <object_component id="oc-2ac">
         <name>.debug_line</name>
         <load_address>0x40b9</load_address>
         <run_address>0x40b9</run_address>
         <size>0x21</size>
         <input_file_ref idref="fl-33"/>
      </object_component>
      <object_component id="oc-cd">
         <name>.debug_line</name>
         <load_address>0x40da</load_address>
         <run_address>0x40da</run_address>
         <size>0x4e</size>
         <input_file_ref idref="fl-34"/>
      </object_component>
      <object_component id="oc-270">
         <name>.debug_line</name>
         <load_address>0x4128</load_address>
         <run_address>0x4128</run_address>
         <size>0x30</size>
         <input_file_ref idref="fl-34"/>
      </object_component>
      <object_component id="oc-25d">
         <name>.debug_line</name>
         <load_address>0x4158</load_address>
         <run_address>0x4158</run_address>
         <size>0x3b</size>
         <input_file_ref idref="fl-37"/>
      </object_component>
      <object_component id="oc-2af">
         <name>.debug_line</name>
         <load_address>0x4193</load_address>
         <run_address>0x4193</run_address>
         <size>0x21</size>
         <input_file_ref idref="fl-37"/>
      </object_component>
      <object_component id="oc-41">
         <name>.debug_frame</name>
         <load_address>0x0</load_address>
         <run_address>0x0</run_address>
         <size>0x98</size>
         <input_file_ref idref="fl-2"/>
      </object_component>
      <object_component id="oc-72">
         <name>.debug_frame</name>
         <load_address>0x98</load_address>
         <run_address>0x98</run_address>
         <size>0x1c4</size>
         <input_file_ref idref="fl-4"/>
      </object_component>
      <object_component id="oc-8a">
         <name>.debug_frame</name>
         <load_address>0x25c</load_address>
         <run_address>0x25c</run_address>
         <size>0xa0</size>
         <input_file_ref idref="fl-5"/>
      </object_component>
      <object_component id="oc-81">
         <name>.debug_frame</name>
         <load_address>0x2fc</load_address>
         <run_address>0x2fc</run_address>
         <size>0x98</size>
         <input_file_ref idref="fl-6"/>
      </object_component>
      <object_component id="oc-78">
         <name>.debug_frame</name>
         <load_address>0x394</load_address>
         <run_address>0x394</run_address>
         <size>0xb4</size>
         <input_file_ref idref="fl-7"/>
      </object_component>
      <object_component id="oc-a2">
         <name>.debug_frame</name>
         <load_address>0x448</load_address>
         <run_address>0x448</run_address>
         <size>0x278</size>
         <input_file_ref idref="fl-8"/>
      </object_component>
      <object_component id="oc-a7">
         <name>.debug_frame</name>
         <load_address>0x6c0</load_address>
[...]
         <page_id>0x1</page_id>
         <origin>0x3fc00</origin>
         <length>0x400</length>
         <used_space>0x0</used_space>
         <unused_space>0x400</unused_space>
         <attributes>RWIX</attributes>
         <usage_details>
         </usage_details>
      </memory_area>
   </placement_map>
   <cptbl_list>
      <cptbl>
         <name>__TI_cinit_table</name>
         <cprec>
            <name>.data</name>
            <load_address>0x837c0</load_address>
            <load_size>0x37</load_size>
            <run_address>0xa800</run_address>
            <run_size>0xca</run_size>
            <compression>lzss</compression>
         </cprec>
         <cprec>
            <name>.bss</name>
            <load_address>0x837fe</load_address>
            <load_size>0x4</load_size>
            <run_address>0xa8ca</run_address>
            <run_size>0xae</run_size>
            <compression>zero_init</compression>
         </cprec>
      </cptbl>
   </cptbl_list>
   <handler_table>
      <handler_table_name>__TI_handler_table</handler_table_name>
      <handler>
         <index>0x0</index>
         <name>__TI_zero_init</name>
      </handler>
      <handler>
         <index>0x1</index>
         <name>__TI_decompress_lzss</name>
      </handler>
      <handler>
         <index>0x2</index>
         <name>__TI_decompress_none</name>
      </handler>
   </handler_table>
   <symbol_table>
      <symbol id="sm-1">
         <name>RamfuncsLoadStart</name>
         <value>0x86000</value>
      </symbol>
      <symbol id="sm-2">
         <name>RamfuncsLoadSize</name>
         <value>0x12f</value>
      </symbol>
      <symbol id="sm-3">
         <name>RamfuncsLoadEnd</name>
         <value>0x8612f</value>
      </symbol>
      <symbol id="sm-4">
         <name>RamfuncsRunStart</name>
         <value>0x8000</value>
      </symbol>
      <symbol id="sm-5">
         <name>RamfuncsRunSize</name>
         <value>0x12f</value>
      </symbol>
      <symbol id="sm-6">
         <name>RamfuncsRunEnd</name>
         <value>0x812f</value>
      </symbol>
      <symbol id="sm-7">
         <name>__TI_CINIT_Base</name>
         <value>0x83804</value>
      </symbol>
      <symbol id="sm-8">
         <name>__TI_CINIT_Limit</name>
         <value>0x8380c</value>
      </symbol>
      <symbol id="sm-9">
         <name>__TI_Handler_Table_Base</name>
         <value>0x837f8</value>
      </symbol>
      <symbol id="sm-a">
         <name>__TI_Handler_Table_Limit</name>
         <value>0x837fe</value>
      </symbol>
      <symbol id="sm-b">
         <name>__TI_STACK_SIZE</name>
         <value>0x3f8</value>
      </symbol>
      <symbol id="sm-c">
         <name>__TI_STACK_END</name>
         <value>0x7f8</value>
      </symbol>
      <symbol id="sm-d">
         <name>__TI_pprof_out_hndl</name>
         <value>0xffffffff</value>
      </symbol>
      <symbol id="sm-e">
         <name>__TI_prof_data_start</name>
         <value>0xffffffff</value>
      </symbol>
      <symbol id="sm-f">
         <name>__TI_prof_data_size</name>
         <value>0xffffffff</value>
      </symbol>
      <symbol id="sm-53">
         <name>mppt_one</name>
         <value>0xa940</value>
         <object_component_ref idref="oc-73"/>
      </symbol>
      <symbol id="sm-54">
         <name>battery</name>
         <value>0xa8b0</value>
         <object_component_ref idref="oc-82"/>
      </symbol>
      <symbol id="sm-55">
         <name>main</name>
         <value>0x82d26</value>
         <object_component_ref idref="oc-3c"/>
      </symbol>
      <symbol id="sm-56">
         <name>five_volt_buck_pid</name>
         <value>0xa900</value>
         <object_component_ref idref="oc-73"/>
      </symbol>
      <symbol id="sm-57">
         <name>three_volt_buck_pid</name>
         <value>0xa914</value>
         <object_component_ref idref="oc-73"/>
      </symbol>
      <symbol id="sm-58">
         <name>mppt_two</name>
         <value>0xa95c</value>
         <object_component_ref idref="oc-73"/>
      </symbol>
      <symbol id="sm-60">
         <name>code_start</name>
         <value>0x80000</value>
         <object_component_ref idref="oc-30"/>
      </symbol>
      <symbol id="sm-7b">
         <name>Device_enableAllPeripherals</name>
         <value>0x82943</value>
         <object_component_ref idref="oc-6d"/>
      </symbol>
      <symbol id="sm-7c">
         <name>Device_initGPIO</name>
         <value>0x82a2e</value>
         <object_component_ref idref="oc-6d"/>
      </symbol>
      <symbol id="sm-7d">
         <name>Example_Fail</name>
         <value>0xa8bc</value>
         <object_component_ref idref="oc-f3"/>
      </symbol>
      <symbol id="sm-7e">
         <name>Example_setResultFail</name>
         <value>0x82adc</value>
         <object_component_ref idref="oc-6d"/>
      </symbol>
      <symbol id="sm-7f">
         <name>Device_init</name>
         <value>0x82912</value>
         <object_component_ref idref="oc-6d"/>
      </symbol>
      <symbol id="sm-80">
         <name>Example_Result</name>
         <value>0xa8b8</value>
         <object_component_ref idref="oc-f3"/>
      </symbol>
      <symbol id="sm-81">
         <name>Device_enableUnbondedGPIOPullups</name>
         <value>0x82a89</value>
         <object_component_ref idref="oc-6d"/>
      </symbol>
      <symbol id="sm-82">
         <name>__error__</name>
         <value>0x82ad0</value>
         <object_component_ref idref="oc-6d"/>
      </symbol>
      <symbol id="sm-83">
         <name>Example_setResultPass</name>
         <value>0x82ad7</value>
         <object_component_ref idref="oc-6d"/>
      </symbol>
      <symbol id="sm-84">
         <name>Device_configureTMXAnalogTrim</name>
         <value>0x82a9f</value>
         <object_component_ref idref="oc-6d"/>
      </symbol>
      <symbol id="sm-85">
         <name>Device_enableUnbondedGPIOPullupsFor176Pin</name>
         <value>0x82a4f</value>
         <object_component_ref idref="oc-6d"/>
      </symbol>
      <symbol id="sm-86">
         <name>Example_done</name>
         <value>0x82ae1</value>
         <object_component_ref idref="oc-6d"/>
      </symbol>
      <symbol id="sm-87">
         <name>Example_PassCount</name>
         <value>0xa8ba</value>
         <object_component_ref idref="oc-f3"/>
      </symbol>
      <symbol id="sm-88">
         <name>Device_enableUnbondedGPIOPullupsFor100Pin</name>
         <value>0x82a66</value>
         <object_component_ref idref="oc-6d"/>
      </symbol>
      <symbol id="sm-a0">
         <name>determine_cc_cv</name>
         <value>0x83096</value>
         <object_component_ref idref="oc-85"/>
      </symbol>
      <symbol id="sm-a1">
         <name>init_battery</name>
         <value>0x83069</value>
         <object_component_ref idref="oc-85"/>
      </symbol>
      <symbol id="sm-a2">
         <name>determine_battery_state</name>
         <value>0x830ca</value>
         <object_component_ref idref="oc-85"/>
      </symbol>
      <symbol id="sm-a3">
         <name>update_battery</name>
         <value>0x8307b</value>
         <object_component_ref idref="oc-85"/>
      </symbol>
      <symbol id="sm-b5">
         <name>mppt_update_values</name>
         <value>0x82e78</value>
         <object_component_ref idref="oc-7c"/>
      </symbol>
      <symbol id="sm-b6">
         <name>mppt_init</name>
         <value>0x82e3f</value>
         <object_component_ref idref="oc-7c"/>
      </symbol>
      <symbol id="sm-b7">
         <name>mppt_calculate</name>
         <value>0x82ed6</value>
         <object_component_ref idref="oc-7c"/>
      </symbol>
      <symbol id="sm-c4">
         <name>PID_calculate_integral</name>
         <value>0x82f4c</value>
         <object_component_ref idref="oc-76"/>
      </symbol>
      <symbol id="sm-c5">
         <name>PID_init</name>
         <value>0x82f05</value>
         <object_component_ref idref="oc-76"/>
      </symbol>
      <symbol id="sm-c6">
         <name>PID_calculate_derivative</name>
         <value>0x82f6c</value>
         <object_component_ref idref="oc-76"/>
      </symbol>
      <symbol id="sm-c7">
         <name>PID_calculate_error</name>
         <value>0x82f3c</value>
         <object_component_ref idref="oc-76"/>
      </symbol>
      <symbol id="sm-c8">
         <name>PID_calculate</name>
         <value>0x82f86</value>
         <object_component_ref idref="oc-76"/>
      </symbol>
      <symbol id="sm-104">
         <name>update_conversion</name>
         <value>0x827e6</value>
         <object_component_ref idref="oc-9d"/>
      </symbol>
      <symbol id="sm-105">
         <name>adc_convert_to_v</name>
         <value>0x827d4</value>
         <object_component_ref idref="oc-9d"/>
      </symbol>
      <symbol id="sm-106">
         <name>get_buck_stepped_down_v</name>
         <value>0x82756</value>
         <object_component_ref idref="oc-9d"/>
      </symbol>
      <symbol id="sm-107">
         <name>adc_convert_to_mv</name>
         <value>0x827c4</value>
         <object_component_ref idref="oc-9d"/>
      </symbol>
      <symbol id="sm-108">
         <name>init_adc</name>
         <value>0x826c6</value>
         <object_component_ref idref="oc-9d"/>
      </symbol>
      <symbol id="sm-109">
         <name>update_output_buck_conversions</name>
         <value>0x82895</value>
         <object_component_ref idref="oc-9d"/>
      </symbol>
      <symbol id="sm-10a">
         <name>get_buck_v</name>
         <value>0x8273f</value>
         <object_component_ref idref="oc-9d"/>
      </symbol>
      <symbol id="sm-10b">
         <name>get_mppt_stepped_down_v</name>
         <value>0x82785</value>
         <object_component_ref idref="oc-9d"/>
      </symbol>
      <symbol id="sm-10c">
         <name>get_mppt_i</name>
         <value>0x8279d</value>
         <object_component_ref idref="oc-9d"/>
      </symbol>
      <symbol id="sm-10d">
         <name>get_mppt_v</name>
         <value>0x8276d</value>
         <object_component_ref idref="oc-9d"/>
      </symbol>
      <symbol id="sm-10e">
         <name>get_battery_v</name>
         <value>0x827b5</value>
         <object_component_ref idref="oc-9d"/>
      </symbol>
      <symbol id="sm-10f">
         <name>get_battery_i</name>
         <value>0x827bf</value>
         <object_component_ref idref="oc-9d"/>
      </symbol>
      <symbol id="sm-110">
         <name>update_mppt_conversions</name>
         <value>0x8289e</value>
         <object_component_ref idref="oc-9d"/>
      </symbol>
      <symbol id="sm-111">
         <name>update_battery_conversions</name>
         <value>0x828af</value>
         <object_component_ref idref="oc-9d"/>
      </symbol>
      <symbol id="sm-112">
         <name>get_battery_stepped_down_v</name>
         <value>0x827ba</value>
         <object_component_ref idref="oc-9d"/>
      </symbol>
      <symbol id="sm-184">
         <name>initEPWM3</name>
         <value>0x823d2</value>
         <object_component_ref idref="oc-a3"/>
      </symbol>
      <symbol id="sm-185">
         <name>initEPWM1</name>
         <value>0x82305</value>
         <object_component_ref idref="oc-a3"/>
      </symbol>
      <symbol id="sm-186">
         <name>get_duty_cycle</name>
         <value>0x82606</value>
         <object_component_ref idref="oc-a3"/>
      </symbol>
      <symbol id="sm-187">
         <name>initEPWMGPIO</name>
         <value>0x822b3</value>
         <object_component_ref idref="oc-a3"/>
      </symbol>
      <symbol id="sm-188">
         <name>change_pwm_duty_cycle</name>
         <value>0x82566</value>
         <object_component_ref idref="oc-a3"/>
      </symbol>
      <symbol id="sm-189">
         <name>initEPWM</name>
         <value>0x82463</value>
         <object_component_ref idref="oc-a3"/>
      </symbol>
      <symbol id="sm-19a">
         <name>init_led5</name>
         <value>0x833eb</value>
         <object_component_ref idref="oc-97"/>
      </symbol>
      <symbol id="sm-19b">
         <name>toggle_led</name>
         <value>0x8340a</value>
         <object_component_ref idref="oc-97"/>
      </symbol>
      <symbol id="sm-1c3">
         <name>get_pid_active</name>
         <value>0x83053</value>
         <object_component_ref idref="oc-64"/>
      </symbol>
      <symbol id="sm-1c4">
         <name>PID_Timer_ISR</name>
         <value>0x83399</value>
         <object_component_ref idref="oc-3b"/>
      </symbol>
      <symbol id="sm-1c5">
         <name>cpuTimer0ISR</name>
         <value>0x83361</value>
         <object_component_ref idref="oc-3b"/>
      </symbol>
      <symbol id="sm-1c6">
         <name>MPPT_Timer_ISR</name>
         <value>0x833aa</value>
         <object_component_ref idref="oc-3b"/>
      </symbol>
      <symbol id="sm-1c7">
         <name>init_timer</name>
         <value>0x83013</value>
         <object_component_ref idref="oc-64"/>
      </symbol>
      <symbol id="sm-1c8">
         <name>set_pid_active</name>
         <value>0x83057</value>
         <object_component_ref idref="oc-64"/>
      </symbol>
      <symbol id="sm-1c9">
         <name>set_mppt_active</name>
         <value>0x83062</value>
         <object_component_ref idref="oc-64"/>
      </symbol>
      <symbol id="sm-1ca">
         <name>get_mppt_active</name>
         <value>0x8305e</value>
         <object_component_ref idref="oc-64"/>
      </symbol>
      <symbol id="sm-1e4">
         <name>CPUTimer_setEmulationMode</name>
         <value>0x83712</value>
         <object_component_ref idref="oc-d8"/>
      </symbol>
      <symbol id="sm-1fe">
         <name>EPWM_setEmulationMode</name>
         <value>0x836fc</value>
         <object_component_ref idref="oc-147"/>
      </symbol>
      <symbol id="sm-278">
         <name>Flash_initModule</name>
         <value>0x8000</value>
         <object_component_ref idref="oc-e1"/>
      </symbol>
      <symbol id="sm-2aa">
         <name>GPIO_setPadConfig</name>
         <value>0x8340e</value>
         <object_component_ref idref="oc-12d"/>
      </symbol>
      <symbol id="sm-2ab">
         <name>GPIO_setDirectionMode</name>
         <value>0x8354f</value>
         <object_component_ref idref="oc-133"/>
      </symbol>
      <symbol id="sm-2ac">
         <name>GPIO_setPinConfig</name>
         <value>0x834e4</value>
         <object_component_ref idref="oc-141"/>
      </symbol>
      <symbol id="sm-2fe">
         <name>Interrupt_initModule</name>
         <value>0x834a7</value>
         <object_component_ref idref="oc-8b"/>
      </symbol>
      <symbol id="sm-2ff">
         <name>Interrupt_enable</name>
         <value>0x8351b</value>
         <object_component_ref idref="oc-a9"/>
      </symbol>
      <symbol id="sm-300">
         <name>Interrupt_initVectorTable</name>
         <value>0x83657</value>
         <object_component_ref idref="oc-91"/>
      </symbol>
      <symbol id="sm-35f">
         <name>SysCtl_delay</name>
         <value>0x812b</value>
         <object_component_ref idref="oc-13b"/>
      </symbol>
      <symbol id="sm-360">
         <name>SysCtl_getDeviceParametric</name>
         <value>0x8329b</value>
         <object_component_ref idref="oc-e7"/>
      </symbol>
      <symbol id="sm-361">
         <name>SysCtl_selectOscSource</name>
         <value>0x83303</value>
         <object_component_ref idref="oc-20a"/>
      </symbol>
      <symbol id="sm-362">
         <name>SysCtl_setClock</name>
         <value>0x82ae2</value>
         <object_component_ref idref="oc-ed"/>
      </symbol>
      <symbol id="sm-36c">
         <name>_c_int00</name>
         <value>0x836e5</value>
         <object_component_ref idref="oc-5e"/>
      </symbol>
      <symbol id="sm-36d">
         <name>__stack</name>
         <value>0x400</value>
         <object_component_ref idref="oc-47"/>
      </symbol>
      <symbol id="sm-379">
         <name>__c28xabi_cmpd</name>
         <value>0x835dc</value>
         <object_component_ref idref="oc-10b"/>
      </symbol>
      <symbol id="sm-387">
         <name>__c28xabi_mpyd</name>
         <value>0x83218</value>
         <object_component_ref idref="oc-153"/>
      </symbol>
      <symbol id="sm-392">
         <name>__c28xabi_dtoul</name>
         <value>0x836b0</value>
         <object_component_ref idref="oc-158"/>
      </symbol>
      <symbol id="sm-39f">
         <name>__c28xabi_divf</name>
         <value>0x83190</value>
         <object_component_ref idref="oc-fa"/>
      </symbol>
      <symbol id="sm-3ab">
         <name>__c28xabi_ftod</name>
         <value>0x83694</value>
         <object_component_ref idref="oc-105"/>
      </symbol>
      <symbol id="sm-3be">
         <name>__c28xabi_divd</name>
         <value>0x83105</value>
         <object_component_ref idref="oc-14e"/>
      </symbol>
      <symbol id="sm-3d0">
         <name>memcpy</name>
         <value>0x83677</value>
         <object_component_ref idref="oc-4a"/>
      </symbol>
      <symbol id="sm-3dd">
         <name>_system_pre_init</name>
         <value>0x837bd</value>
         <object_component_ref idref="oc-c4"/>
      </symbol>
      <symbol id="sm-3ec">
         <name>__TI_auto_init_nobinit_nopinit</name>
         <value>0x835b1</value>
         <object_component_ref idref="oc-179"/>
      </symbol>
      <symbol id="sm-3fb">
         <name>__TI_zero_init_nomemset</name>
         <value>0x8377b</value>
         <object_component_ref idref="oc-52"/>
      </symbol>
      <symbol id="sm-408">
         <name>__TI_decompress_none</name>
         <value>0x837b1</value>
         <object_component_ref idref="oc-29"/>
      </symbol>
      <symbol id="sm-41c">
         <name>__TI_decompress_lzss</name>
         <value>0x83580</value>
         <object_component_ref idref="oc-23"/>
      </symbol>
      <symbol id="sm-432">
         <name>C$$EXIT</name>
         <value>0x83606</value>
         <object_component_ref idref="oc-d1"/>
      </symbol>
      <symbol id="sm-433">
         <name>abort</name>
         <value>0x83606</value>
         <object_component_ref idref="oc-d1"/>
      </symbol>
      <symbol id="sm-434">
         <name>exit</name>
         <value>0x83608</value>
         <object_component_ref idref="oc-d1"/>
      </symbol>
      <symbol id="sm-435">
         <name>__TI_dtors_ptr</name>
         <value>0xa8c4</value>
         <object_component_ref idref="oc-1ab"/>
      </symbol>
      <symbol id="sm-436">
         <name>__TI_cleanup_ptr</name>
         <value>0xa8c2</value>
         <object_component_ref idref="oc-1ab"/>
      </symbol>
      <symbol id="sm-437">
         <name>__TI_enable_exit_profile_output</name>
         <value>0xa8c0</value>
         <object_component_ref idref="oc-1ab"/>
      </symbol>
      <symbol id="sm-44e">
         <name>_nop</name>
         <value>0x837b0</value>
         <object_component_ref idref="oc-274"/>
      </symbol>
      <symbol id="sm-44f">
         <name>_lock</name>
         <value>0xa8be</value>
         <object_component_ref idref="oc-1ae"/>
      </symbol>
      <symbol id="sm-450">
         <name>_unlock</name>
         <value>0xa8c6</value>
         <object_component_ref idref="oc-2a7"/>
      </symbol>
      <symbol id="sm-451">
         <name>_register_lock</name>
         <value>0x837ac</value>
         <object_component_ref idref="oc-274"/>
      </symbol>
      <symbol id="sm-452">
         <name>_register_unlock</name>
         <value>0x837a8</value>
         <object_component_ref idref="oc-274"/>
      </symbol>
      <symbol id="sm-461">
         <name>_args_main</name>
         <value>0x83788</value>
         <object_component_ref idref="oc-cb"/>
      </symbol>
      <symbol id="sm-470">
         <name>_system_post_cinit</name>
         <value>0x837bf</value>
         <object_component_ref idref="oc-25a"/>
      </symbol>
      <symbol id="sm-472">
         <name>__c_args__</name>
         <value>0x0</value>
      </symbol>
   </symbol_table>
   <title>Link successful</title>
</link_info>
